Archive member included to satisfy reference by file (symbol)

d:/program/embedded/gcc-arm-none-eabi/bin/../lib/gcc/arm-none-eabi/10.3.1/thumb/v7-m/nofp\libgcc.a(_arm_muldf3.o)
                              CMakeFiles/St1x.elf.dir/Hardware/St1xADC.c.obj (__aeabi_dmul)
d:/program/embedded/gcc-arm-none-eabi/bin/../lib/gcc/arm-none-eabi/10.3.1/thumb/v7-m/nofp\libgcc.a(_arm_mulsf3.o)
                              CMakeFiles/St1x.elf.dir/Hardware/pid.c.obj (__aeabi_fmul)
d:/program/embedded/gcc-arm-none-eabi/bin/../lib/gcc/arm-none-eabi/10.3.1/thumb/v7-m/nofp\libgcc.a(_arm_addsubdf3.o)
                              CMakeFiles/St1x.elf.dir/Hardware/St1xADC.c.obj (__aeabi_ui2d)
d:/program/embedded/gcc-arm-none-eabi/bin/../lib/gcc/arm-none-eabi/10.3.1/thumb/v7-m/nofp\libgcc.a(_arm_muldivdf3.o)
                              CMakeFiles/St1x.elf.dir/Hardware/St1xADC.c.obj (__aeabi_ddiv)
d:/program/embedded/gcc-arm-none-eabi/bin/../lib/gcc/arm-none-eabi/10.3.1/thumb/v7-m/nofp\libgcc.a(_arm_truncdfsf2.o)
                              CMakeFiles/St1x.elf.dir/Hardware/u8g2_oled.c.obj (__aeabi_d2f)
d:/program/embedded/gcc-arm-none-eabi/bin/../lib/gcc/arm-none-eabi/10.3.1/thumb/v7-m/nofp\libgcc.a(_arm_addsubsf3.o)
                              CMakeFiles/St1x.elf.dir/Hardware/pid.c.obj (__aeabi_fsub)
d:/program/embedded/gcc-arm-none-eabi/bin/../lib/gcc/arm-none-eabi/10.3.1/thumb/v7-m/nofp\libgcc.a(_arm_muldivsf3.o)
                              CMakeFiles/St1x.elf.dir/Hardware/pid.c.obj (__aeabi_fdiv)
d:/program/embedded/gcc-arm-none-eabi/bin/../lib/gcc/arm-none-eabi/10.3.1/thumb/v7-m/nofp\libgcc.a(_arm_cmpsf2.o)
                              CMakeFiles/St1x.elf.dir/Hardware/pid.c.obj (__aeabi_fcmplt)
d:/program/embedded/gcc-arm-none-eabi/bin/../lib/gcc/arm-none-eabi/10.3.1/../../../../arm-none-eabi/lib/thumb/v7-m/nofp\libg.a(lib_a-errno.o)
                              CMakeFiles/St1x.elf.dir/Core/Src/syscalls.c.obj (__errno)
d:/program/embedded/gcc-arm-none-eabi/bin/../lib/gcc/arm-none-eabi/10.3.1/../../../../arm-none-eabi/lib/thumb/v7-m/nofp\libg.a(lib_a-exit.o)
                              d:/program/embedded/gcc-arm-none-eabi/bin/../lib/gcc/arm-none-eabi/10.3.1/../../../../arm-none-eabi/lib/thumb/v7-m/nofp/crt0.o (exit)
d:/program/embedded/gcc-arm-none-eabi/bin/../lib/gcc/arm-none-eabi/10.3.1/../../../../arm-none-eabi/lib/thumb/v7-m/nofp\libg.a(lib_a-impure.o)
                              d:/program/embedded/gcc-arm-none-eabi/bin/../lib/gcc/arm-none-eabi/10.3.1/../../../../arm-none-eabi/lib/thumb/v7-m/nofp\libg.a(lib_a-exit.o) (_global_impure_ptr)
d:/program/embedded/gcc-arm-none-eabi/bin/../lib/gcc/arm-none-eabi/10.3.1/../../../../arm-none-eabi/lib/thumb/v7-m/nofp\libg.a(lib_a-init.o)
                              d:/program/embedded/gcc-arm-none-eabi/bin/../lib/gcc/arm-none-eabi/10.3.1/../../../../arm-none-eabi/lib/thumb/v7-m/nofp/crt0.o (__libc_init_array)
d:/program/embedded/gcc-arm-none-eabi/bin/../lib/gcc/arm-none-eabi/10.3.1/../../../../arm-none-eabi/lib/thumb/v7-m/nofp\libg.a(lib_a-memset.o)
                              d:/program/embedded/gcc-arm-none-eabi/bin/../lib/gcc/arm-none-eabi/10.3.1/../../../../arm-none-eabi/lib/thumb/v7-m/nofp/crt0.o (memset)
d:/program/embedded/gcc-arm-none-eabi/bin/../lib/gcc/arm-none-eabi/10.3.1/../../../../arm-none-eabi/lib/thumb/v7-m/nofp\libg.a(lib_a-printf.o)
                              CMakeFiles/St1x.elf.dir/Hardware/St1xADC.c.obj (printf)
d:/program/embedded/gcc-arm-none-eabi/bin/../lib/gcc/arm-none-eabi/10.3.1/../../../../arm-none-eabi/lib/thumb/v7-m/nofp\libg.a(lib_a-puts.o)
                              CMakeFiles/St1x.elf.dir/Hardware/LED.c.obj (puts)
d:/program/embedded/gcc-arm-none-eabi/bin/../lib/gcc/arm-none-eabi/10.3.1/../../../../arm-none-eabi/lib/thumb/v7-m/nofp\libg.a(lib_a-sprintf.o)
                              CMakeFiles/St1x.elf.dir/Hardware/St1xADC.c.obj (sprintf)
d:/program/embedded/gcc-arm-none-eabi/bin/../lib/gcc/arm-none-eabi/10.3.1/../../../../arm-none-eabi/lib/thumb/v7-m/nofp\libg.a(lib_a-strlen-stub.o)
                              CMakeFiles/St1x.elf.dir/Hardware/oled.c.obj (strlen)
d:/program/embedded/gcc-arm-none-eabi/bin/../lib/gcc/arm-none-eabi/10.3.1/../../../../arm-none-eabi/lib/thumb/v7-m/nofp\libg.a(lib_a-svfprintf.o)
                              d:/program/embedded/gcc-arm-none-eabi/bin/../lib/gcc/arm-none-eabi/10.3.1/../../../../arm-none-eabi/lib/thumb/v7-m/nofp\libg.a(lib_a-sprintf.o) (_svfprintf_r)
d:/program/embedded/gcc-arm-none-eabi/bin/../lib/gcc/arm-none-eabi/10.3.1/../../../../arm-none-eabi/lib/thumb/v7-m/nofp\libg.a(lib_a-vfprintf.o)
                              d:/program/embedded/gcc-arm-none-eabi/bin/../lib/gcc/arm-none-eabi/10.3.1/../../../../arm-none-eabi/lib/thumb/v7-m/nofp\libg.a(lib_a-printf.o) (_vfprintf_r)
d:/program/embedded/gcc-arm-none-eabi/bin/../lib/gcc/arm-none-eabi/10.3.1/../../../../arm-none-eabi/lib/thumb/v7-m/nofp\libg.a(lib_a-vsnprintf.o)
[...]
Memory Configuration

Name             Origin             Length             Attributes
RAM              0x20000000         0x00005000         xrw
FLASH            0x08000000         0x00020000         xr
*default*        0x00000000         0xffffffff

Linker script and memory map

LOAD d:/program/embedded/gcc-arm-none-eabi/bin/../lib/gcc/arm-none-eabi/10.3.1/thumb/v7-m/nofp/crti.o
LOAD d:/program/embedded/gcc-arm-none-eabi/bin/../lib/gcc/arm-none-eabi/10.3.1/thumb/v7-m/nofp/crtbegin.o
LOAD d:/program/embedded/gcc-arm-none-eabi/bin/../lib/gcc/arm-none-eabi/10.3.1/../../../../arm-none-eabi/lib/thumb/v7-m/nofp/crt0.o
LOAD CMakeFiles/St1x.elf.dir/Core/Src/adc.c.obj
LOAD CMakeFiles/St1x.elf.dir/Core/Src/dma.c.obj
LOAD CMakeFiles/St1x.elf.dir/Core/Src/gpio.c.obj
LOAD CMakeFiles/St1x.elf.dir/Core/Src/i2c.c.obj
LOAD CMakeFiles/St1x.elf.dir/Core/Src/main.c.obj
LOAD CMakeFiles/St1x.elf.dir/Core/Src/spi.c.obj
LOAD CMakeFiles/St1x.elf.dir/Core/Src/stm32f1xx_hal_msp.c.obj
LOAD CMakeFiles/St1x.elf.dir/Core/Src/stm32f1xx_it.c.obj
LOAD CMakeFiles/St1x.elf.dir/Core/Src/syscalls.c.obj
LOAD CMakeFiles/St1x.elf.dir/Core/Src/sysmem.c.obj
LOAD CMakeFiles/St1x.elf.dir/Core/Src/system_stm32f1xx.c.obj
LOAD CMakeFiles/St1x.elf.dir/Core/Src/tim.c.obj
LOAD CMakeFiles/St1x.elf.dir/Core/Src/usart.c.obj
LOAD CMakeFiles/St1x.elf.dir/Core/Startup/startup_stm32f103cbtx.s.obj
LOAD CMakeFiles/St1x.elf.dir/Drivers/STM32F1xx_HAL_Driver/Src/stm32f1xx_hal.c.obj
LOAD CMakeFiles/St1x.elf.dir/Drivers/STM32F1xx_HAL_Driver/Src/stm32f1xx_hal_adc.c.obj
LOAD CMakeFiles/St1x.elf.dir/Drivers/STM32F1xx_HAL_Driver/Src/stm32f1xx_hal_adc_ex.c.obj
LOAD CMakeFiles/St1x.elf.dir/Drivers/STM32F1xx_HAL_Driver/Src/stm32f1xx_hal_cortex.c.obj
LOAD CMakeFiles/St1x.elf.dir/Drivers/STM32F1xx_HAL_Driver/Src/stm32f1xx_hal_dma.c.obj
LOAD CMakeFiles/St1x.elf.dir/Drivers/STM32F1xx_HAL_Driver/Src/stm32f1xx_hal_exti.c.obj
LOAD CMakeFiles/St1x.elf.dir/Drivers/STM32F1xx_HAL_Driver/Src/stm32f1xx_hal_flash.c.obj
LOAD CMakeFiles/St1x.elf.dir/Drivers/STM32F1xx_HAL_Driver/Src/stm32f1xx_hal_flash_ex.c.obj
LOAD CMakeFiles/St1x.elf.dir/Drivers/STM32F1xx_HAL_Driver/Src/stm32f1xx_hal_gpio.c.obj
LOAD CMakeFiles/St1x.elf.dir/Drivers/STM32F1xx_HAL_Driver/Src/stm32f1xx_hal_gpio_ex.c.obj
LOAD CMakeFiles/St1x.elf.dir/Drivers/STM32F1xx_HAL_Driver/Src/stm32f1xx_hal_i2c.c.obj
LOAD CMakeFiles/St1x.elf.dir/Drivers/STM32F1xx_HAL_Driver/Src/stm32f1xx_hal_pcd.c.obj
LOAD CMakeFiles/St1x.elf.dir/Drivers/STM32F1xx_HAL_Driver/Src/stm32f1xx_hal_pcd_ex.c.obj
LOAD CMakeFiles/St1x.elf.dir/Drivers/STM32F1xx_HAL_Driver/Src/stm32f1xx_hal_pwr.c.obj
LOAD CMakeFiles/St1x.elf.dir/Drivers/STM32F1xx_HAL_Driver/Src/stm32f1xx_hal_rcc.c.obj
LOAD CMakeFiles/St1x.elf.dir/Drivers/STM32F1xx_HAL_Driver/Src/stm32f1xx_hal_rcc_ex.c.obj
LOAD CMakeFiles/St1x.elf.dir/Drivers/STM32F1xx_HAL_Driver/Src/stm32f1xx_hal_spi.c.obj
LOAD CMakeFiles/St1x.elf.dir/Drivers/STM32F1xx_HAL_Driver/Src/stm32f1xx_hal_tim.c.obj
LOAD CMakeFiles/St1x.elf.dir/Drivers/STM32F1xx_HAL_Driver/Src/stm32f1xx_hal_tim_ex.c.obj
LOAD CMakeFiles/St1x.elf.dir/Drivers/STM32F1xx_HAL_Driver/Src/stm32f1xx_hal_uart.c.obj
LOAD CMakeFiles/St1x.elf.dir/Drivers/STM32F1xx_HAL_Driver/Src/stm32f1xx_ll_usb.c.obj
LOAD CMakeFiles/St1x.elf.dir/Hardware/Buzzer.c.obj
LOAD CMakeFiles/St1x.elf.dir/Hardware/LED.c.obj
LOAD CMakeFiles/St1x.elf.dir/Hardware/St1xADC.c.obj
LOAD CMakeFiles/St1x.elf.dir/Hardware/St1x_menu.c.obj
LOAD CMakeFiles/St1x.elf.dir/Hardware/key.c.obj
LOAD CMakeFiles/St1x.elf.dir/Hardware/menu.c.obj
LOAD CMakeFiles/St1x.elf.dir/Hardware/multi_button.c.obj
LOAD CMakeFiles/St1x.elf.dir/Hardware/oled.c.obj
LOAD CMakeFiles/St1x.elf.dir/Hardware/pid.c.obj
LOAD CMakeFiles/St1x.elf.dir/Hardware/u8g2Lib/mui.c.obj
LOAD CMakeFiles/St1x.elf.dir/Hardware/u8g2Lib/mui_u8g2.c.obj
LOAD CMakeFiles/St1x.elf.dir/Hardware/u8g2Lib/u8g2_bitmap.c.obj
LOAD CMakeFiles/St1x.elf.dir/Hardware/u8g2Lib/u8g2_box.c.obj
LOAD CMakeFiles/St1x.elf.dir/Hardware/u8g2Lib/u8g2_buffer.c.obj
LOAD CMakeFiles/St1x.elf.dir/Hardware/u8g2Lib/u8g2_button.c.obj
LOAD CMakeFiles/St1x.elf.dir/Hardware/u8g2Lib/u8g2_circle.c.obj
LOAD CMakeFiles/St1x.elf.dir/Hardware/u8g2Lib/u8g2_cleardisplay.c.obj
LOAD CMakeFiles/St1x.elf.dir/Hardware/u8g2Lib/u8g2_d_memory.c.obj
LOAD CMakeFiles/St1x.elf.dir/Hardware/u8g2Lib/u8g2_d_setup.c.obj
LOAD CMakeFiles/St1x.elf.dir/Hardware/u8g2Lib/u8g2_font.c.obj
LOAD CMakeFiles/St1x.elf.dir/Hardware/u8g2Lib/u8g2_fonts.c.obj
LOAD CMakeFiles/St1x.elf.dir/Hardware/u8g2Lib/u8g2_hvline.c.obj
LOAD CMakeFiles/St1x.elf.dir/Hardware/u8g2Lib/u8g2_input_value.c.obj
LOAD CMakeFiles/St1x.elf.dir/Hardware/u8g2Lib/u8g2_intersection.c.obj
LOAD CMakeFiles/St1x.elf.dir/Hardware/u8g2Lib/u8g2_kerning.c.obj
LOAD CMakeFiles/St1x.elf.dir/Hardware/u8g2Lib/u8g2_line.c.obj
LOAD CMakeFiles/St1x.elf.dir/Hardware/u8g2Lib/u8g2_ll_hvline.c.obj
LOAD CMakeFiles/St1x.elf.dir/Hardware/u8g2Lib/u8g2_message.c.obj
LOAD CMakeFiles/St1x.elf.dir/Hardware/u8g2Lib/u8g2_polygon.c.obj
LOAD CMakeFiles/St1x.elf.dir/Hardware/u8g2Lib/u8g2_selection_list.c.obj
LOAD CMakeFiles/St1x.elf.dir/Hardware/u8g2Lib/u8g2_setup.c.obj
LOAD CMakeFiles/St1x.elf.dir/Hardware/u8g2Lib/u8log.c.obj
LOAD CMakeFiles/St1x.elf.dir/Hardware/u8g2Lib/u8log_u8g2.c.obj
LOAD CMakeFiles/St1x.elf.dir/Hardware/u8g2Lib/u8log_u8x8.c.obj
LOAD CMakeFiles/St1x.elf.dir/Hardware/u8g2Lib/u8x8_8x8.c.obj
LOAD CMakeFiles/St1x.elf.dir/Hardware/u8g2Lib/u8x8_byte.c.obj
LOAD CMakeFiles/St1x.elf.dir/Hardware/u8g2Lib/u8x8_cad.c.obj
LOAD CMakeFiles/St1x.elf.dir/Hardware/u8g2Lib/u8x8_capture.c.obj
LOAD CMakeFiles/St1x.elf.dir/Hardware/u8g2Lib/u8x8_d_sh1107.c.obj
LOAD CMakeFiles/St1x.elf.dir/Hardware/u8g2Lib/u8x8_debounce.c.obj
LOAD CMakeFiles/St1x.elf.dir/Hardware/u8g2Lib/u8x8_display.c.obj
LOAD CMakeFiles/St1x.elf.dir/Hardware/u8g2Lib/u8x8_fonts.c.obj
LOAD CMakeFiles/St1x.elf.dir/Hardware/u8g2Lib/u8x8_gpio.c.obj
LOAD CMakeFiles/St1x.elf.dir/Hardware/u8g2Lib/u8x8_input_value.c.obj
LOAD CMakeFiles/St1x.elf.dir/Hardware/u8g2Lib/u8x8_message.c.obj
LOAD CMakeFiles/St1x.elf.dir/Hardware/u8g2Lib/u8x8_selection_list.c.obj
LOAD CMakeFiles/St1x.elf.dir/Hardware/u8g2Lib/u8x8_setup.c.obj
LOAD CMakeFiles/St1x.elf.dir/Hardware/u8g2Lib/u8x8_string.c.obj
LOAD CMakeFiles/St1x.elf.dir/Hardware/u8g2Lib/u8x8_u16toa.c.obj
LOAD CMakeFiles/St1x.elf.dir/Hardware/u8g2Lib/u8x8_u8toa.c.obj
LOAD CMakeFiles/St1x.elf.dir/Hardware/u8g2_oled.c.obj
LOAD CMakeFiles/St1x.elf.dir/Hardware/ws2812.c.obj
LOAD CMakeFiles/St1x.elf.dir/Middlewares/ST/STM32_USB_Device_Library/Class/CustomHID/Src/usbd_customhid.c.obj
LOAD CMakeFiles/St1x.elf.dir/Middlewares/ST/STM32_USB_Device_Library/Core/Src/usbd_core.c.obj
LOAD CMakeFiles/St1x.elf.dir/Middlewares/ST/STM32_USB_Device_Library/Core/Src/usbd_ctlreq.c.obj
LOAD CMakeFiles/St1x.elf.dir/Middlewares/ST/STM32_USB_Device_Library/Core/Src/usbd_ioreq.c.obj
LOAD CMakeFiles/St1x.elf.dir/USB_DEVICE/App/usb_device.c.obj
LOAD CMakeFiles/St1x.elf.dir/USB_DEVICE/App/usbd_custom_hid_if.c.obj
LOAD CMakeFiles/St1x.elf.dir/USB_DEVICE/App/usbd_desc.c.obj
LOAD CMakeFiles/St1x.elf.dir/USB_DEVICE/Target/usbd_conf.c.obj
START GROUP
LOAD d:/program/embedded/gcc-arm-none-eabi/bin/../lib/gcc/arm-none-eabi/10.3.1/thumb/v7-m/nofp\libgcc.a
LOAD d:/program/embedded/gcc-arm-none-eabi/bin/../lib/gcc/arm-none-eabi/10.3.1/../../../../arm-none-eabi/lib/thumb/v7-m/nofp\libg.a
LOAD d:/program/embedded/gcc-arm-none-eabi/bin/../lib/gcc/arm-none-eabi/10.3.1/../../../../arm-none-eabi/lib/thumb/v7-m/nofp\libc.a
END GROUP
LOAD d:/program/embedded/gcc-arm-none-eabi/bin/../lib/gcc/arm-none-eabi/10.3.1/thumb/v7-m/nofp/crtend.o
LOAD d:/program/embedded/gcc-arm-none-eabi/bin/../lib/gcc/arm-none-eabi/10.3.1/thumb/v7-m/nofp/crtn.o
                0x20005000                _estack = (ORIGIN (RAM) + LENGTH (RAM))
                0x00000200                _Min_Heap_Size = 0x200
                0x00000400                _Min_Stack_Size = 0x400

.isr_vector     0x08000000      0x10c
                0x08000000                . = ALIGN (0x4)
 *(.isr_vector)
 .isr_vector    0x08000000      0x10c CMakeFiles/St1x.elf.dir/Core/Startup/startup_stm32f103cbtx.s.obj
                0x08000000                g_pfnVectors
                0x0800010c                . = ALIGN (0x4)

.text           0x08000110    0x1107c
                0x08000110                . = ALIGN (0x4)
 *(.text)
 .text          0x08000110       0x40 d:/program/embedded/gcc-arm-none-eabi/bin/../lib/gcc/arm-none-eabi/10.3.1/thumb/v7-m/nofp/crtbegin.o
 .text          0x08000150      0x378 d:/program/embedded/gcc-arm-none-eabi/bin/../lib/gcc/arm-none-eabi/10.3.1/thumb/v7-m/nofp\libgcc.a(_arm_addsubdf3.o)
                0x08000150                __aeabi_drsub
                0x08000158                __subdf3
                0x08000158                __aeabi_dsub
                0x0800015c                __aeabi_dadd
                0x0800015c                __adddf3
                0x080003d4                __floatunsidf
                0x080003d4                __aeabi_ui2d
                0x080003f4                __aeabi_i2d
                0x080003f4                __floatsidf
                0x08000418                __extendsfdf2
                0x08000418                __aeabi_f2d
                0x0800045c                __floatundidf
                0x0800045c                __aeabi_ul2d
                0x0800046c                __aeabi_l2d
                0x0800046c                __floatdidf
 .text          0x080004c8      0x424 d:/program/embedded/gcc-arm-none-eabi/bin/../lib/gcc/arm-none-eabi/10.3.1/thumb/v7-m/nofp\libgcc.a(_arm_muldivdf3.o)
                0x080004c8                __aeabi_dmul
                0x080004c8                __muldf3
                0x0800071c                __divdf3
                0x0800071c                __aeabi_ddiv
 .text          0x080008ec       0xec d:/program/embedded/gcc-arm-none-eabi/bin/../lib/gcc/arm-none-eabi/10.3.1/../../../../arm-none-eabi/lib/thumb/v7-m/nofp\libg.a(lib_a-memcpy.o)
                0x080008ec                memcpy
 .text          0x080009d8      0x110 d:/program/embedded/gcc-arm-none-eabi/bin/../lib/gcc/arm-none-eabi/10.3.1/thumb/v7-m/nofp\libgcc.a(_arm_cmpdf2.o)
                0x080009d8                __gtdf2
                0x080009d8                __gedf2
                0x080009e0                __ltdf2
                0x080009e0                __ledf2
                0x080009e8                __nedf2
                0x080009e8                __cmpdf2
                0x080009e8                __eqdf2
                0x08000a64                __aeabi_cdrcmple
                0x08000a74                __aeabi_cdcmple
                0x08000a74                __aeabi_cdcmpeq
                0x08000a84                __aeabi_dcmpeq
                0x08000a98                __aeabi_dcmplt
                0x08000aac                __aeabi_dcmple
                0x08000ac0                __aeabi_dcmpge
                0x08000ad4                __aeabi_dcmpgt
 .text          0x08000ae8       0x2c d:/program/embedded/gcc-arm-none-eabi/bin/../lib/gcc/arm-none-eabi/10.3.1/thumb/v7-m/nofp\libgcc.a(_arm_unorddf2.o)
                0x08000ae8                __unorddf2
                0x08000ae8                __aeabi_dcmpun
 .text          0x08000b14       0x50 d:/program/embedded/gcc-arm-none-eabi/bin/../lib/gcc/arm-none-eabi/10.3.1/thumb/v7-m/nofp\libgcc.a(_arm_fixdfsi.o)
                0x08000b14                __fixdfsi
                0x08000b14                __aeabi_d2iz
 .text          0x08000b64       0x30 d:/program/embedded/gcc-arm-none-eabi/bin/../lib/gcc/arm-none-eabi/10.3.1/thumb/v7-m/nofp\libgcc.a(_aeabi_uldivmod.o)
                0x08000b64                __aeabi_uldivmod
 .text          0x08000b94      0x2d4 d:/program/embedded/gcc-arm-none-eabi/bin/../lib/gcc/arm-none-eabi/10.3.1/thumb/v7-m/nofp\libgcc.a(_udivmoddi4.o)
                0x08000b94                __udivmoddi4
 .text          0x08000e68        0x4 d:/program/embedded/gcc-arm-none-eabi/bin/../lib/gcc/arm-none-eabi/10.3.1/thumb/v7-m/nofp\libgcc.a(_dvmd_tls.o)
                0x08000e68                __aeabi_idiv0
                0x08000e68                __aeabi_ldiv0
 *(.text*)
 .text.MX_ADC1_Init
                0x08000e6c       0x78 CMakeFiles/St1x.elf.dir/Core/Src/adc.c.obj
                0x08000e6c                MX_ADC1_Init
 .text.HAL_ADC_MspInit
                0x08000ee4       0xc4 CMakeFiles/St1x.elf.dir/Core/Src/adc.c.obj
                0x08000ee4                HAL_ADC_MspInit
 .text.MX_DMA_Init
                0x08000fa8       0x74 CMakeFiles/St1x.elf.dir/Core/Src/dma.c.obj
                0x08000fa8                MX_DMA_Init
 .text.MX_GPIO_Init
                0x0800101c      0x188 CMakeFiles/St1x.elf.dir/Core/Src/gpio.c.obj
                0x0800101c                MX_GPIO_Init
 .text.MX_I2C1_Init
                0x080011a4       0x3c CMakeFiles/St1x.elf.dir/Core/Src/i2c.c.obj
                0x080011a4                MX_I2C1_Init
 .text.HAL_I2C_MspInit
                0x080011e0       0x9c CMakeFiles/St1x.elf.dir/Core/Src/i2c.c.obj
                0x080011e0                HAL_I2C_MspInit
 .text.Error_Handler
                0x0800127c        0x4 CMakeFiles/St1x.elf.dir/Core/Src/main.c.obj
                0x0800127c                Error_Handler
 .text.SystemClock_Config
                0x08001280       0x88 CMakeFiles/St1x.elf.dir/Core/Src/main.c.obj
                0x08001280                SystemClock_Config
 .text.main     0x08001308       0x84 CMakeFiles/St1x.elf.dir/Core/Src/main.c.obj
                0x08001308                main
 .text.MX_SPI2_Init
                0x0800138c       0x40 CMakeFiles/St1x.elf.dir/Core/Src/spi.c.obj
                0x0800138c                MX_SPI2_Init
 .text.HAL_SPI_MspInit
                0x080013cc       0xe0 CMakeFiles/St1x.elf.dir/Core/Src/spi.c.obj
                0x080013cc                HAL_SPI_MspInit
 .text.HAL_MspInit
                0x080014ac       0x44 CMakeFiles/St1x.elf.dir/Core/Src/stm32f1xx_hal_msp.c.obj
                0x080014ac                HAL_MspInit
 .text.NMI_Handler
                0x080014f0        0x2 CMakeFiles/St1x.elf.dir/Core/Src/stm32f1xx_it.c.obj
                0x080014f0                NMI_Handler
 .text.HardFault_Handler
                0x080014f2        0x2 CMakeFiles/St1x.elf.dir/Core/Src/stm32f1xx_it.c.obj
                0x080014f2                HardFault_Handler
 .text.MemManage_Handler
                0x080014f4        0x2 CMakeFiles/St1x.elf.dir/Core/Src/stm32f1xx_it.c.obj
                0x080014f4                MemManage_Handler
 .text.BusFault_Handler
                0x080014f6        0x2 CMakeFiles/St1x.elf.dir/Core/Src/stm32f1xx_it.c.obj
                0x080014f6                BusFault_Handler
 .text.UsageFault_Handler
                0x080014f8        0x2 CMakeFiles/St1x.elf.dir/Core/Src/stm32f1xx_it.c.obj
                0x080014f8                UsageFault_Handler
 .text.SVC_Handler
                0x080014fa        0x2 CMakeFiles/St1x.elf.dir/Core/Src/stm32f1xx_it.c.obj
                0x080014fa                SVC_Handler
 .text.DebugMon_Handler
                0x080014fc        0x2 CMakeFiles/St1x.elf.dir/Core/Src/stm32f1xx_it.c.obj
                0x080014fc                DebugMon_Handler
 .text.PendSV_Handler
                0x080014fe        0x2 CMakeFiles/St1x.elf.dir/Core/Src/stm32f1xx_it.c.obj
                0x080014fe                PendSV_Handler
 .text.SysTick_Handler
                0x08001500        0x8 CMakeFiles/St1x.elf.dir/Core/Src/stm32f1xx_it.c.obj
                0x08001500                SysTick_Handler
 .text.EXTI0_IRQHandler
                0x08001508        0xa CMakeFiles/St1x.elf.dir/Core/Src/stm32f1xx_it.c.obj
                0x08001508                EXTI0_IRQHandler
 .text.EXTI1_IRQHandler
                0x08001512        0xa CMakeFiles/St1x.elf.dir/Core/Src/stm32f1xx_it.c.obj
                0x08001512                EXTI1_IRQHandler
 .text.DMA1_Channel1_IRQHandler
                0x0800151c       0x10 CMakeFiles/St1x.elf.dir/Core/Src/stm32f1xx_it.c.obj
                0x0800151c                DMA1_Channel1_IRQHandler
 .text.DMA1_Channel4_IRQHandler
                0x0800152c       0x10 CMakeFiles/St1x.elf.dir/Core/Src/stm32f1xx_it.c.obj
                0x0800152c                DMA1_Channel4_IRQHandler
 .text.DMA1_Channel5_IRQHandler
                0x0800153c       0x10 CMakeFiles/St1x.elf.dir/Core/Src/stm32f1xx_it.c.obj
                0x0800153c                DMA1_Channel5_IRQHandler
 .text.DMA1_Channel6_IRQHandler
                0x0800154c       0x10 CMakeFiles/St1x.elf.dir/Core/Src/stm32f1xx_it.c.obj
                0x0800154c                DMA1_Channel6_IRQHandler
 .text.DMA1_Channel7_IRQHandler
                0x0800155c       0x10 CMakeFiles/St1x.elf.dir/Core/Src/stm32f1xx_it.c.obj
                0x0800155c                DMA1_Channel7_IRQHandler
 .text.USB_LP_CAN1_RX0_IRQHandler
                0x0800156c       0x10 CMakeFiles/St1x.elf.dir/Core/Src/stm32f1xx_it.c.obj
                0x0800156c                USB_LP_CAN1_RX0_IRQHandler
 .text.TIM1_UP_IRQHandler
                0x0800157c       0x10 CMakeFiles/St1x.elf.dir/Core/Src/stm32f1xx_it.c.obj
                0x0800157c                TIM1_UP_IRQHandler
 .text._getpid  0x0800158c        0x4 CMakeFiles/St1x.elf.dir/Core/Src/syscalls.c.obj
                0x0800158c                _getpid
 .text._kill    0x08001590       0x10 CMakeFiles/St1x.elf.dir/Core/Src/syscalls.c.obj
                0x08001590                _kill
 .text._exit    0x080015a0        0xc CMakeFiles/St1x.elf.dir/Core/Src/syscalls.c.obj
                0x080015a0                _exit
 .text._read    0x080015ac       0x20 CMakeFiles/St1x.elf.dir/Core/Src/syscalls.c.obj
                0x080015ac                _read
 .text._write   0x080015cc       0x1c CMakeFiles/St1x.elf.dir/Core/Src/syscalls.c.obj
                0x080015cc                _write
 .text._close   0x080015e8        0x6 CMakeFiles/St1x.elf.dir/Core/Src/syscalls.c.obj
                0x080015e8                _close
 .text._fstat   0x080015ee        0xa CMakeFiles/St1x.elf.dir/Core/Src/syscalls.c.obj
                0x080015ee                _fstat
 .text._isatty  0x080015f8        0x4 CMakeFiles/St1x.elf.dir/Core/Src/syscalls.c.obj
                0x080015f8                _isatty
 .text._lseek   0x080015fc        0x4 CMakeFiles/St1x.elf.dir/Core/Src/syscalls.c.obj
                0x080015fc                _lseek
 .text._sbrk    0x08001600       0x48 CMakeFiles/St1x.elf.dir/Core/Src/sysmem.c.obj
                0x08001600                _sbrk
 .text.SystemInit
                0x08001648        0x2 CMakeFiles/St1x.elf.dir/Core/Src/system_stm32f1xx.c.obj
                0x08001648                SystemInit
 *fill*         0x0800164a        0x2 
 .text.MX_TIM1_Init
                0x0800164c       0x74 CMakeFiles/St1x.elf.dir/Core/Src/tim.c.obj
                0x0800164c                MX_TIM1_Init
 .text.HAL_TIM_Base_MspInit
                0x080016c0       0x60 CMakeFiles/St1x.elf.dir/Core/Src/tim.c.obj
                0x080016c0                HAL_TIM_Base_MspInit
 .text.HAL_TIM_PWM_MspInit
                0x08001720       0x84 CMakeFiles/St1x.elf.dir/Core/Src/tim.c.obj
                0x08001720                HAL_TIM_PWM_MspInit
 .text.HAL_TIM_MspPostInit
                0x080017a4       0xd4 CMakeFiles/St1x.elf.dir/Core/Src/tim.c.obj
                0x080017a4                HAL_TIM_MspPostInit
 .text.MX_TIM2_Init
                0x08001878       0xac CMakeFiles/St1x.elf.dir/Core/Src/tim.c.obj
                0x08001878                MX_TIM2_Init
 .text.MX_TIM3_Init
                0x08001924       0x80 CMakeFiles/St1x.elf.dir/Core/Src/tim.c.obj
                0x08001924                MX_TIM3_Init
 .text.MX_TIM4_Init
                0x080019a4       0x94 CMakeFiles/St1x.elf.dir/Core/Src/tim.c.obj
                0x080019a4                MX_TIM4_Init
 .text.__io_putchar
                0x08001a38       0x20 CMakeFiles/St1x.elf.dir/Core/Src/usart.c.obj
                0x08001a38                __io_putchar
 .text.MX_USART1_UART_Init
                0x08001a58       0x34 CMakeFiles/St1x.elf.dir/Core/Src/usart.c.obj
                0x08001a58                MX_USART1_UART_Init
 .text.HAL_UART_MspInit
                0x08001a8c       0x78 CMakeFiles/St1x.elf.dir/Core/Src/usart.c.obj
                0x08001a8c                HAL_UART_MspInit
 .text.Reset_Handler
                0x08001b04       0x48 CMakeFiles/St1x.elf.dir/Core/Startup/startup_stm32f103cbtx.s.obj
                0x08001b04                Reset_Handler
 .text.Default_Handler
                0x08001b4c        0x2 CMakeFiles/St1x.elf.dir/Core/Startup/startup_stm32f103cbtx.s.obj
                0x08001b4c                SPI2_IRQHandler
                0x08001b4c                EXTI9_5_IRQHandler
                0x08001b4c                SPI1_IRQHandler
                0x08001b4c                PVD_IRQHandler
                0x08001b4c                USBWakeUp_IRQHandler
                0x08001b4c                WWDG_IRQHandler
                0x08001b4c                ADC1_2_IRQHandler
                0x08001b4c                RCC_IRQHandler
                0x08001b4c                I2C1_ER_IRQHandler
                0x08001b4c                RTC_IRQHandler
                0x08001b4c                DMA1_Channel2_IRQHandler
                0x08001b4c                I2C2_EV_IRQHandler
                0x08001b4c                TIM3_IRQHandler
                0x08001b4c                USART2_IRQHandler
                0x08001b4c                FLASH_IRQHandler
                0x08001b4c                EXTI15_10_IRQHandler
                0x08001b4c                TIM1_BRK_IRQHandler
                0x08001b4c                USART1_IRQHandler
                0x08001b4c                TAMPER_IRQHandler
                0x08001b4c                TIM2_IRQHandler
                0x08001b4c                CAN1_SCE_IRQHandler
                0x08001b4c                Default_Handler
                0x08001b4c                EXTI2_IRQHandler
                0x08001b4c                DMA1_Channel3_IRQHandler
                0x08001b4c                TIM4_IRQHandler
                0x08001b4c                USART3_IRQHandler
                0x08001b4c                EXTI3_IRQHandler
                0x08001b4c                I2C2_ER_IRQHandler
                0x08001b4c                TIM1_TRG_COM_IRQHandler
                0x08001b4c                I2C1_EV_IRQHandler
                0x08001b4c                TIM1_CC_IRQHandler
                0x08001b4c                RTC_Alarm_IRQHandler
                0x08001b4c                EXTI4_IRQHandler
                0x08001b4c                CAN1_RX1_IRQHandler
                0x08001b4c                USB_HP_CAN1_TX_IRQHandler
 *fill*         0x08001b4e        0x2 
 .text.HAL_InitTick
                0x08001b50       0x4c CMakeFiles/St1x.elf.dir/Drivers/STM32F1xx_HAL_Driver/Src/stm32f1xx_hal.c.obj
                0x08001b50                HAL_InitTick
 .text.HAL_Init
                0x08001b9c       0x24 CMakeFiles/St1x.elf.dir/Drivers/STM32F1xx_HAL_Driver/Src/stm32f1xx_hal.c.obj
                0x08001b9c                HAL_Init
 .text.HAL_IncTick
                0x08001bc0       0x18 CMakeFiles/St1x.elf.dir/Drivers/STM32F1xx_HAL_Driver/Src/stm32f1xx_hal.c.obj
                0x08001bc0                HAL_IncTick
 .text.HAL_GetTick
                0x08001bd8        0xc CMakeFiles/St1x.elf.dir/Drivers/STM32F1xx_HAL_Driver/Src/stm32f1xx_hal.c.obj
                0x08001bd8                HAL_GetTick
 .text.HAL_Delay
                0x08001be4       0x28 CMakeFiles/St1x.elf.dir/Drivers/STM32F1xx_HAL_Driver/Src/stm32f1xx_hal.c.obj
                0x08001be4                HAL_Delay
 .text.HAL_ADC_ConvCpltCallback
                0x08001c0c        0x2 CMakeFiles/St1x.elf.dir/Drivers/STM32F1xx_HAL_Driver/Src/stm32f1xx_hal_adc.c.obj
                0x08001c0c                HAL_ADC_ConvCpltCallback
 .text.ADC_DMAConvCplt
                0x08001c0e       0x52 CMakeFiles/St1x.elf.dir/Drivers/STM32F1xx_HAL_Driver/Src/stm32f1xx_hal_adc.c.obj
                0x08001c0e                ADC_DMAConvCplt
 .text.HAL_ADC_ConvHalfCpltCallback
                0x08001c60        0x2 CMakeFiles/St1x.elf.dir/Drivers/STM32F1xx_HAL_Driver/Src/stm32f1xx_hal_adc.c.obj
                0x08001c60                HAL_ADC_ConvHalfCpltCallback
 .text.ADC_DMAHalfConvCplt
                0x08001c62        0xa CMakeFiles/St1x.elf.dir/Drivers/STM32F1xx_HAL_Driver/Src/stm32f1xx_hal_adc.c.obj
                0x08001c62                ADC_DMAHalfConvCplt
 .text.HAL_ADC_ErrorCallback
                0x08001c6c        0x2 CMakeFiles/St1x.elf.dir/Drivers/STM32F1xx_HAL_Driver/Src/stm32f1xx_hal_adc.c.obj
                0x08001c6c                HAL_ADC_ErrorCallback
 .text.ADC_DMAError
                0x08001c6e       0x1a CMakeFiles/St1x.elf.dir/Drivers/STM32F1xx_HAL_Driver/Src/stm32f1xx_hal_adc.c.obj
                0x08001c6e                ADC_DMAError
 .text.HAL_ADC_ConfigChannel
                0x08001c88      0x144 CMakeFiles/St1x.elf.dir/Drivers/STM32F1xx_HAL_Driver/Src/stm32f1xx_hal_adc.c.obj
                0x08001c88                HAL_ADC_ConfigChannel
 .text.ADC_Enable
                0x08001dcc       0x88 CMakeFiles/St1x.elf.dir/Drivers/STM32F1xx_HAL_Driver/Src/stm32f1xx_hal_adc.c.obj
                0x08001dcc                ADC_Enable
 .text.HAL_ADC_Start_DMA
                0x08001e54      0x130 CMakeFiles/St1x.elf.dir/Drivers/STM32F1xx_HAL_Driver/Src/stm32f1xx_hal_adc.c.obj
                0x08001e54                HAL_ADC_Start_DMA
 .text.ADC_ConversionStop_Disable
                0x08001f84       0x56 CMakeFiles/St1x.elf.dir/Drivers/STM32F1xx_HAL_Driver/Src/stm32f1xx_hal_adc.c.obj
                0x08001f84                ADC_ConversionStop_Disable
 *fill*         0x08001fda        0x2 
 .text.HAL_ADC_Init
                0x08001fdc      0x108 CMakeFiles/St1x.elf.dir/Drivers/STM32F1xx_HAL_Driver/Src/stm32f1xx_hal_adc.c.obj
                0x08001fdc                HAL_ADC_Init
 .text.HAL_ADCEx_Calibration_Start
                0x080020e4      0x100 CMakeFiles/St1x.elf.dir/Drivers/STM32F1xx_HAL_Driver/Src/stm32f1xx_hal_adc_ex.c.obj
                0x080020e4                HAL_ADCEx_Calibration_Start
 .text.HAL_NVIC_SetPriorityGrouping
                0x080021e4       0x24 CMakeFiles/St1x.elf.dir/Drivers/STM32F1xx_HAL_Driver/Src/stm32f1xx_hal_cortex.c.obj
                0x080021e4                HAL_NVIC_SetPriorityGrouping
 .text.HAL_NVIC_SetPriority
                0x08002208       0x70 CMakeFiles/St1x.elf.dir/Drivers/STM32F1xx_HAL_Driver/Src/stm32f1xx_hal_cortex.c.obj
                0x08002208                HAL_NVIC_SetPriority
 .text.HAL_NVIC_EnableIRQ
                0x08002278       0x1c CMakeFiles/St1x.elf.dir/Drivers/STM32F1xx_HAL_Driver/Src/stm32f1xx_hal_cortex.c.obj
                0x08002278                HAL_NVIC_EnableIRQ
 .text.HAL_SYSTICK_Config
                0x08002294       0x28 CMakeFiles/St1x.elf.dir/Drivers/STM32F1xx_HAL_Driver/Src/stm32f1xx_hal_cortex.c.obj
                0x08002294                HAL_SYSTICK_Config
 .text.DMA_SetConfig
                0x080022bc       0x2c CMakeFiles/St1x.elf.dir/Drivers/STM32F1xx_HAL_Driver/Src/stm32f1xx_hal_dma.c.obj
 .text.HAL_DMA_Init
                0x080022e8       0x6c CMakeFiles/St1x.elf.dir/Drivers/STM32F1xx_HAL_Driver/Src/stm32f1xx_hal_dma.c.obj
                0x080022e8                HAL_DMA_Init
 .text.HAL_DMA_Start_IT
                0x08002354       0x76 CMakeFiles/St1x.elf.dir/Drivers/STM32F1xx_HAL_Driver/Src/stm32f1xx_hal_dma.c.obj
                0x08002354                HAL_DMA_Start_IT
 *fill*         0x080023ca        0x2 
 .text.HAL_DMA_IRQHandler
                0x080023cc      0x144 CMakeFiles/St1x.elf.dir/Drivers/STM32F1xx_HAL_Driver/Src/stm32f1xx_hal_dma.c.obj
                0x080023cc                HAL_DMA_IRQHandler
 .text.HAL_GPIO_Init
                0x08002510      0x224 CMakeFiles/St1x.elf.dir/Drivers/STM32F1xx_HAL_Driver/Src/stm32f1xx_hal_gpio.c.obj
                0x08002510                HAL_GPIO_Init
 .text.HAL_GPIO_ReadPin
                0x08002734        0xe CMakeFiles/St1x.elf.dir/Drivers/STM32F1xx_HAL_Driver/Src/stm32f1xx_hal_gpio.c.obj
                0x08002734                HAL_GPIO_ReadPin
 .text.HAL_GPIO_WritePin
                0x08002742        0xc CMakeFiles/St1x.elf.dir/Drivers/STM32F1xx_HAL_Driver/Src/stm32f1xx_hal_gpio.c.obj
                0x08002742                HAL_GPIO_WritePin
 .text.HAL_GPIO_TogglePin
                0x0800274e       0x12 CMakeFiles/St1x.elf.dir/Drivers/STM32F1xx_HAL_Driver/Src/stm32f1xx_hal_gpio.c.obj
                0x0800274e                HAL_GPIO_TogglePin
 .text.HAL_GPIO_EXTI_IRQHandler
                0x08002760       0x1c CMakeFiles/St1x.elf.dir/Drivers/STM32F1xx_HAL_Driver/Src/stm32f1xx_hal_gpio.c.obj
                0x08002760                HAL_GPIO_EXTI_IRQHandler
 .text.HAL_I2C_Init
                0x0800277c      0x1bc CMakeFiles/St1x.elf.dir/Drivers/STM32F1xx_HAL_Driver/Src/stm32f1xx_hal_i2c.c.obj
                0x0800277c                HAL_I2C_Init
 .text.HAL_PCD_EP_DB_Receive
                0x08002938      0x11c CMakeFiles/St1x.elf.dir/Drivers/STM32F1xx_HAL_Driver/Src/stm32f1xx_hal_pcd.c.obj
 .text.HAL_PCD_Init
                0x08002a54      0x110 CMakeFiles/St1x.elf.dir/Drivers/STM32F1xx_HAL_Driver/Src/stm32f1xx_hal_pcd.c.obj
                0x08002a54                HAL_PCD_Init
 .text.HAL_PCD_Start
                0x08002b64       0x32 CMakeFiles/St1x.elf.dir/Drivers/STM32F1xx_HAL_Driver/Src/stm32f1xx_hal_pcd.c.obj
                0x08002b64                HAL_PCD_Start
 .text.HAL_PCD_EP_DB_Transmit
                0x08002b96      0x424 CMakeFiles/St1x.elf.dir/Drivers/STM32F1xx_HAL_Driver/Src/stm32f1xx_hal_pcd.c.obj
 .text.PCD_EP_ISR_Handler
                0x08002fba      0x536 CMakeFiles/St1x.elf.dir/Drivers/STM32F1xx_HAL_Driver/Src/stm32f1xx_hal_pcd.c.obj
 .text.HAL_PCD_SetAddress
                0x080034f0       0x28 CMakeFiles/St1x.elf.dir/Drivers/STM32F1xx_HAL_Driver/Src/stm32f1xx_hal_pcd.c.obj
                0x080034f0                HAL_PCD_SetAddress
 .text.HAL_PCD_IRQHandler
                0x08003518      0x1b0 CMakeFiles/St1x.elf.dir/Drivers/STM32F1xx_HAL_Driver/Src/stm32f1xx_hal_pcd.c.obj
                0x08003518                HAL_PCD_IRQHandler
 .text.HAL_PCD_EP_Open
                0x080036c8       0x7c CMakeFiles/St1x.elf.dir/Drivers/STM32F1xx_HAL_Driver/Src/stm32f1xx_hal_pcd.c.obj
                0x080036c8                HAL_PCD_EP_Open
 .text.HAL_PCD_EP_Close
                0x08003744       0x64 CMakeFiles/St1x.elf.dir/Drivers/STM32F1xx_HAL_Driver/Src/stm32f1xx_hal_pcd.c.obj
                0x08003744                HAL_PCD_EP_Close
 .text.HAL_PCD_EP_Receive
                0x080037a8       0x3a CMakeFiles/St1x.elf.dir/Drivers/STM32F1xx_HAL_Driver/Src/stm32f1xx_hal_pcd.c.obj
                0x080037a8                HAL_PCD_EP_Receive
 .text.HAL_PCD_EP_Transmit
                0x080037e2       0x44 CMakeFiles/St1x.elf.dir/Drivers/STM32F1xx_HAL_Driver/Src/stm32f1xx_hal_pcd.c.obj
                0x080037e2                HAL_PCD_EP_Transmit
 .text.HAL_PCD_EP_SetStall
                0x08003826       0x78 CMakeFiles/St1x.elf.dir/Drivers/STM32F1xx_HAL_Driver/Src/stm32f1xx_hal_pcd.c.obj
                0x08003826                HAL_PCD_EP_SetStall
 .text.HAL_PCD_EP_ClrStall
                0x0800389e       0x76 CMakeFiles/St1x.elf.dir/Drivers/STM32F1xx_HAL_Driver/Src/stm32f1xx_hal_pcd.c.obj
                0x0800389e                HAL_PCD_EP_ClrStall
 .text.HAL_PCDEx_PMAConfig
                0x08003914       0x38 CMakeFiles/St1x.elf.dir/Drivers/STM32F1xx_HAL_Driver/Src/stm32f1xx_hal_pcd_ex.c.obj
                0x08003914                HAL_PCDEx_PMAConfig
 .text.RCC_Delay
                0x0800394c       0x2c CMakeFiles/St1x.elf.dir/Drivers/STM32F1xx_HAL_Driver/Src/stm32f1xx_hal_rcc.c.obj
 .text.HAL_RCC_OscConfig
                0x08003978      0x410 CMakeFiles/St1x.elf.dir/Drivers/STM32F1xx_HAL_Driver/Src/stm32f1xx_hal_rcc.c.obj
                0x08003978                HAL_RCC_OscConfig
 .text.HAL_RCC_GetSysClockFreq
                0x08003d88       0x54 CMakeFiles/St1x.elf.dir/Drivers/STM32F1xx_HAL_Driver/Src/stm32f1xx_hal_rcc.c.obj
                0x08003d88                HAL_RCC_GetSysClockFreq
 .text.HAL_RCC_ClockConfig
                0x08003ddc      0x16c CMakeFiles/St1x.elf.dir/Drivers/STM32F1xx_HAL_Driver/Src/stm32f1xx_hal_rcc.c.obj
                0x08003ddc                HAL_RCC_ClockConfig
 .text.HAL_RCC_GetHCLKFreq
                0x08003f48        0xc CMakeFiles/St1x.elf.dir/Drivers/STM32F1xx_HAL_Driver/Src/stm32f1xx_hal_rcc.c.obj
                0x08003f48                HAL_RCC_GetHCLKFreq
 .text.HAL_RCC_GetPCLK1Freq
                0x08003f54       0x20 CMakeFiles/St1x.elf.dir/Drivers/STM32F1xx_HAL_Driver/Src/stm32f1xx_hal_rcc.c.obj
                0x08003f54                HAL_RCC_GetPCLK1Freq
 .text.HAL_RCC_GetPCLK2Freq
                0x08003f74       0x20 CMakeFiles/St1x.elf.dir/Drivers/STM32F1xx_HAL_Driver/Src/stm32f1xx_hal_rcc.c.obj
                0x08003f74                HAL_RCC_GetPCLK2Freq
 .text.HAL_RCCEx_PeriphCLKConfig
                0x08003f94      0x118 CMakeFiles/St1x.elf.dir/Drivers/STM32F1xx_HAL_Driver/Src/stm32f1xx_hal_rcc_ex.c.obj
                0x08003f94                HAL_RCCEx_PeriphCLKConfig
 .text.HAL_RCCEx_GetPeriphCLKFreq
                0x080040ac       0xd8 CMakeFiles/St1x.elf.dir/Drivers/STM32F1xx_HAL_Driver/Src/stm32f1xx_hal_rcc_ex.c.obj
                0x080040ac                HAL_RCCEx_GetPeriphCLKFreq
 .text.SPI_WaitFlagStateUntilTimeout
                0x08004184       0xd4 CMakeFiles/St1x.elf.dir/Drivers/STM32F1xx_HAL_Driver/Src/stm32f1xx_hal_spi.c.obj
 .text.SPI_EndRxTxTransaction
                0x08004258       0x24 CMakeFiles/St1x.elf.dir/Drivers/STM32F1xx_HAL_Driver/Src/stm32f1xx_hal_spi.c.obj
 .text.HAL_SPI_Init
                0x0800427c       0xb6 CMakeFiles/St1x.elf.dir/Drivers/STM32F1xx_HAL_Driver/Src/stm32f1xx_hal_spi.c.obj
                0x0800427c                HAL_SPI_Init
 *fill*         0x08004332        0x2 
 .text.HAL_SPI_Transmit_DMA
                0x08004334       0xd8 CMakeFiles/St1x.elf.dir/Drivers/STM32F1xx_HAL_Driver/Src/stm32f1xx_hal_spi.c.obj
                0x08004334                HAL_SPI_Transmit_DMA
 .text.HAL_SPI_TxCpltCallback
                0x0800440c        0x2 CMakeFiles/St1x.elf.dir/Drivers/STM32F1xx_HAL_Driver/Src/stm32f1xx_hal_spi.c.obj
                0x0800440c                HAL_SPI_TxCpltCallback
 .text.HAL_SPI_TxHalfCpltCallback
                0x0800440e        0x2 CMakeFiles/St1x.elf.dir/Drivers/STM32F1xx_HAL_Driver/Src/stm32f1xx_hal_spi.c.obj
                0x0800440e                HAL_SPI_TxHalfCpltCallback
 .text.SPI_DMAHalfTransmitCplt
                0x08004410        0xa CMakeFiles/St1x.elf.dir/Drivers/STM32F1xx_HAL_Driver/Src/stm32f1xx_hal_spi.c.obj
 .text.HAL_SPI_ErrorCallback
                0x0800441a        0x2 CMakeFiles/St1x.elf.dir/Drivers/STM32F1xx_HAL_Driver/Src/stm32f1xx_hal_spi.c.obj
                0x0800441a                HAL_SPI_ErrorCallback
 .text.SPI_DMAError
                0x0800441c       0x22 CMakeFiles/St1x.elf.dir/Drivers/STM32F1xx_HAL_Driver/Src/stm32f1xx_hal_spi.c.obj
 .text.SPI_DMATransmitCplt
                0x0800443e       0x70 CMakeFiles/St1x.elf.dir/Drivers/STM32F1xx_HAL_Driver/Src/stm32f1xx_hal_spi.c.obj
 *fill*         0x080044ae        0x2 
 .text.TIM_OC1_SetConfig
                0x080044b0       0x5c CMakeFiles/St1x.elf.dir/Drivers/STM32F1xx_HAL_Driver/Src/stm32f1xx_hal_tim.c.obj
 .text.TIM_OC3_SetConfig
                0x0800450c       0x64 CMakeFiles/St1x.elf.dir/Drivers/STM32F1xx_HAL_Driver/Src/stm32f1xx_hal_tim.c.obj
 .text.TIM_OC4_SetConfig
                0x08004570       0x48 CMakeFiles/St1x.elf.dir/Drivers/STM32F1xx_HAL_Driver/Src/stm32f1xx_hal_tim.c.obj
 .text.TIM_TI1_ConfigInputStage
                0x080045b8       0x24 CMakeFiles/St1x.elf.dir/Drivers/STM32F1xx_HAL_Driver/Src/stm32f1xx_hal_tim.c.obj
 .text.TIM_TI2_ConfigInputStage
                0x080045dc       0x26 CMakeFiles/St1x.elf.dir/Drivers/STM32F1xx_HAL_Driver/Src/stm32f1xx_hal_tim.c.obj
 .text.TIM_ITRx_SetConfig
                0x08004602       0x10 CMakeFiles/St1x.elf.dir/Drivers/STM32F1xx_HAL_Driver/Src/stm32f1xx_hal_tim.c.obj
 .text.HAL_TIM_OC_DelayElapsedCallback
                0x08004612        0x2 CMakeFiles/St1x.elf.dir/Drivers/STM32F1xx_HAL_Driver/Src/stm32f1xx_hal_tim.c.obj
                0x08004612                HAL_TIM_OC_DelayElapsedCallback
 .text.HAL_TIM_IC_CaptureCallback
                0x08004614        0x2 CMakeFiles/St1x.elf.dir/Drivers/STM32F1xx_HAL_Driver/Src/stm32f1xx_hal_tim.c.obj
                0x08004614                HAL_TIM_IC_CaptureCallback
 .text.HAL_TIM_PWM_PulseFinishedCallback
                0x08004616        0x2 CMakeFiles/St1x.elf.dir/Drivers/STM32F1xx_HAL_Driver/Src/stm32f1xx_hal_tim.c.obj
                0x08004616                HAL_TIM_PWM_PulseFinishedCallback
 .text.HAL_TIM_TriggerCallback
                0x08004618        0x2 CMakeFiles/St1x.elf.dir/Drivers/STM32F1xx_HAL_Driver/Src/stm32f1xx_hal_tim.c.obj
                0x08004618                HAL_TIM_TriggerCallback
 .text.HAL_TIM_IRQHandler
                0x0800461a      0x17a CMakeFiles/St1x.elf.dir/Drivers/STM32F1xx_HAL_Driver/Src/stm32f1xx_hal_tim.c.obj
                0x0800461a                HAL_TIM_IRQHandler
 .text.TIM_Base_SetConfig
                0x08004794       0x74 CMakeFiles/St1x.elf.dir/Drivers/STM32F1xx_HAL_Driver/Src/stm32f1xx_hal_tim.c.obj
                0x08004794                TIM_Base_SetConfig
 .text.HAL_TIM_Base_Init
                0x08004808       0x58 CMakeFiles/St1x.elf.dir/Drivers/STM32F1xx_HAL_Driver/Src/stm32f1xx_hal_tim.c.obj
                0x08004808                HAL_TIM_Base_Init
 .text.HAL_TIM_PWM_Init
                0x08004860       0x58 CMakeFiles/St1x.elf.dir/Drivers/STM32F1xx_HAL_Driver/Src/stm32f1xx_hal_tim.c.obj
                0x08004860                HAL_TIM_PWM_Init
 .text.TIM_OC2_SetConfig
                0x080048b8       0x64 CMakeFiles/St1x.elf.dir/Drivers/STM32F1xx_HAL_Driver/Src/stm32f1xx_hal_tim.c.obj
                0x080048b8                TIM_OC2_SetConfig
 .text.HAL_TIM_PWM_ConfigChannel
                0x0800491c       0xdc CMakeFiles/St1x.elf.dir/Drivers/STM32F1xx_HAL_Driver/Src/stm32f1xx_hal_tim.c.obj
                0x0800491c                HAL_TIM_PWM_ConfigChannel
 .text.TIM_ETR_SetConfig
                0x080049f8       0x18 CMakeFiles/St1x.elf.dir/Drivers/STM32F1xx_HAL_Driver/Src/stm32f1xx_hal_tim.c.obj
                0x080049f8                TIM_ETR_SetConfig
 .text.HAL_TIM_ConfigClockSource
                0x08004a10       0xfe CMakeFiles/St1x.elf.dir/Drivers/STM32F1xx_HAL_Driver/Src/stm32f1xx_hal_tim.c.obj
                0x08004a10                HAL_TIM_ConfigClockSource
 .text.TIM_CCxChannelCmd
                0x08004b0e       0x1e CMakeFiles/St1x.elf.dir/Drivers/STM32F1xx_HAL_Driver/Src/stm32f1xx_hal_tim.c.obj
                0x08004b0e                TIM_CCxChannelCmd
 .text.HAL_TIM_PWM_Start
                0x08004b2c       0xdc CMakeFiles/St1x.elf.dir/Drivers/STM32F1xx_HAL_Driver/Src/stm32f1xx_hal_tim.c.obj
                0x08004b2c                HAL_TIM_PWM_Start
 .text.HAL_TIM_PWM_Stop
                0x08004c08       0x84 CMakeFiles/St1x.elf.dir/Drivers/STM32F1xx_HAL_Driver/Src/stm32f1xx_hal_tim.c.obj
                0x08004c08                HAL_TIM_PWM_Stop
 .text.HAL_TIMEx_MasterConfigSynchronization
                0x08004c8c       0x6c CMakeFiles/St1x.elf.dir/Drivers/STM32F1xx_HAL_Driver/Src/stm32f1xx_hal_tim_ex.c.obj
                0x08004c8c                HAL_TIMEx_MasterConfigSynchronization
 .text.HAL_TIMEx_CommutCallback
                0x08004cf8        0x2 CMakeFiles/St1x.elf.dir/Drivers/STM32F1xx_HAL_Driver/Src/stm32f1xx_hal_tim_ex.c.obj
                0x08004cf8                HAL_TIMEx_CommutCallback
 .text.HAL_TIMEx_BreakCallback
                0x08004cfa        0x2 CMakeFiles/St1x.elf.dir/Drivers/STM32F1xx_HAL_Driver/Src/stm32f1xx_hal_tim_ex.c.obj
                0x08004cfa                HAL_TIMEx_BreakCallback
 .text.UART_SetConfig
                0x08004cfc       0x94 CMakeFiles/St1x.elf.dir/Drivers/STM32F1xx_HAL_Driver/Src/stm32f1xx_hal_uart.c.obj
 .text.UART_WaitOnFlagUntilTimeout
                0x08004d90       0x88 CMakeFiles/St1x.elf.dir/Drivers/STM32F1xx_HAL_Driver/Src/stm32f1xx_hal_uart.c.obj
 .text.HAL_UART_Init
                0x08004e18       0x60 CMakeFiles/St1x.elf.dir/Drivers/STM32F1xx_HAL_Driver/Src/stm32f1xx_hal_uart.c.obj
                0x08004e18                HAL_UART_Init
 .text.HAL_UART_Transmit
                0x08004e78       0xbe CMakeFiles/St1x.elf.dir/Drivers/STM32F1xx_HAL_Driver/Src/stm32f1xx_hal_uart.c.obj
                0x08004e78                HAL_UART_Transmit
 .text.USB_CoreInit
                0x08004f36        0xe CMakeFiles/St1x.elf.dir/Drivers/STM32F1xx_HAL_Driver/Src/stm32f1xx_ll_usb.c.obj
                0x08004f36                USB_CoreInit
 .text.USB_EnableGlobalInt
                0x08004f44       0x12 CMakeFiles/St1x.elf.dir/Drivers/STM32F1xx_HAL_Driver/Src/stm32f1xx_ll_usb.c.obj
                0x08004f44                USB_EnableGlobalInt
 .text.USB_DisableGlobalInt
                0x08004f56       0x14 CMakeFiles/St1x.elf.dir/Drivers/STM32F1xx_HAL_Driver/Src/stm32f1xx_ll_usb.c.obj
                0x08004f56                USB_DisableGlobalInt
 .text.USB_SetCurrentMode
                0x08004f6a        0x4 CMakeFiles/St1x.elf.dir/Drivers/STM32F1xx_HAL_Driver/Src/stm32f1xx_ll_usb.c.obj
                0x08004f6a                USB_SetCurrentMode
 .text.USB_DevInit
                0x08004f6e       0x22 CMakeFiles/St1x.elf.dir/Drivers/STM32F1xx_HAL_Driver/Src/stm32f1xx_ll_usb.c.obj
                0x08004f6e                USB_DevInit
 .text.USB_ActivateEndpoint
                0x08004f90      0x3ca CMakeFiles/St1x.elf.dir/Drivers/STM32F1xx_HAL_Driver/Src/stm32f1xx_ll_usb.c.obj
                0x08004f90                USB_ActivateEndpoint
 .text.USB_DeactivateEndpoint
                0x0800535a      0x1d6 CMakeFiles/St1x.elf.dir/Drivers/STM32F1xx_HAL_Driver/Src/stm32f1xx_ll_usb.c.obj
                0x0800535a                USB_DeactivateEndpoint
 .text.USB_EPSetStall
                0x08005530       0x4a CMakeFiles/St1x.elf.dir/Drivers/STM32F1xx_HAL_Driver/Src/stm32f1xx_ll_usb.c.obj
                0x08005530                USB_EPSetStall
 .text.USB_EPClearStall
                0x0800557a       0xa2 CMakeFiles/St1x.elf.dir/Drivers/STM32F1xx_HAL_Driver/Src/stm32f1xx_ll_usb.c.obj
                0x0800557a                USB_EPClearStall
 .text.USB_SetDevAddress
                0x0800561c        0xc CMakeFiles/St1x.elf.dir/Drivers/STM32F1xx_HAL_Driver/Src/stm32f1xx_ll_usb.c.obj
                0x0800561c                USB_SetDevAddress
 .text.USB_DevConnect
                0x08005628        0x4 CMakeFiles/St1x.elf.dir/Drivers/STM32F1xx_HAL_Driver/Src/stm32f1xx_ll_usb.c.obj
                0x08005628                USB_DevConnect
 .text.USB_DevDisconnect
                0x0800562c        0x4 CMakeFiles/St1x.elf.dir/Drivers/STM32F1xx_HAL_Driver/Src/stm32f1xx_ll_usb.c.obj
                0x0800562c                USB_DevDisconnect
 .text.USB_ReadInterrupts
                0x08005630        0x8 CMakeFiles/St1x.elf.dir/Drivers/STM32F1xx_HAL_Driver/Src/stm32f1xx_ll_usb.c.obj
                0x08005630                USB_ReadInterrupts
 .text.USB_EP0_OutStart
                0x08005638        0x4 CMakeFiles/St1x.elf.dir/Drivers/STM32F1xx_HAL_Driver/Src/stm32f1xx_ll_usb.c.obj
                0x08005638                USB_EP0_OutStart
 .text.USB_WritePMA
                0x0800563c       0x28 CMakeFiles/St1x.elf.dir/Drivers/STM32F1xx_HAL_Driver/Src/stm32f1xx_ll_usb.c.obj
                0x0800563c                USB_WritePMA
 .text.USB_EPStartXfer
                0x08005664      0x7ce CMakeFiles/St1x.elf.dir/Drivers/STM32F1xx_HAL_Driver/Src/stm32f1xx_ll_usb.c.obj
                0x08005664                USB_EPStartXfer
 .text.USB_ReadPMA
                0x08005e32       0x30 CMakeFiles/St1x.elf.dir/Drivers/STM32F1xx_HAL_Driver/Src/stm32f1xx_ll_usb.c.obj
                0x08005e32                USB_ReadPMA
 *fill*         0x08005e62        0x2 
 .text.LED_Init_stop
                0x08005e64       0x28 CMakeFiles/St1x.elf.dir/Hardware/LED.c.obj
                0x08005e64                LED_Init_stop
 .text.pwm_up   0x08005e8c       0x34 CMakeFiles/St1x.elf.dir/Hardware/LED.c.obj
                0x08005e8c                pwm_up
 .text.pwm_down
                0x08005ec0       0x2c CMakeFiles/St1x.elf.dir/Hardware/LED.c.obj
                0x08005ec0                pwm_down
 *fill*         0x08005eec        0x4 
 .text.DMA_ADC_TEST
                0x08005ef0      0x1ac CMakeFiles/St1x.elf.dir/Hardware/St1xADC.c.obj
                0x08005ef0                DMA_ADC_TEST
 .text.HAL_TIM_PeriodElapsedCallback
                0x0800609c       0x28 CMakeFiles/St1x.elf.dir/Hardware/St1x_menu.c.obj
                0x0800609c                HAL_TIM_PeriodElapsedCallback
 .text.HAL_GPIO_EXTI_Callback
                0x080060c4       0x16 CMakeFiles/St1x.elf.dir/Hardware/key.c.obj
                0x080060c4                HAL_GPIO_EXTI_Callback
 *fill*         0x080060da        0x2 
 .text.Iron_PullUp
                0x080060dc       0xa8 CMakeFiles/St1x.elf.dir/Hardware/key.c.obj
                0x080060dc                Iron_PullUp
 .text.MainMenu1
                0x08006184       0x78 CMakeFiles/St1x.elf.dir/Hardware/menu.c.obj
                0x08006184                MainMenu1
 .text.MainMenu2
                0x080061fc       0x78 CMakeFiles/St1x.elf.dir/Hardware/menu.c.obj
                0x080061fc                MainMenu2
 .text.MainMenu3
                0x08006274       0x78 CMakeFiles/St1x.elf.dir/Hardware/menu.c.obj
                0x08006274                MainMenu3
 .text.MainMenu4
                0x080062ec       0x78 CMakeFiles/St1x.elf.dir/Hardware/menu.c.obj
                0x080062ec                MainMenu4
 .text.MainMenu5
                0x08006364       0x78 CMakeFiles/St1x.elf.dir/Hardware/menu.c.obj
                0x08006364                MainMenu5
 .text.fun_a21  0x080063dc       0x78 CMakeFiles/St1x.elf.dir/Hardware/menu.c.obj
                0x080063dc                fun_a21
 .text.fun_a22  0x08006454       0x78 CMakeFiles/St1x.elf.dir/Hardware/menu.c.obj
                0x08006454                fun_a22
 .text.fun_a23  0x080064cc       0x78 CMakeFiles/St1x.elf.dir/Hardware/menu.c.obj
                0x080064cc                fun_a23
 .text.fun_a24  0x08006544       0x78 CMakeFiles/St1x.elf.dir/Hardware/menu.c.obj
                0x08006544                fun_a24
 .text.fun_a25  0x080065bc       0x78 CMakeFiles/St1x.elf.dir/Hardware/menu.c.obj
                0x080065bc                fun_a25
 .text.fun_b21  0x08006634       0x78 CMakeFiles/St1x.elf.dir/Hardware/menu.c.obj
                0x08006634                fun_b21
 .text.fun_b22  0x080066ac       0x78 CMakeFiles/St1x.elf.dir/Hardware/menu.c.obj
                0x080066ac                fun_b22
 .text.fun_b23  0x08006724       0x78 CMakeFiles/St1x.elf.dir/Hardware/menu.c.obj
                0x08006724                fun_b23
 .text.fun_b24  0x0800679c       0x78 CMakeFiles/St1x.elf.dir/Hardware/menu.c.obj
                0x0800679c                fun_b24
 .text.fun_b25  0x08006814       0x78 CMakeFiles/St1x.elf.dir/Hardware/menu.c.obj
                0x08006814                fun_b25
 .text.fun_c21  0x0800688c       0x78 CMakeFiles/St1x.elf.dir/Hardware/menu.c.obj
                0x0800688c                fun_c21
 .text.fun_c22  0x08006904       0x78 CMakeFiles/St1x.elf.dir/Hardware/menu.c.obj
                0x08006904                fun_c22
 .text.fun_c23  0x0800697c       0x78 CMakeFiles/St1x.elf.dir/Hardware/menu.c.obj
                0x0800697c                fun_c23
 .text.fun_c24  0x080069f4       0x78 CMakeFiles/St1x.elf.dir/Hardware/menu.c.obj
                0x080069f4                fun_c24
 .text.fun_c25  0x08006a6c       0x78 CMakeFiles/St1x.elf.dir/Hardware/menu.c.obj
                0x08006a6c                fun_c25
 .text.fun_d21  0x08006ae4       0x78 CMakeFiles/St1x.elf.dir/Hardware/menu.c.obj
                0x08006ae4                fun_d21
 .text.fun_d22  0x08006b5c       0x78 CMakeFiles/St1x.elf.dir/Hardware/menu.c.obj
                0x08006b5c                fun_d22
 .text.fun_d23  0x08006bd4       0x78 CMakeFiles/St1x.elf.dir/Hardware/menu.c.obj
                0x08006bd4                fun_d23
 .text.fun_d24  0x08006c4c       0x78 CMakeFiles/St1x.elf.dir/Hardware/menu.c.obj
                0x08006c4c                fun_d24
 .text.fun_d25  0x08006cc4       0x78 CMakeFiles/St1x.elf.dir/Hardware/menu.c.obj
                0x08006cc4                fun_d25
 .text.fun_e21  0x08006d3c       0x78 CMakeFiles/St1x.elf.dir/Hardware/menu.c.obj
                0x08006d3c                fun_e21
 .text.fun_e22  0x08006db4       0x78 CMakeFiles/St1x.elf.dir/Hardware/menu.c.obj
                0x08006db4                fun_e22
 .text.fun_e23  0x08006e2c       0x78 CMakeFiles/St1x.elf.dir/Hardware/menu.c.obj
                0x08006e2c                fun_e23
 .text.fun_e24  0x08006ea4       0x78 CMakeFiles/St1x.elf.dir/Hardware/menu.c.obj
                0x08006ea4                fun_e24
 .text.fun_e25  0x08006f1c       0x78 CMakeFiles/St1x.elf.dir/Hardware/menu.c.obj
                0x08006f1c                fun_e25
 .text.fun_a31  0x08006f94       0x68 CMakeFiles/St1x.elf.dir/Hardware/menu.c.obj
                0x08006f94                fun_a31
 .text.fun_a32  0x08006ffc       0x68 CMakeFiles/St1x.elf.dir/Hardware/menu.c.obj
                0x08006ffc                fun_a32
 .text.fun_a33  0x08007064       0x68 CMakeFiles/St1x.elf.dir/Hardware/menu.c.obj
                0x08007064                fun_a33
 .text.fun_b31  0x080070cc       0x68 CMakeFiles/St1x.elf.dir/Hardware/menu.c.obj
                0x080070cc                fun_b31
 .text.fun_b32  0x08007134       0x68 CMakeFiles/St1x.elf.dir/Hardware/menu.c.obj
                0x08007134                fun_b32
 .text.fun_b33  0x0800719c       0x68 CMakeFiles/St1x.elf.dir/Hardware/menu.c.obj
                0x0800719c                fun_b33
 .text.fun_c31  0x08007204       0x68 CMakeFiles/St1x.elf.dir/Hardware/menu.c.obj
                0x08007204                fun_c31
 .text.Volume   0x0800726c       0x68 CMakeFiles/St1x.elf.dir/Hardware/menu.c.obj
                0x0800726c                Volume
 .text.fun_c33  0x080072d4       0x68 CMakeFiles/St1x.elf.dir/Hardware/menu.c.obj
                0x080072d4                fun_c33
 .text.Welcome  0x0800733c       0x24 CMakeFiles/St1x.elf.dir/Hardware/menu.c.obj
                0x0800733c                Welcome
 .text.menu_init
                0x08007360       0xe8 CMakeFiles/St1x.elf.dir/Hardware/menu.c.obj
                0x08007360                menu_init
 .text.u8g2_DrawHXBMP
                0x08007448       0x8c CMakeFiles/St1x.elf.dir/Hardware/u8g2Lib/u8g2_bitmap.c.obj
                0x08007448                u8g2_DrawHXBMP
 .text.u8g2_DrawXBMP
                0x080074d4       0x54 CMakeFiles/St1x.elf.dir/Hardware/u8g2Lib/u8g2_bitmap.c.obj
                0x080074d4                u8g2_DrawXBMP
 .text.u8g2_send_tile_row
                0x08007528       0x20 CMakeFiles/St1x.elf.dir/Hardware/u8g2Lib/u8g2_buffer.c.obj
 .text.u8g2_send_buffer
                0x08007548       0x34 CMakeFiles/St1x.elf.dir/Hardware/u8g2Lib/u8g2_buffer.c.obj
 .text.u8g2_ClearBuffer
                0x0800757c       0x1a CMakeFiles/St1x.elf.dir/Hardware/u8g2Lib/u8g2_buffer.c.obj
                0x0800757c                u8g2_ClearBuffer
 .text.u8g2_SendBuffer
                0x08007596       0x10 CMakeFiles/St1x.elf.dir/Hardware/u8g2Lib/u8g2_buffer.c.obj
                0x08007596                u8g2_SendBuffer
 .text.u8g2_SetBufferCurrTileRow
                0x080075a6       0x18 CMakeFiles/St1x.elf.dir/Hardware/u8g2Lib/u8g2_buffer.c.obj
                0x080075a6                u8g2_SetBufferCurrTileRow
 .text.u8g2_FirstPage
                0x080075be       0x1a CMakeFiles/St1x.elf.dir/Hardware/u8g2Lib/u8g2_buffer.c.obj
                0x080075be                u8g2_FirstPage
 .text.u8g2_NextPage
                0x080075d8       0x40 CMakeFiles/St1x.elf.dir/Hardware/u8g2Lib/u8g2_buffer.c.obj
                0x080075d8                u8g2_NextPage
 .text.u8g2_ClearDisplay
                0x08007618       0x1c CMakeFiles/St1x.elf.dir/Hardware/u8g2Lib/u8g2_cleardisplay.c.obj
                0x08007618                u8g2_ClearDisplay
 .text.u8g2_m_10_16_f
                0x08007634        0xc CMakeFiles/St1x.elf.dir/Hardware/u8g2Lib/u8g2_d_memory.c.obj
                0x08007634                u8g2_m_10_16_f
 .text.u8g2_Setup_sh1107_tk078f288_80x128_f
                0x08007640       0x3c CMakeFiles/St1x.elf.dir/Hardware/u8g2Lib/u8g2_d_setup.c.obj
                0x08007640                u8g2_Setup_sh1107_tk078f288_80x128_f
 .text.u8g2_font_get_byte
                0x0800767c        0x4 CMakeFiles/St1x.elf.dir/Hardware/u8g2Lib/u8g2_font.c.obj
 .text.u8g2_font_get_word
                0x08007680        0xe CMakeFiles/St1x.elf.dir/Hardware/u8g2Lib/u8g2_font.c.obj
 .text.u8g2_font_calc_vref_font
                0x0800768e        0x4 CMakeFiles/St1x.elf.dir/Hardware/u8g2Lib/u8g2_font.c.obj
                0x0800768e                u8g2_font_calc_vref_font
 .text.u8g2_read_font_info
                0x08007692       0xd0 CMakeFiles/St1x.elf.dir/Hardware/u8g2Lib/u8g2_font.c.obj
                0x08007692                u8g2_read_font_info
 .text.u8g2_font_decode_get_unsigned_bits
                0x08007762       0x48 CMakeFiles/St1x.elf.dir/Hardware/u8g2Lib/u8g2_font.c.obj
                0x08007762                u8g2_font_decode_get_unsigned_bits
 .text.u8g2_font_setup_decode
                0x080077aa       0x40 CMakeFiles/St1x.elf.dir/Hardware/u8g2Lib/u8g2_font.c.obj
 .text.u8g2_font_decode_get_signed_bits
                0x080077ea       0x18 CMakeFiles/St1x.elf.dir/Hardware/u8g2Lib/u8g2_font.c.obj
                0x080077ea                u8g2_font_decode_get_signed_bits
 .text.u8g2_add_vector_y
                0x08007802       0x22 CMakeFiles/St1x.elf.dir/Hardware/u8g2Lib/u8g2_font.c.obj
                0x08007802                u8g2_add_vector_y
 .text.u8g2_add_vector_x
                0x08007824       0x22 CMakeFiles/St1x.elf.dir/Hardware/u8g2Lib/u8g2_font.c.obj
                0x08007824                u8g2_add_vector_x
 .text.u8g2_font_decode_len
                0x08007846       0xca CMakeFiles/St1x.elf.dir/Hardware/u8g2Lib/u8g2_font.c.obj
                0x08007846                u8g2_font_decode_len
 .text.u8g2_font_decode_glyph
                0x08007910      0x152 CMakeFiles/St1x.elf.dir/Hardware/u8g2Lib/u8g2_font.c.obj
                0x08007910                u8g2_font_decode_glyph
 .text.u8g2_font_get_glyph_data
                0x08007a62       0x74 CMakeFiles/St1x.elf.dir/Hardware/u8g2Lib/u8g2_font.c.obj
                0x08007a62                u8g2_font_get_glyph_data
 .text.u8g2_font_draw_glyph
                0x08007ad6       0x24 CMakeFiles/St1x.elf.dir/Hardware/u8g2Lib/u8g2_font.c.obj
 .text.u8g2_DrawGlyph
                0x08007afa       0x4e CMakeFiles/St1x.elf.dir/Hardware/u8g2Lib/u8g2_font.c.obj
                0x08007afa                u8g2_DrawGlyph
 .text.u8g2_draw_string
                0x08007b48       0x7c CMakeFiles/St1x.elf.dir/Hardware/u8g2Lib/u8g2_font.c.obj
 .text.u8g2_DrawStr
                0x08007bc4       0x10 CMakeFiles/St1x.elf.dir/Hardware/u8g2Lib/u8g2_font.c.obj
                0x08007bc4                u8g2_DrawStr
 .text.u8g2_UpdateRefHeight
                0x08007bd4       0x64 CMakeFiles/St1x.elf.dir/Hardware/u8g2Lib/u8g2_font.c.obj
                0x08007bd4                u8g2_UpdateRefHeight
 .text.u8g2_SetFontPosBaseline
                0x08007c38        0xc CMakeFiles/St1x.elf.dir/Hardware/u8g2Lib/u8g2_font.c.obj
                0x08007c38                u8g2_SetFontPosBaseline
 .text.u8g2_SetFont
                0x08007c44       0x1c CMakeFiles/St1x.elf.dir/Hardware/u8g2Lib/u8g2_font.c.obj
                0x08007c44                u8g2_SetFont
 .text.u8g2_clip_intersection2
                0x08007c60       0x4c CMakeFiles/St1x.elf.dir/Hardware/u8g2Lib/u8g2_hvline.c.obj
 .text.u8g2_draw_hv_line_2dir
                0x08007cac       0x18 CMakeFiles/St1x.elf.dir/Hardware/u8g2Lib/u8g2_hvline.c.obj
                0x08007cac                u8g2_draw_hv_line_2dir
 .text.u8g2_DrawHVLine
                0x08007cc4       0xca CMakeFiles/St1x.elf.dir/Hardware/u8g2Lib/u8g2_hvline.c.obj
                0x08007cc4                u8g2_DrawHVLine
 .text.u8g2_is_intersection_decision_tree
                0x08007d8e       0x2c CMakeFiles/St1x.elf.dir/Hardware/u8g2Lib/u8g2_intersection.c.obj
                0x08007d8e                u8g2_is_intersection_decision_tree
 .text.u8g2_IsIntersection
                0x08007dba       0x2c CMakeFiles/St1x.elf.dir/Hardware/u8g2Lib/u8g2_intersection.c.obj
                0x08007dba                u8g2_IsIntersection
 .text.u8g2_ll_hvline_vertical_top_lsb
                0x08007de6       0xa4 CMakeFiles/St1x.elf.dir/Hardware/u8g2Lib/u8g2_ll_hvline.c.obj
                0x08007de6                u8g2_ll_hvline_vertical_top_lsb
 .text.u8g2_update_dimension_common
                0x08007e8a       0x52 CMakeFiles/St1x.elf.dir/Hardware/u8g2Lib/u8g2_setup.c.obj
 .text.u8g2_update_dimension_r3
                0x08007edc       0x18 CMakeFiles/St1x.elf.dir/Hardware/u8g2Lib/u8g2_setup.c.obj
                0x08007edc                u8g2_update_dimension_r3
 .text.u8g2_apply_clip_window
                0x08007ef4       0x70 CMakeFiles/St1x.elf.dir/Hardware/u8g2Lib/u8g2_setup.c.obj
 .text.u8g2_update_page_win_r3
                0x08007f64       0x38 CMakeFiles/St1x.elf.dir/Hardware/u8g2Lib/u8g2_setup.c.obj
                0x08007f64                u8g2_update_page_win_r3
 .text.u8g2_draw_l90_r3
                0x08007f9c       0x4a CMakeFiles/St1x.elf.dir/Hardware/u8g2Lib/u8g2_setup.c.obj
                0x08007f9c                u8g2_draw_l90_r3
 .text.u8g2_SetMaxClipWindow
                0x08007fe6       0x20 CMakeFiles/St1x.elf.dir/Hardware/u8g2Lib/u8g2_setup.c.obj
                0x08007fe6                u8g2_SetMaxClipWindow
 .text.u8g2_SetupBuffer
                0x08008006       0x44 CMakeFiles/St1x.elf.dir/Hardware/u8g2Lib/u8g2_setup.c.obj
                0x08008006                u8g2_SetupBuffer
 .text.u8x8_ascii_next
                0x0800804a       0x16 CMakeFiles/St1x.elf.dir/Hardware/u8g2Lib/u8x8_8x8.c.obj
                0x0800804a                u8x8_ascii_next
 .text.u8x8_utf8_init
                0x08008060        0x8 CMakeFiles/St1x.elf.dir/Hardware/u8g2Lib/u8x8_8x8.c.obj
                0x08008060                u8x8_utf8_init
 .text.u8x8_byte_SetDC
                0x08008068        0xe CMakeFiles/St1x.elf.dir/Hardware/u8g2Lib/u8x8_byte.c.obj
                0x08008068                u8x8_byte_SetDC
 .text.u8x8_byte_SendBytes
                0x08008076        0xe CMakeFiles/St1x.elf.dir/Hardware/u8g2Lib/u8x8_byte.c.obj
                0x08008076                u8x8_byte_SendBytes
 .text.u8x8_byte_SendByte
                0x08008084       0x18 CMakeFiles/St1x.elf.dir/Hardware/u8g2Lib/u8x8_byte.c.obj
                0x08008084                u8x8_byte_SendByte
 .text.u8x8_cad_SendCmd
                0x0800809c        0xe CMakeFiles/St1x.elf.dir/Hardware/u8g2Lib/u8x8_cad.c.obj
                0x0800809c                u8x8_cad_SendCmd
 .text.u8x8_cad_SendArg
                0x080080aa        0xe CMakeFiles/St1x.elf.dir/Hardware/u8g2Lib/u8x8_cad.c.obj
                0x080080aa                u8x8_cad_SendArg
 .text.u8x8_cad_SendData
                0x080080b8        0xe CMakeFiles/St1x.elf.dir/Hardware/u8g2Lib/u8x8_cad.c.obj
                0x080080b8                u8x8_cad_SendData
 .text.u8x8_cad_StartTransfer
                0x080080c6        0xe CMakeFiles/St1x.elf.dir/Hardware/u8g2Lib/u8x8_cad.c.obj
                0x080080c6                u8x8_cad_StartTransfer
 .text.u8x8_cad_EndTransfer
                0x080080d4        0xe CMakeFiles/St1x.elf.dir/Hardware/u8g2Lib/u8x8_cad.c.obj
                0x080080d4                u8x8_cad_EndTransfer
 .text.u8x8_cad_SendSequence
                0x080080e2       0x72 CMakeFiles/St1x.elf.dir/Hardware/u8g2Lib/u8x8_cad.c.obj
                0x080080e2                u8x8_cad_SendSequence
 .text.u8x8_cad_001
                0x08008154       0x5e CMakeFiles/St1x.elf.dir/Hardware/u8g2Lib/u8x8_cad.c.obj
                0x08008154                u8x8_cad_001
 *fill*         0x080081b2        0x2 
 .text.u8x8_d_sh1107_TK078F288_generic
                0x080081b4       0xe0 CMakeFiles/St1x.elf.dir/Hardware/u8g2Lib/u8x8_d_sh1107.c.obj
 .text.u8x8_d_sh1107_tk078f288_80x128
                0x08008294       0x40 CMakeFiles/St1x.elf.dir/Hardware/u8g2Lib/u8x8_d_sh1107.c.obj
                0x08008294                u8x8_d_sh1107_tk078f288_80x128
 .text.u8x8_d_helper_display_setup_memory
                0x080082d4        0xa CMakeFiles/St1x.elf.dir/Hardware/u8g2Lib/u8x8_display.c.obj
                0x080082d4                u8x8_d_helper_display_setup_memory
 .text.u8x8_d_helper_display_init
                0x080082de       0x62 CMakeFiles/St1x.elf.dir/Hardware/u8g2Lib/u8x8_display.c.obj
                0x080082de                u8x8_d_helper_display_init
 .text.u8x8_DrawTile
                0x08008340       0x22 CMakeFiles/St1x.elf.dir/Hardware/u8g2Lib/u8x8_display.c.obj
                0x08008340                u8x8_DrawTile
 .text.u8x8_SetupMemory
                0x08008362        0xe CMakeFiles/St1x.elf.dir/Hardware/u8g2Lib/u8x8_display.c.obj
                0x08008362                u8x8_SetupMemory
 .text.u8x8_InitDisplay
                0x08008370        0xe CMakeFiles/St1x.elf.dir/Hardware/u8g2Lib/u8x8_display.c.obj
                0x08008370                u8x8_InitDisplay
 .text.u8x8_SetPowerSave
                0x0800837e        0xe CMakeFiles/St1x.elf.dir/Hardware/u8g2Lib/u8x8_display.c.obj
                0x0800837e                u8x8_SetPowerSave
 .text.u8x8_RefreshDisplay
                0x0800838c        0xe CMakeFiles/St1x.elf.dir/Hardware/u8g2Lib/u8x8_display.c.obj
                0x0800838c                u8x8_RefreshDisplay
 .text.u8x8_gpio_call
                0x0800839a        0xa CMakeFiles/St1x.elf.dir/Hardware/u8g2Lib/u8x8_gpio.c.obj
                0x0800839a                u8x8_gpio_call
 .text.u8x8_dummy_cb
                0x080083a4        0x4 CMakeFiles/St1x.elf.dir/Hardware/u8g2Lib/u8x8_setup.c.obj
                0x080083a4                u8x8_dummy_cb
 .text.u8x8_SetupDefaults
                0x080083a8       0x28 CMakeFiles/St1x.elf.dir/Hardware/u8g2Lib/u8x8_setup.c.obj
                0x080083a8                u8x8_SetupDefaults
 .text.u8x8_Setup
                0x080083d0       0x20 CMakeFiles/St1x.elf.dir/Hardware/u8g2Lib/u8x8_setup.c.obj
                0x080083d0                u8x8_Setup
 .text.u8x8_byte_4wire_hw_spi
                0x080083f0       0x8c CMakeFiles/St1x.elf.dir/Hardware/u8g2_oled.c.obj
                0x080083f0                u8x8_byte_4wire_hw_spi
 .text.u8x8_stm32_gpio_and_delay
                0x0800847c       0x3c CMakeFiles/St1x.elf.dir/Hardware/u8g2_oled.c.obj
                0x0800847c                u8x8_stm32_gpio_and_delay
 .text.spi_oled_Init
                0x080084b8       0x44 CMakeFiles/St1x.elf.dir/Hardware/u8g2_oled.c.obj
                0x080084b8                spi_oled_Init
 .text.USBD_CUSTOM_HID_GetFSCfgDesc
                0x080084fc        0xc CMakeFiles/St1x.elf.dir/Middlewares/ST/STM32_USB_Device_Library/Class/CustomHID/Src/usbd_customhid.c.obj
 .text.USBD_CUSTOM_HID_GetHSCfgDesc
                0x08008508        0xc CMakeFiles/St1x.elf.dir/Middlewares/ST/STM32_USB_Device_Library/Class/CustomHID/Src/usbd_customhid.c.obj
 .text.USBD_CUSTOM_HID_GetOtherSpeedCfgDesc
                0x08008514        0xc CMakeFiles/St1x.elf.dir/Middlewares/ST/STM32_USB_Device_Library/Class/CustomHID/Src/usbd_customhid.c.obj
 .text.USBD_CUSTOM_HID_DataIn
                0x08008520        0xa CMakeFiles/St1x.elf.dir/Middlewares/ST/STM32_USB_Device_Library/Class/CustomHID/Src/usbd_customhid.c.obj
 .text.USBD_CUSTOM_HID_EP0_RxReady
                0x0800852a       0x22 CMakeFiles/St1x.elf.dir/Middlewares/ST/STM32_USB_Device_Library/Class/CustomHID/Src/usbd_customhid.c.obj
 .text.USBD_CUSTOM_HID_GetDeviceQualifierDesc
                0x0800854c        0xc CMakeFiles/St1x.elf.dir/Middlewares/ST/STM32_USB_Device_Library/Class/CustomHID/Src/usbd_customhid.c.obj
 .text.USBD_CUSTOM_HID_DataOut
                0x08008558       0x24 CMakeFiles/St1x.elf.dir/Middlewares/ST/STM32_USB_Device_Library/Class/CustomHID/Src/usbd_customhid.c.obj
 .text.USBD_CUSTOM_HID_Setup
                0x0800857c      0x124 CMakeFiles/St1x.elf.dir/Middlewares/ST/STM32_USB_Device_Library/Class/CustomHID/Src/usbd_customhid.c.obj
 .text.USBD_CUSTOM_HID_DeInit
                0x080086a0       0x38 CMakeFiles/St1x.elf.dir/Middlewares/ST/STM32_USB_Device_Library/Class/CustomHID/Src/usbd_customhid.c.obj
 .text.USBD_CUSTOM_HID_Init
                0x080086d8       0x50 CMakeFiles/St1x.elf.dir/Middlewares/ST/STM32_USB_Device_Library/Class/CustomHID/Src/usbd_customhid.c.obj
 .text.USBD_CUSTOM_HID_RegisterInterface
                0x08008728        0xe CMakeFiles/St1x.elf.dir/Middlewares/ST/STM32_USB_Device_Library/Class/CustomHID/Src/usbd_customhid.c.obj
                0x08008728                USBD_CUSTOM_HID_RegisterInterface
 .text.USBD_Init
                0x08008736       0x2e CMakeFiles/St1x.elf.dir/Middlewares/ST/STM32_USB_Device_Library/Core/Src/usbd_core.c.obj
                0x08008736                USBD_Init
 .text.USBD_RegisterClass
                0x08008764        0xe CMakeFiles/St1x.elf.dir/Middlewares/ST/STM32_USB_Device_Library/Core/Src/usbd_core.c.obj
                0x08008764                USBD_RegisterClass
 .text.USBD_Start
                0x08008772        0xa CMakeFiles/St1x.elf.dir/Middlewares/ST/STM32_USB_Device_Library/Core/Src/usbd_core.c.obj
                0x08008772                USBD_Start
 .text.USBD_SetClassConfig
                0x0800877c       0x18 CMakeFiles/St1x.elf.dir/Middlewares/ST/STM32_USB_Device_Library/Core/Src/usbd_core.c.obj
                0x0800877c                USBD_SetClassConfig
 .text.USBD_ClrClassConfig
                0x08008794        0xe CMakeFiles/St1x.elf.dir/Middlewares/ST/STM32_USB_Device_Library/Core/Src/usbd_core.c.obj
                0x08008794                USBD_ClrClassConfig
 .text.USBD_LL_SetupStage
                0x080087a2       0x5a CMakeFiles/St1x.elf.dir/Middlewares/ST/STM32_USB_Device_Library/Core/Src/usbd_core.c.obj
                0x080087a2                USBD_LL_SetupStage
 .text.USBD_LL_DataOutStage
                0x080087fc       0x8c CMakeFiles/St1x.elf.dir/Middlewares/ST/STM32_USB_Device_Library/Core/Src/usbd_core.c.obj
                0x080087fc                USBD_LL_DataOutStage
 .text.USBD_LL_DataInStage
                0x08008888       0xd0 CMakeFiles/St1x.elf.dir/Middlewares/ST/STM32_USB_Device_Library/Core/Src/usbd_core.c.obj
                0x08008888                USBD_LL_DataInStage
 .text.USBD_LL_Reset
                0x08008958       0x50 CMakeFiles/St1x.elf.dir/Middlewares/ST/STM32_USB_Device_Library/Core/Src/usbd_core.c.obj
                0x08008958                USBD_LL_Reset
 .text.USBD_LL_SetSpeed
                0x080089a8        0x6 CMakeFiles/St1x.elf.dir/Middlewares/ST/STM32_USB_Device_Library/Core/Src/usbd_core.c.obj
                0x080089a8                USBD_LL_SetSpeed
 .text.USBD_LL_Suspend
                0x080089ae       0x12 CMakeFiles/St1x.elf.dir/Middlewares/ST/STM32_USB_Device_Library/Core/Src/usbd_core.c.obj
                0x080089ae                USBD_LL_Suspend
 .text.USBD_LL_Resume
                0x080089c0       0x16 CMakeFiles/St1x.elf.dir/Middlewares/ST/STM32_USB_Device_Library/Core/Src/usbd_core.c.obj
                0x080089c0                USBD_LL_Resume
 .text.USBD_LL_SOF
                0x080089d6       0x1c CMakeFiles/St1x.elf.dir/Middlewares/ST/STM32_USB_Device_Library/Core/Src/usbd_core.c.obj
                0x080089d6                USBD_LL_SOF
 .text.USBD_GetLen
                0x080089f2       0x14 CMakeFiles/St1x.elf.dir/Middlewares/ST/STM32_USB_Device_Library/Core/Src/usbd_ctlreq.c.obj
 .text.USBD_SetFeature
                0x08008a06       0x14 CMakeFiles/St1x.elf.dir/Middlewares/ST/STM32_USB_Device_Library/Core/Src/usbd_ctlreq.c.obj
 .text.USBD_ParseSetupRequest
                0x08008a1a       0x28 CMakeFiles/St1x.elf.dir/Middlewares/ST/STM32_USB_Device_Library/Core/Src/usbd_ctlreq.c.obj
                0x08008a1a                USBD_ParseSetupRequest
 .text.USBD_CtlError
                0x08008a42       0x14 CMakeFiles/St1x.elf.dir/Middlewares/ST/STM32_USB_Device_Library/Core/Src/usbd_ctlreq.c.obj
                0x08008a42                USBD_CtlError
 .text.USBD_GetDescriptor
                0x08008a56      0x186 CMakeFiles/St1x.elf.dir/Middlewares/ST/STM32_USB_Device_Library/Core/Src/usbd_ctlreq.c.obj
 .text.USBD_SetAddress
                0x08008bdc       0x4e CMakeFiles/St1x.elf.dir/Middlewares/ST/STM32_USB_Device_Library/Core/Src/usbd_ctlreq.c.obj
 *fill*         0x08008c2a        0x2 
 .text.USBD_SetConfig
                0x08008c2c       0xb0 CMakeFiles/St1x.elf.dir/Middlewares/ST/STM32_USB_Device_Library/Core/Src/usbd_ctlreq.c.obj
 .text.USBD_GetConfig
                0x08008cdc       0x3e CMakeFiles/St1x.elf.dir/Middlewares/ST/STM32_USB_Device_Library/Core/Src/usbd_ctlreq.c.obj
 .text.USBD_GetStatus
                0x08008d1a       0x38 CMakeFiles/St1x.elf.dir/Middlewares/ST/STM32_USB_Device_Library/Core/Src/usbd_ctlreq.c.obj
 .text.USBD_ClrFeature
                0x08008d52       0x26 CMakeFiles/St1x.elf.dir/Middlewares/ST/STM32_USB_Device_Library/Core/Src/usbd_ctlreq.c.obj
 .text.USBD_StdDevReq
                0x08008d78       0x68 CMakeFiles/St1x.elf.dir/Middlewares/ST/STM32_USB_Device_Library/Core/Src/usbd_ctlreq.c.obj
                0x08008d78                USBD_StdDevReq
 .text.USBD_StdItfReq
                0x08008de0       0x60 CMakeFiles/St1x.elf.dir/Middlewares/ST/STM32_USB_Device_Library/Core/Src/usbd_ctlreq.c.obj
                0x08008de0                USBD_StdItfReq
 .text.USBD_StdEPReq
                0x08008e40      0x1e2 CMakeFiles/St1x.elf.dir/Middlewares/ST/STM32_USB_Device_Library/Core/Src/usbd_ctlreq.c.obj
                0x08008e40                USBD_StdEPReq
 .text.USBD_GetString
                0x08009022       0x3a CMakeFiles/St1x.elf.dir/Middlewares/ST/STM32_USB_Device_Library/Core/Src/usbd_ctlreq.c.obj
                0x08009022                USBD_GetString
 .text.USBD_CtlSendData
                0x0800905c       0x1a CMakeFiles/St1x.elf.dir/Middlewares/ST/STM32_USB_Device_Library/Core/Src/usbd_ioreq.c.obj
                0x0800905c                USBD_CtlSendData
 .text.USBD_CtlContinueSendData
                0x08009076       0x10 CMakeFiles/St1x.elf.dir/Middlewares/ST/STM32_USB_Device_Library/Core/Src/usbd_ioreq.c.obj
                0x08009076                USBD_CtlContinueSendData
 .text.USBD_CtlPrepareRx
                0x08009086       0x1e CMakeFiles/St1x.elf.dir/Middlewares/ST/STM32_USB_Device_Library/Core/Src/usbd_ioreq.c.obj
                0x08009086                USBD_CtlPrepareRx
 .text.USBD_CtlContinueRx
                0x080090a4       0x10 CMakeFiles/St1x.elf.dir/Middlewares/ST/STM32_USB_Device_Library/Core/Src/usbd_ioreq.c.obj
                0x080090a4                USBD_CtlContinueRx
 .text.USBD_CtlSendStatus
                0x080090b4       0x16 CMakeFiles/St1x.elf.dir/Middlewares/ST/STM32_USB_Device_Library/Core/Src/usbd_ioreq.c.obj
                0x080090b4                USBD_CtlSendStatus
 .text.USBD_CtlReceiveStatus
                0x080090ca       0x16 CMakeFiles/St1x.elf.dir/Middlewares/ST/STM32_USB_Device_Library/Core/Src/usbd_ioreq.c.obj
                0x080090ca                USBD_CtlReceiveStatus
 .text.MX_USB_DEVICE_Init
                0x080090e0       0x54 CMakeFiles/St1x.elf.dir/USB_DEVICE/App/usb_device.c.obj
                0x080090e0                MX_USB_DEVICE_Init
 .text.CUSTOM_HID_Init_FS
                0x08009134        0x4 CMakeFiles/St1x.elf.dir/USB_DEVICE/App/usbd_custom_hid_if.c.obj
 .text.CUSTOM_HID_DeInit_FS
                0x08009138        0x4 CMakeFiles/St1x.elf.dir/USB_DEVICE/App/usbd_custom_hid_if.c.obj
 .text.CUSTOM_HID_OutEvent_FS
                0x0800913c        0x4 CMakeFiles/St1x.elf.dir/USB_DEVICE/App/usbd_custom_hid_if.c.obj
 .text.USBD_FS_DeviceDescriptor
                0x08009140        0xc CMakeFiles/St1x.elf.dir/USB_DEVICE/App/usbd_desc.c.obj
                0x08009140                USBD_FS_DeviceDescriptor
 .text.USBD_FS_LangIDStrDescriptor
                0x0800914c        0xc CMakeFiles/St1x.elf.dir/USB_DEVICE/App/usbd_desc.c.obj
                0x0800914c                USBD_FS_LangIDStrDescriptor
 .text.IntToUnicode
                0x08009158       0x46 CMakeFiles/St1x.elf.dir/USB_DEVICE/App/usbd_desc.c.obj
 *fill*         0x0800919e        0x2 
 .text.Get_SerialNum
                0x080091a0       0x38 CMakeFiles/St1x.elf.dir/USB_DEVICE/App/usbd_desc.c.obj
 .text.USBD_FS_SerialStrDescriptor
                0x080091d8       0x14 CMakeFiles/St1x.elf.dir/USB_DEVICE/App/usbd_desc.c.obj
                0x080091d8                USBD_FS_SerialStrDescriptor
 .text.USBD_FS_ProductStrDescriptor
                0x080091ec       0x24 CMakeFiles/St1x.elf.dir/USB_DEVICE/App/usbd_desc.c.obj
                0x080091ec                USBD_FS_ProductStrDescriptor
 .text.USBD_FS_ManufacturerStrDescriptor
                0x08009210       0x1c CMakeFiles/St1x.elf.dir/USB_DEVICE/App/usbd_desc.c.obj
                0x08009210                USBD_FS_ManufacturerStrDescriptor
 .text.USBD_FS_ConfigStrDescriptor
                0x0800922c       0x24 CMakeFiles/St1x.elf.dir/USB_DEVICE/App/usbd_desc.c.obj
                0x0800922c                USBD_FS_ConfigStrDescriptor
 .text.USBD_FS_InterfaceStrDescriptor
                0x08009250       0x24 CMakeFiles/St1x.elf.dir/USB_DEVICE/App/usbd_desc.c.obj
                0x08009250                USBD_FS_InterfaceStrDescriptor
 .text.USBD_Get_USB_Status
                0x08009274       0x14 CMakeFiles/St1x.elf.dir/USB_DEVICE/Target/usbd_conf.c.obj
 .text.HAL_PCD_MspInit
                0x08009288       0x40 CMakeFiles/St1x.elf.dir/USB_DEVICE/Target/usbd_conf.c.obj
                0x08009288                HAL_PCD_MspInit
 .text.HAL_PCD_SetupStageCallback
                0x080092c8       0x10 CMakeFiles/St1x.elf.dir/USB_DEVICE/Target/usbd_conf.c.obj
                0x080092c8                HAL_PCD_SetupStageCallback
 .text.HAL_PCD_DataOutStageCallback
                0x080092d8       0x18 CMakeFiles/St1x.elf.dir/USB_DEVICE/Target/usbd_conf.c.obj
                0x080092d8                HAL_PCD_DataOutStageCallback
 .text.HAL_PCD_DataInStageCallback
                0x080092f0       0x16 CMakeFiles/St1x.elf.dir/USB_DEVICE/Target/usbd_conf.c.obj
                0x080092f0                HAL_PCD_DataInStageCallback
 .text.HAL_PCD_SOFCallback
                0x08009306        0xc CMakeFiles/St1x.elf.dir/USB_DEVICE/Target/usbd_conf.c.obj
                0x08009306                HAL_PCD_SOFCallback
 .text.HAL_PCD_ResetCallback
                0x08009312       0x24 CMakeFiles/St1x.elf.dir/USB_DEVICE/Target/usbd_conf.c.obj
                0x08009312                HAL_PCD_ResetCallback
 *fill*         0x08009336        0x2 
 .text.HAL_PCD_SuspendCallback
                0x08009338       0x20 CMakeFiles/St1x.elf.dir/USB_DEVICE/Target/usbd_conf.c.obj
                0x08009338                HAL_PCD_SuspendCallback
 .text.HAL_PCD_ResumeCallback
                0x08009358        0xc CMakeFiles/St1x.elf.dir/USB_DEVICE/Target/usbd_conf.c.obj
                0x08009358                HAL_PCD_ResumeCallback
 .text.USBD_LL_Init
                0x08009364       0x74 CMakeFiles/St1x.elf.dir/USB_DEVICE/Target/usbd_conf.c.obj
                0x08009364                USBD_LL_Init
 .text.USBD_LL_Start
                0x080093d8       0x10 CMakeFiles/St1x.elf.dir/USB_DEVICE/Target/usbd_conf.c.obj
                0x080093d8                USBD_LL_Start
 .text.USBD_LL_OpenEP
                0x080093e8       0x16 CMakeFiles/St1x.elf.dir/USB_DEVICE/Target/usbd_conf.c.obj
                0x080093e8                USBD_LL_OpenEP
 .text.USBD_LL_CloseEP
                0x080093fe       0x10 CMakeFiles/St1x.elf.dir/USB_DEVICE/Target/usbd_conf.c.obj
                0x080093fe                USBD_LL_CloseEP
 .text.USBD_LL_StallEP
                0x0800940e       0x10 CMakeFiles/St1x.elf.dir/USB_DEVICE/Target/usbd_conf.c.obj
                0x0800940e                USBD_LL_StallEP
 .text.USBD_LL_ClearStallEP
                0x0800941e       0x10 CMakeFiles/St1x.elf.dir/USB_DEVICE/Target/usbd_conf.c.obj
                0x0800941e                USBD_LL_ClearStallEP
 .text.USBD_LL_IsStallEP
                0x0800942e       0x2e CMakeFiles/St1x.elf.dir/USB_DEVICE/Target/usbd_conf.c.obj
                0x0800942e                USBD_LL_IsStallEP
 .text.USBD_LL_SetUSBAddress
                0x0800945c       0x10 CMakeFiles/St1x.elf.dir/USB_DEVICE/Target/usbd_conf.c.obj
                0x0800945c                USBD_LL_SetUSBAddress
 .text.USBD_LL_Transmit
                0x0800946c       0x10 CMakeFiles/St1x.elf.dir/USB_DEVICE/Target/usbd_conf.c.obj
                0x0800946c                USBD_LL_Transmit
 .text.USBD_LL_PrepareReceive
                0x0800947c       0x10 CMakeFiles/St1x.elf.dir/USB_DEVICE/Target/usbd_conf.c.obj
                0x0800947c                USBD_LL_PrepareReceive
 .text.USBD_static_malloc
                0x0800948c        0x8 CMakeFiles/St1x.elf.dir/USB_DEVICE/Target/usbd_conf.c.obj
                0x0800948c                USBD_static_malloc
 .text.USBD_static_free
                0x08009494        0x2 CMakeFiles/St1x.elf.dir/USB_DEVICE/Target/usbd_conf.c.obj
                0x08009494                USBD_static_free
 .text.HAL_PCDEx_SetConnectionState
                0x08009496        0x2 CMakeFiles/St1x.elf.dir/USB_DEVICE/Target/usbd_conf.c.obj
                0x08009496                HAL_PCDEx_SetConnectionState
 .text.__errno  0x08009498        0xc d:/program/embedded/gcc-arm-none-eabi/bin/../lib/gcc/arm-none-eabi/10.3.1/../../../../arm-none-eabi/lib/thumb/v7-m/nofp\libg.a(lib_a-errno.o)
                0x08009498                __errno
 .text.__libc_init_array
                0x080094a4       0x48 d:/program/embedded/gcc-arm-none-eabi/bin/../lib/gcc/arm-none-eabi/10.3.1/../../../../arm-none-eabi/lib/thumb/v7-m/nofp\libg.a(lib_a-init.o)
                0x080094a4                __libc_init_array
 .text.memset   0x080094ec       0xa4 d:/program/embedded/gcc-arm-none-eabi/bin/../lib/gcc/arm-none-eabi/10.3.1/../../../../arm-none-eabi/lib/thumb/v7-m/nofp\libg.a(lib_a-memset.o)
                0x080094ec                memset
 .text.printf   0x08009590       0x28 d:/program/embedded/gcc-arm-none-eabi/bin/../lib/gcc/arm-none-eabi/10.3.1/../../../../arm-none-eabi/lib/thumb/v7-m/nofp\libg.a(lib_a-printf.o)
                0x08009590                printf
 .text._puts_r  0x080095b8       0x9c d:/program/embedded/gcc-arm-none-eabi/bin/../lib/gcc/arm-none-eabi/10.3.1/../../../../arm-none-eabi/lib/thumb/v7-m/nofp\libg.a(lib_a-puts.o)
                0x080095b8                _puts_r
 .text.puts     0x08009654       0x10 d:/program/embedded/gcc-arm-none-eabi/bin/../lib/gcc/arm-none-eabi/10.3.1/../../../../arm-none-eabi/lib/thumb/v7-m/nofp\libg.a(lib_a-puts.o)
                0x08009654                puts
 .text.sprintf  0x08009664       0x44 d:/program/embedded/gcc-arm-none-eabi/bin/../lib/gcc/arm-none-eabi/10.3.1/../../../../arm-none-eabi/lib/thumb/v7-m/nofp\libg.a(lib_a-sprintf.o)
                0x08009664                sprintf
 .text.strlen   0x080096a8       0x5c d:/program/embedded/gcc-arm-none-eabi/bin/../lib/gcc/arm-none-eabi/10.3.1/../../../../arm-none-eabi/lib/thumb/v7-m/nofp\libg.a(lib_a-strlen-stub.o)
                0x080096a8                strlen
 .text._svfprintf_r
                0x08009704     0x1aa4 d:/program/embedded/gcc-arm-none-eabi/bin/../lib/gcc/arm-none-eabi/10.3.1/../../../../arm-none-eabi/lib/thumb/v7-m/nofp\libg.a(lib_a-svfprintf.o)
                0x08009704                _svfprintf_r
 .text._vfprintf_r
                0x0800b1a8     0x1b58 d:/program/embedded/gcc-arm-none-eabi/bin/../lib/gcc/arm-none-eabi/10.3.1/../../../../arm-none-eabi/lib/thumb/v7-m/nofp\libg.a(lib_a-vfprintf.o)
                0x0800b1a8                _vfprintf_r
 .text.__sbprintf
                0x0800cd00       0x84 d:/program/embedded/gcc-arm-none-eabi/bin/../lib/gcc/arm-none-eabi/10.3.1/../../../../arm-none-eabi/lib/thumb/v7-m/nofp\libg.a(lib_a-vfprintf.o)
 .text.__swsetup_r
                0x0800cd84       0xd4 d:/program/embedded/gcc-arm-none-eabi/bin/../lib/gcc/arm-none-eabi/10.3.1/../../../../arm-none-eabi/lib/thumb/v7-m/nofp\libg.a(lib_a-wsetup.o)
                0x0800cd84                __swsetup_r
 .text.startup.register_fini
                0x0800ce58       0x14 d:/program/embedded/gcc-arm-none-eabi/bin/../lib/gcc/arm-none-eabi/10.3.1/../../../../arm-none-eabi/lib/thumb/v7-m/nofp\libg.a(lib_a-__call_atexit.o)
 .text.atexit   0x0800ce6c        0xc d:/program/embedded/gcc-arm-none-eabi/bin/../lib/gcc/arm-none-eabi/10.3.1/../../../../arm-none-eabi/lib/thumb/v7-m/nofp\libg.a(lib_a-atexit.o)
                0x0800ce6c                atexit
 .text.quorem   0x0800ce78      0x12c d:/program/embedded/gcc-arm-none-eabi/bin/../lib/gcc/arm-none-eabi/10.3.1/../../../../arm-none-eabi/lib/thumb/v7-m/nofp\libg.a(lib_a-dtoa.o)
 *fill*         0x0800cfa4        0x4 
 .text._dtoa_r  0x0800cfa8      0xecc d:/program/embedded/gcc-arm-none-eabi/bin/../lib/gcc/arm-none-eabi/10.3.1/../../../../arm-none-eabi/lib/thumb/v7-m/nofp\libg.a(lib_a-dtoa.o)
                0x0800cfa8                _dtoa_r
 .text.__sflush_r
                0x0800de74      0x124 d:/program/embedded/gcc-arm-none-eabi/bin/../lib/gcc/arm-none-eabi/10.3.1/../../../../arm-none-eabi/lib/thumb/v7-m/nofp\libg.a(lib_a-fflush.o)
                0x0800de74                __sflush_r
 .text._fflush_r
                0x0800df98       0x5c d:/program/embedded/gcc-arm-none-eabi/bin/../lib/gcc/arm-none-eabi/10.3.1/../../../../arm-none-eabi/lib/thumb/v7-m/nofp\libg.a(lib_a-fflush.o)
                0x0800df98                _fflush_r
 .text._cleanup_r
                0x0800dff4        0xc d:/program/embedded/gcc-arm-none-eabi/bin/../lib/gcc/arm-none-eabi/10.3.1/../../../../arm-none-eabi/lib/thumb/v7-m/nofp\libg.a(lib_a-findfp.o)
                0x0800dff4                _cleanup_r
 .text.__sinit  0x0800e000      0x10c d:/program/embedded/gcc-arm-none-eabi/bin/../lib/gcc/arm-none-eabi/10.3.1/../../../../arm-none-eabi/lib/thumb/v7-m/nofp\libg.a(lib_a-findfp.o)
                0x0800e000                __sinit
 .text.__sfp_lock_acquire
                0x0800e10c        0xc d:/program/embedded/gcc-arm-none-eabi/bin/../lib/gcc/arm-none-eabi/10.3.1/../../../../arm-none-eabi/lib/thumb/v7-m/nofp\libg.a(lib_a-findfp.o)
                0x0800e10c                __sfp_lock_acquire
 .text.__sfp_lock_release
                0x0800e118        0xc d:/program/embedded/gcc-arm-none-eabi/bin/../lib/gcc/arm-none-eabi/10.3.1/../../../../arm-none-eabi/lib/thumb/v7-m/nofp\libg.a(lib_a-findfp.o)
                0x0800e118                __sfp_lock_release
 .text.__libc_fini_array
                0x0800e124       0x2c d:/program/embedded/gcc-arm-none-eabi/bin/../lib/gcc/arm-none-eabi/10.3.1/../../../../arm-none-eabi/lib/thumb/v7-m/nofp\libg.a(lib_a-fini.o)
                0x0800e124                __libc_fini_array
 .text._malloc_trim_r
                0x0800e150       0xa0 d:/program/embedded/gcc-arm-none-eabi/bin/../lib/gcc/arm-none-eabi/10.3.1/../../../../arm-none-eabi/lib/thumb/v7-m/nofp\libg.a(lib_a-freer.o)
                0x0800e150                _malloc_trim_r
 .text._free_r  0x0800e1f0      0x200 d:/program/embedded/gcc-arm-none-eabi/bin/../lib/gcc/arm-none-eabi/10.3.1/../../../../arm-none-eabi/lib/thumb/v7-m/nofp\libg.a(lib_a-freer.o)
                0x0800e1f0                _free_r
 .text.__sfvwrite_r
                0x0800e3f0      0x2f0 d:/program/embedded/gcc-arm-none-eabi/bin/../lib/gcc/arm-none-eabi/10.3.1/../../../../arm-none-eabi/lib/thumb/v7-m/nofp\libg.a(lib_a-fvwrite.o)
                0x0800e3f0                __sfvwrite_r
 .text._fwalk_reent
                0x0800e6e0       0x48 d:/program/embedded/gcc-arm-none-eabi/bin/../lib/gcc/arm-none-eabi/10.3.1/../../../../arm-none-eabi/lib/thumb/v7-m/nofp\libg.a(lib_a-fwalk.o)
                0x0800e6e0                _fwalk_reent
 .text._localeconv_r
                0x0800e728        0x8 d:/program/embedded/gcc-arm-none-eabi/bin/../lib/gcc/arm-none-eabi/10.3.1/../../../../arm-none-eabi/lib/thumb/v7-m/nofp\libg.a(lib_a-localeconv.o)
                0x0800e728                _localeconv_r
 .text.__retarget_lock_init_recursive
                0x0800e730        0x4 d:/program/embedded/gcc-arm-none-eabi/bin/../lib/gcc/arm-none-eabi/10.3.1/../../../../arm-none-eabi/lib/thumb/v7-m/nofp\libg.a(lib_a-lock.o)
                0x0800e730                __retarget_lock_init_recursive
 .text.__retarget_lock_close_recursive
                0x0800e734        0x4 d:/program/embedded/gcc-arm-none-eabi/bin/../lib/gcc/arm-none-eabi/10.3.1/../../../../arm-none-eabi/lib/thumb/v7-m/nofp\libg.a(lib_a-lock.o)
                0x0800e734                __retarget_lock_close_recursive
 .text.__retarget_lock_acquire_recursive
                0x0800e738        0x4 d:/program/embedded/gcc-arm-none-eabi/bin/../lib/gcc/arm-none-eabi/10.3.1/../../../../arm-none-eabi/lib/thumb/v7-m/nofp\libg.a(lib_a-lock.o)
                0x0800e738                __retarget_lock_acquire_recursive
 .text.__retarget_lock_release_recursive
                0x0800e73c        0x4 d:/program/embedded/gcc-arm-none-eabi/bin/../lib/gcc/arm-none-eabi/10.3.1/../../../../arm-none-eabi/lib/thumb/v7-m/nofp\libg.a(lib_a-lock.o)
                0x0800e73c                __retarget_lock_release_recursive
 .text.__smakebuf_r
                0x0800e740       0xe0 d:/program/embedded/gcc-arm-none-eabi/bin/../lib/gcc/arm-none-eabi/10.3.1/../../../../arm-none-eabi/lib/thumb/v7-m/nofp\libg.a(lib_a-makebuf.o)
                0x0800e740                __smakebuf_r
 .text._malloc_r
                0x0800e820      0x558 d:/program/embedded/gcc-arm-none-eabi/bin/../lib/gcc/arm-none-eabi/10.3.1/../../../../arm-none-eabi/lib/thumb/v7-m/nofp\libg.a(lib_a-mallocr.o)
                0x0800e820                _malloc_r
 .text.memchr   0x0800ed78       0x90 d:/program/embedded/gcc-arm-none-eabi/bin/../lib/gcc/arm-none-eabi/10.3.1/../../../../arm-none-eabi/lib/thumb/v7-m/nofp\libg.a(lib_a-memchr-stub.o)
                0x0800ed78                memchr
 .text.memmove  0x0800ee08       0xf8 d:/program/embedded/gcc-arm-none-eabi/bin/../lib/gcc/arm-none-eabi/10.3.1/../../../../arm-none-eabi/lib/thumb/v7-m/nofp\libg.a(lib_a-memmove.o)
                0x0800ee08                memmove
 .text.__malloc_lock
                0x0800ef00        0xc d:/program/embedded/gcc-arm-none-eabi/bin/../lib/gcc/arm-none-eabi/10.3.1/../../../../arm-none-eabi/lib/thumb/v7-m/nofp\libg.a(lib_a-mlock.o)
                0x0800ef00                __malloc_lock
 .text.__malloc_unlock
                0x0800ef0c        0xc d:/program/embedded/gcc-arm-none-eabi/bin/../lib/gcc/arm-none-eabi/10.3.1/../../../../arm-none-eabi/lib/thumb/v7-m/nofp\libg.a(lib_a-mlock.o)
                0x0800ef0c                __malloc_unlock
 .text._Balloc  0x0800ef18       0x4c d:/program/embedded/gcc-arm-none-eabi/bin/../lib/gcc/arm-none-eabi/10.3.1/../../../../arm-none-eabi/lib/thumb/v7-m/nofp\libg.a(lib_a-mprec.o)
                0x0800ef18                _Balloc
 .text._Bfree   0x0800ef64       0x14 d:/program/embedded/gcc-arm-none-eabi/bin/../lib/gcc/arm-none-eabi/10.3.1/../../../../arm-none-eabi/lib/thumb/v7-m/nofp\libg.a(lib_a-mprec.o)
                0x0800ef64                _Bfree
 .text.__multadd
                0x0800ef78       0xa4 d:/program/embedded/gcc-arm-none-eabi/bin/../lib/gcc/arm-none-eabi/10.3.1/../../../../arm-none-eabi/lib/thumb/v7-m/nofp\libg.a(lib_a-mprec.o)
                0x0800ef78                __multadd
 .text.__hi0bits
                0x0800f01c       0x40 d:/program/embedded/gcc-arm-none-eabi/bin/../lib/gcc/arm-none-eabi/10.3.1/../../../../arm-none-eabi/lib/thumb/v7-m/nofp\libg.a(lib_a-mprec.o)
                0x0800f01c                __hi0bits
 .text.__lo0bits
                0x0800f05c       0x58 d:/program/embedded/gcc-arm-none-eabi/bin/../lib/gcc/arm-none-eabi/10.3.1/../../../../arm-none-eabi/lib/thumb/v7-m/nofp\libg.a(lib_a-mprec.o)
                0x0800f05c                __lo0bits
 .text.__i2b    0x0800f0b4       0x5c d:/program/embedded/gcc-arm-none-eabi/bin/../lib/gcc/arm-none-eabi/10.3.1/../../../../arm-none-eabi/lib/thumb/v7-m/nofp\libg.a(lib_a-mprec.o)
                0x0800f0b4                __i2b
 .text.__multiply
                0x0800f110      0x15c d:/program/embedded/gcc-arm-none-eabi/bin/../lib/gcc/arm-none-eabi/10.3.1/../../../../arm-none-eabi/lib/thumb/v7-m/nofp\libg.a(lib_a-mprec.o)
                0x0800f110                __multiply
 .text.__pow5mult
                0x0800f26c       0xb8 d:/program/embedded/gcc-arm-none-eabi/bin/../lib/gcc/arm-none-eabi/10.3.1/../../../../arm-none-eabi/lib/thumb/v7-m/nofp\libg.a(lib_a-mprec.o)
                0x0800f26c                __pow5mult
 .text.__lshift
                0x0800f324       0xec d:/program/embedded/gcc-arm-none-eabi/bin/../lib/gcc/arm-none-eabi/10.3.1/../../../../arm-none-eabi/lib/thumb/v7-m/nofp\libg.a(lib_a-mprec.o)
                0x0800f324                __lshift
 .text.__mcmp   0x0800f410       0x40 d:/program/embedded/gcc-arm-none-eabi/bin/../lib/gcc/arm-none-eabi/10.3.1/../../../../arm-none-eabi/lib/thumb/v7-m/nofp\libg.a(lib_a-mprec.o)
                0x0800f410                __mcmp
 .text.__mdiff  0x0800f450      0x14c d:/program/embedded/gcc-arm-none-eabi/bin/../lib/gcc/arm-none-eabi/10.3.1/../../../../arm-none-eabi/lib/thumb/v7-m/nofp\libg.a(lib_a-mprec.o)
                0x0800f450                __mdiff
 .text.__d2b    0x0800f59c       0xc4 d:/program/embedded/gcc-arm-none-eabi/bin/../lib/gcc/arm-none-eabi/10.3.1/../../../../arm-none-eabi/lib/thumb/v7-m/nofp\libg.a(lib_a-mprec.o)
                0x0800f59c                __d2b
 .text._realloc_r
                0x0800f660      0x3dc d:/program/embedded/gcc-arm-none-eabi/bin/../lib/gcc/arm-none-eabi/10.3.1/../../../../arm-none-eabi/lib/thumb/v7-m/nofp\libg.a(lib_a-reallocr.o)
                0x0800f660                _realloc_r
 .text.frexp    0x0800fa3c       0x70 d:/program/embedded/gcc-arm-none-eabi/bin/../lib/gcc/arm-none-eabi/10.3.1/../../../../arm-none-eabi/lib/thumb/v7-m/nofp\libg.a(lib_a-s_frexp.o)
                0x0800fa3c                frexp
 .text._sbrk_r  0x0800faac       0x24 d:/program/embedded/gcc-arm-none-eabi/bin/../lib/gcc/arm-none-eabi/10.3.1/../../../../arm-none-eabi/lib/thumb/v7-m/nofp\libg.a(lib_a-sbrkr.o)
                0x0800faac                _sbrk_r
 .text.__sread  0x0800fad0       0x24 d:/program/embedded/gcc-arm-none-eabi/bin/../lib/gcc/arm-none-eabi/10.3.1/../../../../arm-none-eabi/lib/thumb/v7-m/nofp\libg.a(lib_a-stdio.o)
                0x0800fad0                __sread
 .text.__swrite
                0x0800faf4       0x40 d:/program/embedded/gcc-arm-none-eabi/bin/../lib/gcc/arm-none-eabi/10.3.1/../../../../arm-none-eabi/lib/thumb/v7-m/nofp\libg.a(lib_a-stdio.o)
                0x0800faf4                __swrite
 .text.__sseek  0x0800fb34       0x20 d:/program/embedded/gcc-arm-none-eabi/bin/../lib/gcc/arm-none-eabi/10.3.1/../../../../arm-none-eabi/lib/thumb/v7-m/nofp\libg.a(lib_a-stdio.o)
                0x0800fb34                __sseek
 .text.__sclose
                0x0800fb54        0x8 d:/program/embedded/gcc-arm-none-eabi/bin/../lib/gcc/arm-none-eabi/10.3.1/../../../../arm-none-eabi/lib/thumb/v7-m/nofp\libg.a(lib_a-stdio.o)
                0x0800fb54                __sclose
 .text.strncpy  0x0800fb5c       0x68 d:/program/embedded/gcc-arm-none-eabi/bin/../lib/gcc/arm-none-eabi/10.3.1/../../../../arm-none-eabi/lib/thumb/v7-m/nofp\libg.a(lib_a-strncpy.o)
                0x0800fb5c                strncpy
 .text.__ssprint_r
                0x0800fbc4       0xfc d:/program/embedded/gcc-arm-none-eabi/bin/../lib/gcc/arm-none-eabi/10.3.1/../../../../arm-none-eabi/lib/thumb/v7-m/nofp\libg.a(lib_a-svfiprintf.o)
                0x0800fbc4                __ssprint_r
 .text.__sprint_r.part.0
                0x0800fcc0       0x78 d:/program/embedded/gcc-arm-none-eabi/bin/../lib/gcc/arm-none-eabi/10.3.1/../../../../arm-none-eabi/lib/thumb/v7-m/nofp\libg.a(lib_a-vfiprintf.o)
 .text.__sprint_r
                0x0800fd38       0x14 d:/program/embedded/gcc-arm-none-eabi/bin/../lib/gcc/arm-none-eabi/10.3.1/../../../../arm-none-eabi/lib/thumb/v7-m/nofp\libg.a(lib_a-vfiprintf.o)
                0x0800fd38                __sprint_r
 .text._vfiprintf_r
                0x0800fd4c      0xd98 d:/program/embedded/gcc-arm-none-eabi/bin/../lib/gcc/arm-none-eabi/10.3.1/../../../../arm-none-eabi/lib/thumb/v7-m/nofp\libg.a(lib_a-vfiprintf.o)
                0x0800fd4c                _vfiprintf_r
 .text.__sbprintf
                0x08010ae4       0x84 d:/program/embedded/gcc-arm-none-eabi/bin/../lib/gcc/arm-none-eabi/10.3.1/../../../../arm-none-eabi/lib/thumb/v7-m/nofp\libg.a(lib_a-vfiprintf.o)
 .text._write_r
                0x08010b68       0x2c d:/program/embedded/gcc-arm-none-eabi/bin/../lib/gcc/arm-none-eabi/10.3.1/../../../../arm-none-eabi/lib/thumb/v7-m/nofp\libg.a(lib_a-writer.o)
                0x08010b68                _write_r
 .text.__register_exitproc
                0x08010b94       0x8c d:/program/embedded/gcc-arm-none-eabi/bin/../lib/gcc/arm-none-eabi/10.3.1/../../../../arm-none-eabi/lib/thumb/v7-m/nofp\libg.a(lib_a-__atexit.o)
                0x08010b94                __register_exitproc
 .text.__assert_func