Archive member included to satisfy reference by file (symbol)

d:/program/clinon/gcc-arm-none-eabi/bin/../lib/gcc/arm-none-eabi/10.3.1/thumb/v7-m/nofp\libgcc.a(_arm_muldf3.o)
                              CMakeFiles/St1x.elf.dir/HW_Driver/St1xADC.c.obj (__aeabi_dmul)
d:/program/clinon/gcc-arm-none-eabi/bin/../lib/gcc/arm-none-eabi/10.3.1/thumb/v7-m/nofp\libgcc.a(_arm_addsubdf3.o)
                              CMakeFiles/St1x.elf.dir/HW_Driver/St1xADC.c.obj (__aeabi_i2d)
d:/program/clinon/gcc-arm-none-eabi/bin/../lib/gcc/arm-none-eabi/10.3.1/thumb/v7-m/nofp\libgcc.a(_arm_truncdfsf2.o)
                              CMakeFiles/St1x.elf.dir/HW_Driver/u8g2_oled.c.obj (__aeabi_d2f)
d:/program/clinon/gcc-arm-none-eabi/bin/../lib/gcc/arm-none-eabi/10.3.1/../../../../arm-none-eabi/lib/thumb/v7-m/nofp\libg.a(lib_a-errno.o)
                              CMakeFiles/St1x.elf.dir/Core/Src/syscalls.c.obj (__errno)
d:/program/clinon/gcc-arm-none-eabi/bin/../lib/gcc/arm-none-eabi/10.3.1/../../../../arm-none-eabi/lib/thumb/v7-m/nofp\libg.a(lib_a-exit.o)
                              d:/program/clinon/gcc-arm-none-eabi/bin/../lib/gcc/arm-none-eabi/10.3.1/../../../../arm-none-eabi/lib/thumb/v7-m/nofp/crt0.o (exit)
d:/program/clinon/gcc-arm-none-eabi/bin/../lib/gcc/arm-none-eabi/10.3.1/../../../../arm-none-eabi/lib/thumb/v7-m/nofp\libg.a(lib_a-impure.o)
                              d:/program/clinon/gcc-arm-none-eabi/bin/../lib/gcc/arm-none-eabi/10.3.1/../../../../arm-none-eabi/lib/thumb/v7-m/nofp\libg.a(lib_a-exit.o) (_global_impure_ptr)
d:/program/clinon/gcc-arm-none-eabi/bin/../lib/gcc/arm-none-eabi/10.3.1/../../../../arm-none-eabi/lib/thumb/v7-m/nofp\libg.a(lib_a-init.o)
                              d:/program/clinon/gcc-arm-none-eabi/bin/../lib/gcc/arm-none-eabi/10.3.1/../../../../arm-none-eabi/lib/thumb/v7-m/nofp/crt0.o (__libc_init_array)
d:/program/clinon/gcc-arm-none-eabi/bin/../lib/gcc/arm-none-eabi/10.3.1/../../../../arm-none-eabi/lib/thumb/v7-m/nofp\libg.a(lib_a-memset.o)
                              d:/program/clinon/gcc-arm-none-eabi/bin/../lib/gcc/arm-none-eabi/10.3.1/../../../../arm-none-eabi/lib/thumb/v7-m/nofp/crt0.o (memset)
d:/program/clinon/gcc-arm-none-eabi/bin/../lib/gcc/arm-none-eabi/10.3.1/../../../../arm-none-eabi/lib/thumb/v7-m/nofp\libg.a(lib_a-printf.o)
                              CMakeFiles/St1x.elf.dir/HW_Driver/St1xADC.c.obj (printf)
d:/program/clinon/gcc-arm-none-eabi/bin/../lib/gcc/arm-none-eabi/10.3.1/../../../../arm-none-eabi/lib/thumb/v7-m/nofp\libg.a(lib_a-puts.o)
                              CMakeFiles/St1x.elf.dir/HW_Driver/LED.c.obj (puts)
d:/program/clinon/gcc-arm-none-eabi/bin/../lib/gcc/arm-none-eabi/10.3.1/../../../../arm-none-eabi/lib/thumb/v7-m/nofp\libg.a(lib_a-sprintf.o)
                              CMakeFiles/St1x.elf.dir/HW_Driver/St1xADC.c.obj (sprintf)
d:/program/clinon/gcc-arm-none-eabi/bin/../lib/gcc/arm-none-eabi/10.3.1/../../../../arm-none-eabi/lib/thumb/v7-m/nofp\libg.a(lib_a-strlen-stub.o)
                              CMakeFiles/St1x.elf.dir/HW_Driver/oled.c.obj (strlen)
d:/program/clinon/gcc-arm-none-eabi/bin/../lib/gcc/arm-none-eabi/10.3.1/../../../../arm-none-eabi/lib/thumb/v7-m/nofp\libg.a(lib_a-svfprintf.o)
                              d:/program/clinon/gcc-arm-none-eabi/bin/../lib/gcc/arm-none-eabi/10.3.1/../../../../arm-none-eabi/lib/thumb/v7-m/nofp\libg.a(lib_a-sprintf.o) (_svfprintf_r)
d:/program/clinon/gcc-arm-none-eabi/bin/../lib/gcc/arm-none-eabi/10.3.1/../../../../arm-none-eabi/lib/thumb/v7-m/nofp\libg.a(lib_a-vfprintf.o)
                              d:/program/clinon/gcc-arm-none-eabi/bin/../lib/gcc/arm-none-eabi/10.3.1/../../../../arm-none-eabi/lib/thumb/v7-m/nofp\libg.a(lib_a-printf.o) (_vfprintf_r)
d:/program/clinon/gcc-arm-none-eabi/bin/../lib/gcc/arm-none-eabi/10.3.1/../../../../arm-none-eabi/lib/thumb/v7-m/nofp\libg.a(lib_a-vsnprintf.o)
                              CMakeFiles/St1x.elf.dir/HW_Driver/oled.c.obj (vsnprintf)
d:/program/clinon/gcc-arm-none-eabi/bin/../lib/gcc/arm-none-eabi/10.3.1/../../../../arm-none-eabi/lib/thumb/v7-m/nofp\libg.a(lib_a-wsetup.o)
                              d:/program/clinon/gcc-arm-none-eabi/bin/../lib/gcc/arm-none-eabi/10.3.1/../../../../arm-none-eabi/lib/thumb/v7-m/nofp\libg.a(lib_a-vfprintf.o) (__swsetup_r)
d:/program/clinon/gcc-arm-none-eabi/bin/../lib/gcc/arm-none-eabi/10.3.1/../../../../arm-none-eabi/lib/thumb/v7-m/nofp\libg.a(lib_a-__call_atexit.o)
                              d:/program/clinon/gcc-arm-none-eabi/bin/../lib/gcc/arm-none-eabi/10.3.1/../../../../arm-none-eabi/lib/thumb/v7-m/nofp\libg.a(lib_a-exit.o) (__call_exitprocs)
d:/program/clinon/gcc-arm-none-eabi/bin/../lib/gcc/arm-none-eabi/10.3.1/../../../../arm-none-eabi/lib/thumb/v7-m/nofp\libg.a(lib_a-atexit.o)
                              d:/program/clinon/gcc-arm-none-eabi/bin/../lib/gcc/arm-none-eabi/10.3.1/../../../../arm-none-eabi/lib/thumb/v7-m/nofp\libg.a(lib_a-__call_atexit.o) (atexit)
[...]
Memory Configuration

Name             Origin             Length             Attributes
RAM              0x20000000         0x00005000         xrw
FLASH            0x08000000         0x00020000         xr
*default*        0x00000000         0xffffffff

Linker script and memory map

LOAD d:/program/clinon/gcc-arm-none-eabi/bin/../lib/gcc/arm-none-eabi/10.3.1/thumb/v7-m/nofp/crti.o
LOAD d:/program/clinon/gcc-arm-none-eabi/bin/../lib/gcc/arm-none-eabi/10.3.1/thumb/v7-m/nofp/crtbegin.o
LOAD d:/program/clinon/gcc-arm-none-eabi/bin/../lib/gcc/arm-none-eabi/10.3.1/../../../../arm-none-eabi/lib/thumb/v7-m/nofp/crt0.o
LOAD CMakeFiles/St1x.elf.dir/Core/Src/adc.c.obj
LOAD CMakeFiles/St1x.elf.dir/Core/Src/dma.c.obj
LOAD CMakeFiles/St1x.elf.dir/Core/Src/gpio.c.obj
LOAD CMakeFiles/St1x.elf.dir/Core/Src/i2c.c.obj
LOAD CMakeFiles/St1x.elf.dir/Core/Src/main.c.obj
LOAD CMakeFiles/St1x.elf.dir/Core/Src/spi.c.obj
LOAD CMakeFiles/St1x.elf.dir/Core/Src/stm32f1xx_hal_msp.c.obj
LOAD CMakeFiles/St1x.elf.dir/Core/Src/stm32f1xx_it.c.obj
LOAD CMakeFiles/St1x.elf.dir/Core/Src/syscalls.c.obj
LOAD CMakeFiles/St1x.elf.dir/Core/Src/sysmem.c.obj
LOAD CMakeFiles/St1x.elf.dir/Core/Src/system_stm32f1xx.c.obj
LOAD CMakeFiles/St1x.elf.dir/Core/Src/tim.c.obj
LOAD CMakeFiles/St1x.elf.dir/Core/Src/usart.c.obj
LOAD CMakeFiles/St1x.elf.dir/Core/Startup/startup_stm32f103cbtx.s.obj
LOAD CMakeFiles/St1x.elf.dir/Drivers/STM32F1xx_HAL_Driver/Src/stm32f1xx_hal.c.obj
LOAD CMakeFiles/St1x.elf.dir/Drivers/STM32F1xx_HAL_Driver/Src/stm32f1xx_hal_adc.c.obj
LOAD CMakeFiles/St1x.elf.dir/Drivers/STM32F1xx_HAL_Driver/Src/stm32f1xx_hal_adc_ex.c.obj
LOAD CMakeFiles/St1x.elf.dir/Drivers/STM32F1xx_HAL_Driver/Src/stm32f1xx_hal_cortex.c.obj
LOAD CMakeFiles/St1x.elf.dir/Drivers/STM32F1xx_HAL_Driver/Src/stm32f1xx_hal_dma.c.obj
LOAD CMakeFiles/St1x.elf.dir/Drivers/STM32F1xx_HAL_Driver/Src/stm32f1xx_hal_exti.c.obj
LOAD CMakeFiles/St1x.elf.dir/Drivers/STM32F1xx_HAL_Driver/Src/stm32f1xx_hal_flash.c.obj
LOAD CMakeFiles/St1x.elf.dir/Drivers/STM32F1xx_HAL_Driver/Src/stm32f1xx_hal_flash_ex.c.obj
LOAD CMakeFiles/St1x.elf.dir/Drivers/STM32F1xx_HAL_Driver/Src/stm32f1xx_hal_gpio.c.obj
LOAD CMakeFiles/St1x.elf.dir/Drivers/STM32F1xx_HAL_Driver/Src/stm32f1xx_hal_gpio_ex.c.obj
LOAD CMakeFiles/St1x.elf.dir/Drivers/STM32F1xx_HAL_Driver/Src/stm32f1xx_hal_i2c.c.obj
LOAD CMakeFiles/St1x.elf.dir/Drivers/STM32F1xx_HAL_Driver/Src/stm32f1xx_hal_pcd.c.obj
LOAD CMakeFiles/St1x.elf.dir/Drivers/STM32F1xx_HAL_Driver/Src/stm32f1xx_hal_pcd_ex.c.obj
LOAD CMakeFiles/St1x.elf.dir/Drivers/STM32F1xx_HAL_Driver/Src/stm32f1xx_hal_pwr.c.obj
LOAD CMakeFiles/St1x.elf.dir/Drivers/STM32F1xx_HAL_Driver/Src/stm32f1xx_hal_rcc.c.obj
LOAD CMakeFiles/St1x.elf.dir/Drivers/STM32F1xx_HAL_Driver/Src/stm32f1xx_hal_rcc_ex.c.obj
LOAD CMakeFiles/St1x.elf.dir/Drivers/STM32F1xx_HAL_Driver/Src/stm32f1xx_hal_spi.c.obj
LOAD CMakeFiles/St1x.elf.dir/Drivers/STM32F1xx_HAL_Driver/Src/stm32f1xx_hal_tim.c.obj
LOAD CMakeFiles/St1x.elf.dir/Drivers/STM32F1xx_HAL_Driver/Src/stm32f1xx_hal_tim_ex.c.obj
LOAD CMakeFiles/St1x.elf.dir/Drivers/STM32F1xx_HAL_Driver/Src/stm32f1xx_hal_uart.c.obj
LOAD CMakeFiles/St1x.elf.dir/Drivers/STM32F1xx_HAL_Driver/Src/stm32f1xx_ll_usb.c.obj
LOAD CMakeFiles/St1x.elf.dir/HW_Driver/Buzzer.c.obj
LOAD CMakeFiles/St1x.elf.dir/HW_Driver/LED.c.obj
LOAD CMakeFiles/St1x.elf.dir/HW_Driver/St1xADC.c.obj
LOAD CMakeFiles/St1x.elf.dir/HW_Driver/key.c.obj
LOAD CMakeFiles/St1x.elf.dir/HW_Driver/multi_button.c.obj
LOAD CMakeFiles/St1x.elf.dir/HW_Driver/oled.c.obj
LOAD CMakeFiles/St1x.elf.dir/HW_Driver/spiOLED.c.obj
LOAD CMakeFiles/St1x.elf.dir/HW_Driver/u8g2Lib/mui.c.obj
LOAD CMakeFiles/St1x.elf.dir/HW_Driver/u8g2Lib/mui_u8g2.c.obj
LOAD CMakeFiles/St1x.elf.dir/HW_Driver/u8g2Lib/u8g2_bitmap.c.obj
LOAD CMakeFiles/St1x.elf.dir/HW_Driver/u8g2Lib/u8g2_box.c.obj
LOAD CMakeFiles/St1x.elf.dir/HW_Driver/u8g2Lib/u8g2_buffer.c.obj
LOAD CMakeFiles/St1x.elf.dir/HW_Driver/u8g2Lib/u8g2_button.c.obj
LOAD CMakeFiles/St1x.elf.dir/HW_Driver/u8g2Lib/u8g2_circle.c.obj
LOAD CMakeFiles/St1x.elf.dir/HW_Driver/u8g2Lib/u8g2_cleardisplay.c.obj
LOAD CMakeFiles/St1x.elf.dir/HW_Driver/u8g2Lib/u8g2_d_memory.c.obj
LOAD CMakeFiles/St1x.elf.dir/HW_Driver/u8g2Lib/u8g2_d_setup.c.obj
LOAD CMakeFiles/St1x.elf.dir/HW_Driver/u8g2Lib/u8g2_font.c.obj
LOAD CMakeFiles/St1x.elf.dir/HW_Driver/u8g2Lib/u8g2_fonts.c.obj
LOAD CMakeFiles/St1x.elf.dir/HW_Driver/u8g2Lib/u8g2_hvline.c.obj
LOAD CMakeFiles/St1x.elf.dir/HW_Driver/u8g2Lib/u8g2_input_value.c.obj
LOAD CMakeFiles/St1x.elf.dir/HW_Driver/u8g2Lib/u8g2_intersection.c.obj
LOAD CMakeFiles/St1x.elf.dir/HW_Driver/u8g2Lib/u8g2_kerning.c.obj
LOAD CMakeFiles/St1x.elf.dir/HW_Driver/u8g2Lib/u8g2_line.c.obj
LOAD CMakeFiles/St1x.elf.dir/HW_Driver/u8g2Lib/u8g2_ll_hvline.c.obj
LOAD CMakeFiles/St1x.elf.dir/HW_Driver/u8g2Lib/u8g2_message.c.obj
LOAD CMakeFiles/St1x.elf.dir/HW_Driver/u8g2Lib/u8g2_polygon.c.obj
LOAD CMakeFiles/St1x.elf.dir/HW_Driver/u8g2Lib/u8g2_selection_list.c.obj
LOAD CMakeFiles/St1x.elf.dir/HW_Driver/u8g2Lib/u8g2_setup.c.obj
LOAD CMakeFiles/St1x.elf.dir/HW_Driver/u8g2Lib/u8log.c.obj
LOAD CMakeFiles/St1x.elf.dir/HW_Driver/u8g2Lib/u8log_u8g2.c.obj
LOAD CMakeFiles/St1x.elf.dir/HW_Driver/u8g2Lib/u8log_u8x8.c.obj
LOAD CMakeFiles/St1x.elf.dir/HW_Driver/u8g2Lib/u8x8_8x8.c.obj
LOAD CMakeFiles/St1x.elf.dir/HW_Driver/u8g2Lib/u8x8_byte.c.obj
LOAD CMakeFiles/St1x.elf.dir/HW_Driver/u8g2Lib/u8x8_cad.c.obj
LOAD CMakeFiles/St1x.elf.dir/HW_Driver/u8g2Lib/u8x8_capture.c.obj
LOAD CMakeFiles/St1x.elf.dir/HW_Driver/u8g2Lib/u8x8_d_sh1107.c.obj
LOAD CMakeFiles/St1x.elf.dir/HW_Driver/u8g2Lib/u8x8_debounce.c.obj
LOAD CMakeFiles/St1x.elf.dir/HW_Driver/u8g2Lib/u8x8_display.c.obj
LOAD CMakeFiles/St1x.elf.dir/HW_Driver/u8g2Lib/u8x8_fonts.c.obj
LOAD CMakeFiles/St1x.elf.dir/HW_Driver/u8g2Lib/u8x8_gpio.c.obj
LOAD CMakeFiles/St1x.elf.dir/HW_Driver/u8g2Lib/u8x8_input_value.c.obj
LOAD CMakeFiles/St1x.elf.dir/HW_Driver/u8g2Lib/u8x8_message.c.obj
LOAD CMakeFiles/St1x.elf.dir/HW_Driver/u8g2Lib/u8x8_selection_list.c.obj
LOAD CMakeFiles/St1x.elf.dir/HW_Driver/u8g2Lib/u8x8_setup.c.obj
LOAD CMakeFiles/St1x.elf.dir/HW_Driver/u8g2Lib/u8x8_string.c.obj
LOAD CMakeFiles/St1x.elf.dir/HW_Driver/u8g2Lib/u8x8_u16toa.c.obj
LOAD CMakeFiles/St1x.elf.dir/HW_Driver/u8g2Lib/u8x8_u8toa.c.obj
LOAD CMakeFiles/St1x.elf.dir/HW_Driver/u8g2_oled.c.obj
LOAD CMakeFiles/St1x.elf.dir/HW_Driver/ws2812.c.obj
LOAD CMakeFiles/St1x.elf.dir/Middlewares/ST/STM32_USB_Device_Library/Class/CustomHID/Src/usbd_customhid.c.obj
LOAD CMakeFiles/St1x.elf.dir/Middlewares/ST/STM32_USB_Device_Library/Core/Src/usbd_core.c.obj
LOAD CMakeFiles/St1x.elf.dir/Middlewares/ST/STM32_USB_Device_Library/Core/Src/usbd_ctlreq.c.obj
LOAD CMakeFiles/St1x.elf.dir/Middlewares/ST/STM32_USB_Device_Library/Core/Src/usbd_ioreq.c.obj
LOAD CMakeFiles/St1x.elf.dir/USB_DEVICE/App/usb_device.c.obj
LOAD CMakeFiles/St1x.elf.dir/USB_DEVICE/App/usbd_custom_hid_if.c.obj
LOAD CMakeFiles/St1x.elf.dir/USB_DEVICE/App/usbd_desc.c.obj
LOAD CMakeFiles/St1x.elf.dir/USB_DEVICE/Target/usbd_conf.c.obj
START GROUP
LOAD d:/program/clinon/gcc-arm-none-eabi/bin/../lib/gcc/arm-none-eabi/10.3.1/thumb/v7-m/nofp\libgcc.a
LOAD d:/program/clinon/gcc-arm-none-eabi/bin/../lib/gcc/arm-none-eabi/10.3.1/../../../../arm-none-eabi/lib/thumb/v7-m/nofp\libg.a
LOAD d:/program/clinon/gcc-arm-none-eabi/bin/../lib/gcc/arm-none-eabi/10.3.1/../../../../arm-none-eabi/lib/thumb/v7-m/nofp\libc.a
END GROUP
LOAD d:/program/clinon/gcc-arm-none-eabi/bin/../lib/gcc/arm-none-eabi/10.3.1/thumb/v7-m/nofp/crtend.o
LOAD d:/program/clinon/gcc-arm-none-eabi/bin/../lib/gcc/arm-none-eabi/10.3.1/thumb/v7-m/nofp/crtn.o
                0x20005000                _estack = (ORIGIN (RAM) + LENGTH (RAM))
                0x00000200                _Min_Heap_Size = 0x200
                0x00000400                _Min_Stack_Size = 0x400

.isr_vector     0x08000000      0x10c
                0x08000000                . = ALIGN (0x4)
 *(.isr_vector)
 .isr_vector    0x08000000      0x10c CMakeFiles/St1x.elf.dir/Core/Startup/startup_stm32f103cbtx.s.obj
                0x08000000                g_pfnVectors
                0x0800010c                . = ALIGN (0x4)

.text           0x0800010c     0x5cdc
                0x0800010c                . = ALIGN (0x4)
 *(.text)
 .text          0x0800010c       0x40 d:/program/clinon/gcc-arm-none-eabi/bin/../lib/gcc/arm-none-eabi/10.3.1/thumb/v7-m/nofp/crtbegin.o
 *(.text*)
 .text.MX_ADC1_Init
                0x0800014c       0x78 CMakeFiles/St1x.elf.dir/Core/Src/adc.c.obj
                0x0800014c                MX_ADC1_Init
 .text.HAL_ADC_MspInit
                0x080001c4       0xc4 CMakeFiles/St1x.elf.dir/Core/Src/adc.c.obj
                0x080001c4                HAL_ADC_MspInit
 .text.MX_DMA_Init
                0x08000288       0x64 CMakeFiles/St1x.elf.dir/Core/Src/dma.c.obj
                0x08000288                MX_DMA_Init
 .text.MX_GPIO_Init
                0x080002ec      0x16c CMakeFiles/St1x.elf.dir/Core/Src/gpio.c.obj
                0x080002ec                MX_GPIO_Init
 .text.MX_I2C1_Init
                0x08000458       0x3c CMakeFiles/St1x.elf.dir/Core/Src/i2c.c.obj
                0x08000458                MX_I2C1_Init
 .text.HAL_I2C_MspInit
                0x08000494       0x64 CMakeFiles/St1x.elf.dir/Core/Src/i2c.c.obj
                0x08000494                HAL_I2C_MspInit
 .text.Error_Handler
                0x080004f8        0x4 CMakeFiles/St1x.elf.dir/Core/Src/main.c.obj
                0x080004f8                Error_Handler
 .text.SystemClock_Config
                0x080004fc       0x88 CMakeFiles/St1x.elf.dir/Core/Src/main.c.obj
                0x080004fc                SystemClock_Config
 .text.main     0x08000584       0xbc CMakeFiles/St1x.elf.dir/Core/Src/main.c.obj
                0x08000584                main
 .text.MX_SPI2_Init
                0x08000640       0x40 CMakeFiles/St1x.elf.dir/Core/Src/spi.c.obj
                0x08000640                MX_SPI2_Init
 .text.HAL_SPI_MspInit
                0x08000680       0xe0 CMakeFiles/St1x.elf.dir/Core/Src/spi.c.obj
                0x08000680                HAL_SPI_MspInit
 .text.HAL_MspInit
                0x08000760       0x44 CMakeFiles/St1x.elf.dir/Core/Src/stm32f1xx_hal_msp.c.obj
                0x08000760                HAL_MspInit
 .text.NMI_Handler
                0x080007a4        0x2 CMakeFiles/St1x.elf.dir/Core/Src/stm32f1xx_it.c.obj
                0x080007a4                NMI_Handler
 .text.HardFault_Handler
                0x080007a6        0x2 CMakeFiles/St1x.elf.dir/Core/Src/stm32f1xx_it.c.obj
                0x080007a6                HardFault_Handler
 .text.MemManage_Handler
                0x080007a8        0x2 CMakeFiles/St1x.elf.dir/Core/Src/stm32f1xx_it.c.obj
                0x080007a8                MemManage_Handler
 .text.BusFault_Handler
                0x080007aa        0x2 CMakeFiles/St1x.elf.dir/Core/Src/stm32f1xx_it.c.obj
                0x080007aa                BusFault_Handler
 .text.UsageFault_Handler
                0x080007ac        0x2 CMakeFiles/St1x.elf.dir/Core/Src/stm32f1xx_it.c.obj
                0x080007ac                UsageFault_Handler
 .text.SVC_Handler
                0x080007ae        0x2 CMakeFiles/St1x.elf.dir/Core/Src/stm32f1xx_it.c.obj
                0x080007ae                SVC_Handler
 .text.DebugMon_Handler
                0x080007b0        0x2 CMakeFiles/St1x.elf.dir/Core/Src/stm32f1xx_it.c.obj
                0x080007b0                DebugMon_Handler
 .text.PendSV_Handler
                0x080007b2        0x2 CMakeFiles/St1x.elf.dir/Core/Src/stm32f1xx_it.c.obj
                0x080007b2                PendSV_Handler
 .text.SysTick_Handler
                0x080007b4        0x8 CMakeFiles/St1x.elf.dir/Core/Src/stm32f1xx_it.c.obj
                0x080007b4                SysTick_Handler
 .text.EXTI0_IRQHandler
                0x080007bc        0xa CMakeFiles/St1x.elf.dir/Core/Src/stm32f1xx_it.c.obj
                0x080007bc                EXTI0_IRQHandler
 .text.EXTI1_IRQHandler
                0x080007c6        0xa CMakeFiles/St1x.elf.dir/Core/Src/stm32f1xx_it.c.obj
                0x080007c6                EXTI1_IRQHandler
 .text.DMA1_Channel1_IRQHandler
                0x080007d0       0x10 CMakeFiles/St1x.elf.dir/Core/Src/stm32f1xx_it.c.obj
                0x080007d0                DMA1_Channel1_IRQHandler
 .text.DMA1_Channel2_IRQHandler
                0x080007e0       0x10 CMakeFiles/St1x.elf.dir/Core/Src/stm32f1xx_it.c.obj
                0x080007e0                DMA1_Channel2_IRQHandler
 .text.DMA1_Channel4_IRQHandler
                0x080007f0       0x10 CMakeFiles/St1x.elf.dir/Core/Src/stm32f1xx_it.c.obj
                0x080007f0                DMA1_Channel4_IRQHandler
 .text.DMA1_Channel5_IRQHandler
                0x08000800       0x10 CMakeFiles/St1x.elf.dir/Core/Src/stm32f1xx_it.c.obj
                0x08000800                DMA1_Channel5_IRQHandler
 .text.USB_LP_CAN1_RX0_IRQHandler
                0x08000810       0x10 CMakeFiles/St1x.elf.dir/Core/Src/stm32f1xx_it.c.obj
                0x08000810                USB_LP_CAN1_RX0_IRQHandler
 .text.SystemInit
                0x08000820        0x2 CMakeFiles/St1x.elf.dir/Core/Src/system_stm32f1xx.c.obj
                0x08000820                SystemInit
 *fill*         0x08000822        0x2 
 .text.MX_TIM1_Init
                0x08000824       0x70 CMakeFiles/St1x.elf.dir/Core/Src/tim.c.obj
                0x08000824                MX_TIM1_Init
 .text.HAL_TIM_Base_MspInit
                0x08000894       0xd0 CMakeFiles/St1x.elf.dir/Core/Src/tim.c.obj
                0x08000894                HAL_TIM_Base_MspInit
 .text.HAL_TIM_MspPostInit
                0x08000964       0xd0 CMakeFiles/St1x.elf.dir/Core/Src/tim.c.obj
                0x08000964                HAL_TIM_MspPostInit
 .text.MX_TIM2_Init
                0x08000a34       0xac CMakeFiles/St1x.elf.dir/Core/Src/tim.c.obj
                0x08000a34                MX_TIM2_Init
 .text.MX_TIM3_Init
                0x08000ae0       0xc0 CMakeFiles/St1x.elf.dir/Core/Src/tim.c.obj
                0x08000ae0                MX_TIM3_Init
 .text.MX_TIM4_Init
                0x08000ba0       0xc0 CMakeFiles/St1x.elf.dir/Core/Src/tim.c.obj
                0x08000ba0                MX_TIM4_Init
 .text.MX_USART1_UART_Init
                0x08000c60       0x34 CMakeFiles/St1x.elf.dir/Core/Src/usart.c.obj
                0x08000c60                MX_USART1_UART_Init
 .text.HAL_UART_MspInit
                0x08000c94       0x78 CMakeFiles/St1x.elf.dir/Core/Src/usart.c.obj
                0x08000c94                HAL_UART_MspInit
 .text.Reset_Handler
                0x08000d0c       0x48 CMakeFiles/St1x.elf.dir/Core/Startup/startup_stm32f103cbtx.s.obj
                0x08000d0c                Reset_Handler
 .text.Default_Handler
                0x08000d54        0x2 CMakeFiles/St1x.elf.dir/Core/Startup/startup_stm32f103cbtx.s.obj
                0x08000d54                SPI2_IRQHandler
                0x08000d54                EXTI9_5_IRQHandler
                0x08000d54                SPI1_IRQHandler
                0x08000d54                PVD_IRQHandler
                0x08000d54                USBWakeUp_IRQHandler
                0x08000d54                WWDG_IRQHandler
                0x08000d54                ADC1_2_IRQHandler
                0x08000d54                RCC_IRQHandler
                0x08000d54                I2C1_ER_IRQHandler
                0x08000d54                RTC_IRQHandler
                0x08000d54                DMA1_Channel6_IRQHandler
                0x08000d54                TIM1_UP_IRQHandler
                0x08000d54                I2C2_EV_IRQHandler
                0x08000d54                TIM3_IRQHandler
                0x08000d54                DMA1_Channel7_IRQHandler
                0x08000d54                USART2_IRQHandler
                0x08000d54                FLASH_IRQHandler
                0x08000d54                EXTI15_10_IRQHandler
                0x08000d54                TIM1_BRK_IRQHandler
                0x08000d54                USART1_IRQHandler
                0x08000d54                TAMPER_IRQHandler
                0x08000d54                TIM2_IRQHandler
                0x08000d54                CAN1_SCE_IRQHandler
                0x08000d54                Default_Handler
                0x08000d54                EXTI2_IRQHandler
                0x08000d54                DMA1_Channel3_IRQHandler
                0x08000d54                TIM4_IRQHandler
                0x08000d54                USART3_IRQHandler
                0x08000d54                EXTI3_IRQHandler
                0x08000d54                I2C2_ER_IRQHandler
                0x08000d54                TIM1_TRG_COM_IRQHandler
                0x08000d54                I2C1_EV_IRQHandler
                0x08000d54                TIM1_CC_IRQHandler
                0x08000d54                RTC_Alarm_IRQHandler
                0x08000d54                EXTI4_IRQHandler
                0x08000d54                CAN1_RX1_IRQHandler
                0x08000d54                USB_HP_CAN1_TX_IRQHandler
 *fill*         0x08000d56        0x2 
 .text.HAL_InitTick
                0x08000d58       0x4c CMakeFiles/St1x.elf.dir/Drivers/STM32F1xx_HAL_Driver/Src/stm32f1xx_hal.c.obj
                0x08000d58                HAL_InitTick
 .text.HAL_Init
                0x08000da4       0x24 CMakeFiles/St1x.elf.dir/Drivers/STM32F1xx_HAL_Driver/Src/stm32f1xx_hal.c.obj
                0x08000da4                HAL_Init
 .text.HAL_IncTick
                0x08000dc8       0x18 CMakeFiles/St1x.elf.dir/Drivers/STM32F1xx_HAL_Driver/Src/stm32f1xx_hal.c.obj
                0x08000dc8                HAL_IncTick
 .text.HAL_GetTick
                0x08000de0        0xc CMakeFiles/St1x.elf.dir/Drivers/STM32F1xx_HAL_Driver/Src/stm32f1xx_hal.c.obj
                0x08000de0                HAL_GetTick
 .text.HAL_Delay
                0x08000dec       0x28 CMakeFiles/St1x.elf.dir/Drivers/STM32F1xx_HAL_Driver/Src/stm32f1xx_hal.c.obj
                0x08000dec                HAL_Delay
 .text.HAL_ADC_ConfigChannel
                0x08000e14      0x144 CMakeFiles/St1x.elf.dir/Drivers/STM32F1xx_HAL_Driver/Src/stm32f1xx_hal_adc.c.obj
                0x08000e14                HAL_ADC_ConfigChannel
 .text.ADC_ConversionStop_Disable
                0x08000f58       0x56 CMakeFiles/St1x.elf.dir/Drivers/STM32F1xx_HAL_Driver/Src/stm32f1xx_hal_adc.c.obj
                0x08000f58                ADC_ConversionStop_Disable
 *fill*         0x08000fae        0x2 
 .text.HAL_ADC_Init
                0x08000fb0      0x108 CMakeFiles/St1x.elf.dir/Drivers/STM32F1xx_HAL_Driver/Src/stm32f1xx_hal_adc.c.obj
                0x08000fb0                HAL_ADC_Init
 .text.HAL_NVIC_SetPriorityGrouping
                0x080010b8       0x24 CMakeFiles/St1x.elf.dir/Drivers/STM32F1xx_HAL_Driver/Src/stm32f1xx_hal_cortex.c.obj
                0x080010b8                HAL_NVIC_SetPriorityGrouping
 .text.HAL_NVIC_SetPriority
                0x080010dc       0x70 CMakeFiles/St1x.elf.dir/Drivers/STM32F1xx_HAL_Driver/Src/stm32f1xx_hal_cortex.c.obj
                0x080010dc                HAL_NVIC_SetPriority
 .text.HAL_NVIC_EnableIRQ
                0x0800114c       0x1c CMakeFiles/St1x.elf.dir/Drivers/STM32F1xx_HAL_Driver/Src/stm32f1xx_hal_cortex.c.obj
                0x0800114c                HAL_NVIC_EnableIRQ
 .text.HAL_SYSTICK_Config
                0x08001168       0x28 CMakeFiles/St1x.elf.dir/Drivers/STM32F1xx_HAL_Driver/Src/stm32f1xx_hal_cortex.c.obj
                0x08001168                HAL_SYSTICK_Config
 .text.DMA_SetConfig
                0x08001190       0x2c CMakeFiles/St1x.elf.dir/Drivers/STM32F1xx_HAL_Driver/Src/stm32f1xx_hal_dma.c.obj
 .text.HAL_DMA_Init
                0x080011bc       0x6c CMakeFiles/St1x.elf.dir/Drivers/STM32F1xx_HAL_Driver/Src/stm32f1xx_hal_dma.c.obj
                0x080011bc                HAL_DMA_Init
 .text.HAL_DMA_Start_IT
                0x08001228       0x74 CMakeFiles/St1x.elf.dir/Drivers/STM32F1xx_HAL_Driver/Src/stm32f1xx_hal_dma.c.obj
                0x08001228                HAL_DMA_Start_IT
 .text.HAL_DMA_IRQHandler
                0x0800129c      0x144 CMakeFiles/St1x.elf.dir/Drivers/STM32F1xx_HAL_Driver/Src/stm32f1xx_hal_dma.c.obj
                0x0800129c                HAL_DMA_IRQHandler
 .text.HAL_GPIO_Init
                0x080013e0      0x224 CMakeFiles/St1x.elf.dir/Drivers/STM32F1xx_HAL_Driver/Src/stm32f1xx_hal_gpio.c.obj
                0x080013e0                HAL_GPIO_Init
 .text.HAL_GPIO_WritePin
                0x08001604        0xc CMakeFiles/St1x.elf.dir/Drivers/STM32F1xx_HAL_Driver/Src/stm32f1xx_hal_gpio.c.obj
                0x08001604                HAL_GPIO_WritePin
 .text.HAL_GPIO_EXTI_IRQHandler
                0x08001610       0x1c CMakeFiles/St1x.elf.dir/Drivers/STM32F1xx_HAL_Driver/Src/stm32f1xx_hal_gpio.c.obj
                0x08001610                HAL_GPIO_EXTI_IRQHandler
 .text.HAL_I2C_Init
                0x0800162c      0x1bc CMakeFiles/St1x.elf.dir/Drivers/STM32F1xx_HAL_Driver/Src/stm32f1xx_hal_i2c.c.obj
                0x0800162c                HAL_I2C_Init
 .text.HAL_PCD_EP_DB_Receive
                0x080017e8      0x11c CMakeFiles/St1x.elf.dir/Drivers/STM32F1xx_HAL_Driver/Src/stm32f1xx_hal_pcd.c.obj
 .text.HAL_PCD_Init
                0x08001904      0x118 CMakeFiles/St1x.elf.dir/Drivers/STM32F1xx_HAL_Driver/Src/stm32f1xx_hal_pcd.c.obj
                0x08001904                HAL_PCD_Init
 .text.HAL_PCD_Start
                0x08001a1c       0x32 CMakeFiles/St1x.elf.dir/Drivers/STM32F1xx_HAL_Driver/Src/stm32f1xx_hal_pcd.c.obj
                0x08001a1c                HAL_PCD_Start
 .text.HAL_PCD_EP_DB_Transmit
                0x08001a4e      0x420 CMakeFiles/St1x.elf.dir/Drivers/STM32F1xx_HAL_Driver/Src/stm32f1xx_hal_pcd.c.obj
 .text.PCD_EP_ISR_Handler
                0x08001e6e      0x438 CMakeFiles/St1x.elf.dir/Drivers/STM32F1xx_HAL_Driver/Src/stm32f1xx_hal_pcd.c.obj
 .text.HAL_PCD_SetAddress
                0x080022a6       0x28 CMakeFiles/St1x.elf.dir/Drivers/STM32F1xx_HAL_Driver/Src/stm32f1xx_hal_pcd.c.obj
                0x080022a6                HAL_PCD_SetAddress
 .text.HAL_PCD_IRQHandler
                0x080022ce      0x1d4 CMakeFiles/St1x.elf.dir/Drivers/STM32F1xx_HAL_Driver/Src/stm32f1xx_hal_pcd.c.obj
                0x080022ce                HAL_PCD_IRQHandler
 .text.HAL_PCD_EP_Open
                0x080024a2       0x84 CMakeFiles/St1x.elf.dir/Drivers/STM32F1xx_HAL_Driver/Src/stm32f1xx_hal_pcd.c.obj
                0x080024a2                HAL_PCD_EP_Open
 .text.HAL_PCD_EP_Close
                0x08002526       0x64 CMakeFiles/St1x.elf.dir/Drivers/STM32F1xx_HAL_Driver/Src/stm32f1xx_hal_pcd.c.obj
                0x08002526                HAL_PCD_EP_Close
 .text.HAL_PCD_EP_Receive
                0x0800258a       0x44 CMakeFiles/St1x.elf.dir/Drivers/STM32F1xx_HAL_Driver/Src/stm32f1xx_hal_pcd.c.obj
                0x0800258a                HAL_PCD_EP_Receive
 .text.HAL_PCD_EP_Transmit
                0x080025ce       0x50 CMakeFiles/St1x.elf.dir/Drivers/STM32F1xx_HAL_Driver/Src/stm32f1xx_hal_pcd.c.obj
                0x080025ce                HAL_PCD_EP_Transmit
 .text.HAL_PCD_EP_SetStall
                0x0800261e       0x78 CMakeFiles/St1x.elf.dir/Drivers/STM32F1xx_HAL_Driver/Src/stm32f1xx_hal_pcd.c.obj
                0x0800261e                HAL_PCD_EP_SetStall
 .text.HAL_PCD_EP_ClrStall
                0x08002696       0x76 CMakeFiles/St1x.elf.dir/Drivers/STM32F1xx_HAL_Driver/Src/stm32f1xx_hal_pcd.c.obj
                0x08002696                HAL_PCD_EP_ClrStall
 .text.HAL_PCDEx_PMAConfig
                0x0800270c       0x38 CMakeFiles/St1x.elf.dir/Drivers/STM32F1xx_HAL_Driver/Src/stm32f1xx_hal_pcd_ex.c.obj
                0x0800270c                HAL_PCDEx_PMAConfig
 .text.RCC_Delay
                0x08002744       0x2c CMakeFiles/St1x.elf.dir/Drivers/STM32F1xx_HAL_Driver/Src/stm32f1xx_hal_rcc.c.obj
 .text.HAL_RCC_OscConfig
                0x08002770      0x410 CMakeFiles/St1x.elf.dir/Drivers/STM32F1xx_HAL_Driver/Src/stm32f1xx_hal_rcc.c.obj
                0x08002770                HAL_RCC_OscConfig
 .text.HAL_RCC_GetSysClockFreq
                0x08002b80       0x70 CMakeFiles/St1x.elf.dir/Drivers/STM32F1xx_HAL_Driver/Src/stm32f1xx_hal_rcc.c.obj
                0x08002b80                HAL_RCC_GetSysClockFreq
 .text.HAL_RCC_ClockConfig
                0x08002bf0      0x16c CMakeFiles/St1x.elf.dir/Drivers/STM32F1xx_HAL_Driver/Src/stm32f1xx_hal_rcc.c.obj
                0x08002bf0                HAL_RCC_ClockConfig
 .text.HAL_RCC_GetHCLKFreq
                0x08002d5c        0xc CMakeFiles/St1x.elf.dir/Drivers/STM32F1xx_HAL_Driver/Src/stm32f1xx_hal_rcc.c.obj
                0x08002d5c                HAL_RCC_GetHCLKFreq
 .text.HAL_RCC_GetPCLK1Freq
                0x08002d68       0x20 CMakeFiles/St1x.elf.dir/Drivers/STM32F1xx_HAL_Driver/Src/stm32f1xx_hal_rcc.c.obj
                0x08002d68                HAL_RCC_GetPCLK1Freq
 .text.HAL_RCC_GetPCLK2Freq
                0x08002d88       0x20 CMakeFiles/St1x.elf.dir/Drivers/STM32F1xx_HAL_Driver/Src/stm32f1xx_hal_rcc.c.obj
                0x08002d88                HAL_RCC_GetPCLK2Freq
 .text.HAL_RCCEx_PeriphCLKConfig
                0x08002da8      0x118 CMakeFiles/St1x.elf.dir/Drivers/STM32F1xx_HAL_Driver/Src/stm32f1xx_hal_rcc_ex.c.obj
                0x08002da8                HAL_RCCEx_PeriphCLKConfig
 .text.SPI_WaitFlagStateUntilTimeout
                0x08002ec0       0xd4 CMakeFiles/St1x.elf.dir/Drivers/STM32F1xx_HAL_Driver/Src/stm32f1xx_hal_spi.c.obj
 .text.SPI_EndRxTxTransaction
                0x08002f94       0x24 CMakeFiles/St1x.elf.dir/Drivers/STM32F1xx_HAL_Driver/Src/stm32f1xx_hal_spi.c.obj
 .text.HAL_SPI_Init
                0x08002fb8       0xb6 CMakeFiles/St1x.elf.dir/Drivers/STM32F1xx_HAL_Driver/Src/stm32f1xx_hal_spi.c.obj
                0x08002fb8                HAL_SPI_Init
 *fill*         0x0800306e        0x2 
 .text.HAL_SPI_Transmit_DMA
                0x08003070       0xe0 CMakeFiles/St1x.elf.dir/Drivers/STM32F1xx_HAL_Driver/Src/stm32f1xx_hal_spi.c.obj
                0x08003070                HAL_SPI_Transmit_DMA
 .text.HAL_SPI_TxCpltCallback
                0x08003150        0x2 CMakeFiles/St1x.elf.dir/Drivers/STM32F1xx_HAL_Driver/Src/stm32f1xx_hal_spi.c.obj
                0x08003150                HAL_SPI_TxCpltCallback
 .text.HAL_SPI_TxHalfCpltCallback
                0x08003152        0x2 CMakeFiles/St1x.elf.dir/Drivers/STM32F1xx_HAL_Driver/Src/stm32f1xx_hal_spi.c.obj
                0x08003152                HAL_SPI_TxHalfCpltCallback
 .text.SPI_DMAHalfTransmitCplt
                0x08003154        0xa CMakeFiles/St1x.elf.dir/Drivers/STM32F1xx_HAL_Driver/Src/stm32f1xx_hal_spi.c.obj
 .text.HAL_SPI_ErrorCallback
                0x0800315e        0x2 CMakeFiles/St1x.elf.dir/Drivers/STM32F1xx_HAL_Driver/Src/stm32f1xx_hal_spi.c.obj
                0x0800315e                HAL_SPI_ErrorCallback
 .text.SPI_DMAError
                0x08003160       0x22 CMakeFiles/St1x.elf.dir/Drivers/STM32F1xx_HAL_Driver/Src/stm32f1xx_hal_spi.c.obj
 .text.SPI_DMATransmitCplt
                0x08003182       0x70 CMakeFiles/St1x.elf.dir/Drivers/STM32F1xx_HAL_Driver/Src/stm32f1xx_hal_spi.c.obj
 *fill*         0x080031f2        0x2 
 .text.TIM_OC1_SetConfig
                0x080031f4       0x5c CMakeFiles/St1x.elf.dir/Drivers/STM32F1xx_HAL_Driver/Src/stm32f1xx_hal_tim.c.obj
 .text.TIM_OC3_SetConfig
                0x08003250       0x64 CMakeFiles/St1x.elf.dir/Drivers/STM32F1xx_HAL_Driver/Src/stm32f1xx_hal_tim.c.obj
 .text.TIM_OC4_SetConfig
                0x080032b4       0x48 CMakeFiles/St1x.elf.dir/Drivers/STM32F1xx_HAL_Driver/Src/stm32f1xx_hal_tim.c.obj
 .text.TIM_TI1_ConfigInputStage
                0x080032fc       0x24 CMakeFiles/St1x.elf.dir/Drivers/STM32F1xx_HAL_Driver/Src/stm32f1xx_hal_tim.c.obj
 .text.TIM_TI2_ConfigInputStage
                0x08003320       0x26 CMakeFiles/St1x.elf.dir/Drivers/STM32F1xx_HAL_Driver/Src/stm32f1xx_hal_tim.c.obj
 .text.TIM_ITRx_SetConfig
                0x08003346       0x10 CMakeFiles/St1x.elf.dir/Drivers/STM32F1xx_HAL_Driver/Src/stm32f1xx_hal_tim.c.obj
 .text.HAL_TIM_PWM_MspInit
                0x08003356        0x2 CMakeFiles/St1x.elf.dir/Drivers/STM32F1xx_HAL_Driver/Src/stm32f1xx_hal_tim.c.obj
                0x08003356                HAL_TIM_PWM_MspInit
 .text.TIM_Base_SetConfig
                0x08003358       0x74 CMakeFiles/St1x.elf.dir/Drivers/STM32F1xx_HAL_Driver/Src/stm32f1xx_hal_tim.c.obj
                0x08003358                TIM_Base_SetConfig
 .text.HAL_TIM_Base_Init
                0x080033cc       0x58 CMakeFiles/St1x.elf.dir/Drivers/STM32F1xx_HAL_Driver/Src/stm32f1xx_hal_tim.c.obj
                0x080033cc                HAL_TIM_Base_Init
 .text.HAL_TIM_PWM_Init
                0x08003424       0x58 CMakeFiles/St1x.elf.dir/Drivers/STM32F1xx_HAL_Driver/Src/stm32f1xx_hal_tim.c.obj
                0x08003424                HAL_TIM_PWM_Init
 .text.TIM_OC2_SetConfig
                0x0800347c       0x64 CMakeFiles/St1x.elf.dir/Drivers/STM32F1xx_HAL_Driver/Src/stm32f1xx_hal_tim.c.obj
                0x0800347c                TIM_OC2_SetConfig
 .text.HAL_TIM_PWM_ConfigChannel
                0x080034e0       0xd0 CMakeFiles/St1x.elf.dir/Drivers/STM32F1xx_HAL_Driver/Src/stm32f1xx_hal_tim.c.obj
                0x080034e0                HAL_TIM_PWM_ConfigChannel
 .text.TIM_ETR_SetConfig
                0x080035b0       0x18 CMakeFiles/St1x.elf.dir/Drivers/STM32F1xx_HAL_Driver/Src/stm32f1xx_hal_tim.c.obj
                0x080035b0                TIM_ETR_SetConfig
 .text.HAL_TIM_ConfigClockSource
                0x080035c8       0xda CMakeFiles/St1x.elf.dir/Drivers/STM32F1xx_HAL_Driver/Src/stm32f1xx_hal_tim.c.obj
                0x080035c8                HAL_TIM_ConfigClockSource
 .text.TIM_CCxChannelCmd
                0x080036a2       0x1e CMakeFiles/St1x.elf.dir/Drivers/STM32F1xx_HAL_Driver/Src/stm32f1xx_hal_tim.c.obj
                0x080036a2                TIM_CCxChannelCmd
 .text.HAL_TIM_PWM_Start
                0x080036c0       0xdc CMakeFiles/St1x.elf.dir/Drivers/STM32F1xx_HAL_Driver/Src/stm32f1xx_hal_tim.c.obj
                0x080036c0                HAL_TIM_PWM_Start
 .text.HAL_TIMEx_MasterConfigSynchronization
                0x0800379c       0x6c CMakeFiles/St1x.elf.dir/Drivers/STM32F1xx_HAL_Driver/Src/stm32f1xx_hal_tim_ex.c.obj
                0x0800379c                HAL_TIMEx_MasterConfigSynchronization
 .text.UART_SetConfig
                0x08003808       0x94 CMakeFiles/St1x.elf.dir/Drivers/STM32F1xx_HAL_Driver/Src/stm32f1xx_hal_uart.c.obj
 .text.HAL_UART_Init
                0x0800389c       0x5e CMakeFiles/St1x.elf.dir/Drivers/STM32F1xx_HAL_Driver/Src/stm32f1xx_hal_uart.c.obj
                0x0800389c                HAL_UART_Init
 .text.USB_CoreInit
                0x080038fa        0xe CMakeFiles/St1x.elf.dir/Drivers/STM32F1xx_HAL_Driver/Src/stm32f1xx_ll_usb.c.obj
                0x080038fa                USB_CoreInit
 .text.USB_EnableGlobalInt
                0x08003908       0x12 CMakeFiles/St1x.elf.dir/Drivers/STM32F1xx_HAL_Driver/Src/stm32f1xx_ll_usb.c.obj
                0x08003908                USB_EnableGlobalInt
 .text.USB_DisableGlobalInt
                0x0800391a       0x14 CMakeFiles/St1x.elf.dir/Drivers/STM32F1xx_HAL_Driver/Src/stm32f1xx_ll_usb.c.obj
                0x0800391a                USB_DisableGlobalInt
 .text.USB_SetCurrentMode
                0x0800392e        0x4 CMakeFiles/St1x.elf.dir/Drivers/STM32F1xx_HAL_Driver/Src/stm32f1xx_ll_usb.c.obj
                0x0800392e                USB_SetCurrentMode
 .text.USB_DevInit
                0x08003932       0x22 CMakeFiles/St1x.elf.dir/Drivers/STM32F1xx_HAL_Driver/Src/stm32f1xx_ll_usb.c.obj
                0x08003932                USB_DevInit
 .text.USB_ActivateEndpoint
                0x08003954      0x378 CMakeFiles/St1x.elf.dir/Drivers/STM32F1xx_HAL_Driver/Src/stm32f1xx_ll_usb.c.obj
                0x08003954                USB_ActivateEndpoint
 .text.USB_DeactivateEndpoint
                0x08003ccc      0x1d6 CMakeFiles/St1x.elf.dir/Drivers/STM32F1xx_HAL_Driver/Src/stm32f1xx_ll_usb.c.obj
                0x08003ccc                USB_DeactivateEndpoint
 .text.USB_EPSetStall
                0x08003ea2       0x4a CMakeFiles/St1x.elf.dir/Drivers/STM32F1xx_HAL_Driver/Src/stm32f1xx_ll_usb.c.obj
                0x08003ea2                USB_EPSetStall
 .text.USB_EPClearStall
                0x08003eec       0xa2 CMakeFiles/St1x.elf.dir/Drivers/STM32F1xx_HAL_Driver/Src/stm32f1xx_ll_usb.c.obj
                0x08003eec                USB_EPClearStall
 .text.USB_SetDevAddress
                0x08003f8e        0xc CMakeFiles/St1x.elf.dir/Drivers/STM32F1xx_HAL_Driver/Src/stm32f1xx_ll_usb.c.obj
                0x08003f8e                USB_SetDevAddress
 .text.USB_DevConnect
                0x08003f9a        0x4 CMakeFiles/St1x.elf.dir/Drivers/STM32F1xx_HAL_Driver/Src/stm32f1xx_ll_usb.c.obj
                0x08003f9a                USB_DevConnect
 .text.USB_DevDisconnect
                0x08003f9e        0x4 CMakeFiles/St1x.elf.dir/Drivers/STM32F1xx_HAL_Driver/Src/stm32f1xx_ll_usb.c.obj
                0x08003f9e                USB_DevDisconnect
 .text.USB_ReadInterrupts
                0x08003fa2        0x8 CMakeFiles/St1x.elf.dir/Drivers/STM32F1xx_HAL_Driver/Src/stm32f1xx_ll_usb.c.obj
                0x08003fa2                USB_ReadInterrupts
 .text.USB_EP0_OutStart
                0x08003faa        0x4 CMakeFiles/St1x.elf.dir/Drivers/STM32F1xx_HAL_Driver/Src/stm32f1xx_ll_usb.c.obj
                0x08003faa                USB_EP0_OutStart
 .text.USB_WritePMA
                0x08003fae       0x28 CMakeFiles/St1x.elf.dir/Drivers/STM32F1xx_HAL_Driver/Src/stm32f1xx_ll_usb.c.obj
                0x08003fae                USB_WritePMA
 .text.USB_EPStartXfer
                0x08003fd6      0x8b2 CMakeFiles/St1x.elf.dir/Drivers/STM32F1xx_HAL_Driver/Src/stm32f1xx_ll_usb.c.obj
                0x08003fd6                USB_EPStartXfer
 .text.USB_ReadPMA
                0x08004888       0x30 CMakeFiles/St1x.elf.dir/Drivers/STM32F1xx_HAL_Driver/Src/stm32f1xx_ll_usb.c.obj
                0x08004888                USB_ReadPMA
 .text.pwm_up   0x080048b8       0x34 CMakeFiles/St1x.elf.dir/HW_Driver/LED.c.obj
                0x080048b8                pwm_up
 .text.pwm_down
                0x080048ec       0x2c CMakeFiles/St1x.elf.dir/HW_Driver/LED.c.obj
                0x080048ec                pwm_down
 .text.HAL_GPIO_EXTI_Callback
                0x08004918       0x16 CMakeFiles/St1x.elf.dir/HW_Driver/key.c.obj
                0x08004918                HAL_GPIO_EXTI_Callback
 *fill*         0x0800492e        0x2 
 .text.OLED_WR_Byte
                0x08004930       0x68 CMakeFiles/St1x.elf.dir/HW_Driver/oled.c.obj
                0x08004930                OLED_WR_Byte
 .text.OLED_ColorTurn
                0x08004998       0x20 CMakeFiles/St1x.elf.dir/HW_Driver/oled.c.obj
                0x08004998                OLED_ColorTurn
 .text.OLED_DisplayTurn
                0x080049b8       0x50 CMakeFiles/St1x.elf.dir/HW_Driver/oled.c.obj
                0x080049b8                OLED_DisplayTurn
 .text.OLED_Refresh
                0x08004a08       0x4c CMakeFiles/St1x.elf.dir/HW_Driver/oled.c.obj
                0x08004a08                OLED_Refresh
 .text.OLED_Clear
                0x08004a54       0x30 CMakeFiles/St1x.elf.dir/HW_Driver/oled.c.obj
                0x08004a54                OLED_Clear
 .text.OLED_DrawPoint
                0x08004a84       0x4c CMakeFiles/St1x.elf.dir/HW_Driver/oled.c.obj
                0x08004a84                OLED_DrawPoint
 .text.OLED_ShowPicture
                0x08004ad0       0xac CMakeFiles/St1x.elf.dir/HW_Driver/oled.c.obj
                0x08004ad0                OLED_ShowPicture
 .text.OLED_Init
                0x08004b7c       0xec CMakeFiles/St1x.elf.dir/HW_Driver/oled.c.obj
                0x08004b7c                OLED_Init
 .text.USBD_CUSTOM_HID_GetFSCfgDesc
                0x08004c68        0xc CMakeFiles/St1x.elf.dir/Middlewares/ST/STM32_USB_Device_Library/Class/CustomHID/Src/usbd_customhid.c.obj
 .text.USBD_CUSTOM_HID_GetHSCfgDesc
                0x08004c74        0xc CMakeFiles/St1x.elf.dir/Middlewares/ST/STM32_USB_Device_Library/Class/CustomHID/Src/usbd_customhid.c.obj
 .text.USBD_CUSTOM_HID_GetOtherSpeedCfgDesc
                0x08004c80        0xc CMakeFiles/St1x.elf.dir/Middlewares/ST/STM32_USB_Device_Library/Class/CustomHID/Src/usbd_customhid.c.obj
 .text.USBD_CUSTOM_HID_DataIn
                0x08004c8c        0xa CMakeFiles/St1x.elf.dir/Middlewares/ST/STM32_USB_Device_Library/Class/CustomHID/Src/usbd_customhid.c.obj
 .text.USBD_CUSTOM_HID_EP0_RxReady
                0x08004c96       0x22 CMakeFiles/St1x.elf.dir/Middlewares/ST/STM32_USB_Device_Library/Class/CustomHID/Src/usbd_customhid.c.obj
 .text.USBD_CUSTOM_HID_GetDeviceQualifierDesc
                0x08004cb8        0xc CMakeFiles/St1x.elf.dir/Middlewares/ST/STM32_USB_Device_Library/Class/CustomHID/Src/usbd_customhid.c.obj
 .text.USBD_CUSTOM_HID_DataOut
                0x08004cc4       0x24 CMakeFiles/St1x.elf.dir/Middlewares/ST/STM32_USB_Device_Library/Class/CustomHID/Src/usbd_customhid.c.obj
 .text.USBD_CUSTOM_HID_Setup
                0x08004ce8      0x124 CMakeFiles/St1x.elf.dir/Middlewares/ST/STM32_USB_Device_Library/Class/CustomHID/Src/usbd_customhid.c.obj
 .text.USBD_CUSTOM_HID_DeInit
                0x08004e0c       0x38 CMakeFiles/St1x.elf.dir/Middlewares/ST/STM32_USB_Device_Library/Class/CustomHID/Src/usbd_customhid.c.obj
 .text.USBD_CUSTOM_HID_Init
                0x08004e44       0x50 CMakeFiles/St1x.elf.dir/Middlewares/ST/STM32_USB_Device_Library/Class/CustomHID/Src/usbd_customhid.c.obj
 .text.USBD_CUSTOM_HID_RegisterInterface
                0x08004e94        0xe CMakeFiles/St1x.elf.dir/Middlewares/ST/STM32_USB_Device_Library/Class/CustomHID/Src/usbd_customhid.c.obj
                0x08004e94                USBD_CUSTOM_HID_RegisterInterface
 .text.USBD_Init
                0x08004ea2       0x2e CMakeFiles/St1x.elf.dir/Middlewares/ST/STM32_USB_Device_Library/Core/Src/usbd_core.c.obj
                0x08004ea2                USBD_Init
 .text.USBD_RegisterClass
                0x08004ed0        0xe CMakeFiles/St1x.elf.dir/Middlewares/ST/STM32_USB_Device_Library/Core/Src/usbd_core.c.obj
                0x08004ed0                USBD_RegisterClass
 .text.USBD_Start
                0x08004ede        0xa CMakeFiles/St1x.elf.dir/Middlewares/ST/STM32_USB_Device_Library/Core/Src/usbd_core.c.obj
                0x08004ede                USBD_Start
 .text.USBD_SetClassConfig
                0x08004ee8       0x18 CMakeFiles/St1x.elf.dir/Middlewares/ST/STM32_USB_Device_Library/Core/Src/usbd_core.c.obj
                0x08004ee8                USBD_SetClassConfig
 .text.USBD_ClrClassConfig
                0x08004f00        0xe CMakeFiles/St1x.elf.dir/Middlewares/ST/STM32_USB_Device_Library/Core/Src/usbd_core.c.obj
                0x08004f00                USBD_ClrClassConfig
 .text.USBD_LL_SetupStage
                0x08004f0e       0x5a CMakeFiles/St1x.elf.dir/Middlewares/ST/STM32_USB_Device_Library/Core/Src/usbd_core.c.obj
                0x08004f0e                USBD_LL_SetupStage
 .text.USBD_LL_DataOutStage
                0x08004f68       0x8c CMakeFiles/St1x.elf.dir/Middlewares/ST/STM32_USB_Device_Library/Core/Src/usbd_core.c.obj
                0x08004f68                USBD_LL_DataOutStage
 .text.USBD_LL_DataInStage
                0x08004ff4       0xd0 CMakeFiles/St1x.elf.dir/Middlewares/ST/STM32_USB_Device_Library/Core/Src/usbd_core.c.obj
                0x08004ff4                USBD_LL_DataInStage
 .text.USBD_LL_Reset
                0x080050c4       0x50 CMakeFiles/St1x.elf.dir/Middlewares/ST/STM32_USB_Device_Library/Core/Src/usbd_core.c.obj
                0x080050c4                USBD_LL_Reset
 .text.USBD_LL_SetSpeed
                0x08005114        0x6 CMakeFiles/St1x.elf.dir/Middlewares/ST/STM32_USB_Device_Library/Core/Src/usbd_core.c.obj
                0x08005114                USBD_LL_SetSpeed
 .text.USBD_LL_Suspend
                0x0800511a       0x12 CMakeFiles/St1x.elf.dir/Middlewares/ST/STM32_USB_Device_Library/Core/Src/usbd_core.c.obj
                0x0800511a                USBD_LL_Suspend
 .text.USBD_LL_Resume
                0x0800512c       0x16 CMakeFiles/St1x.elf.dir/Middlewares/ST/STM32_USB_Device_Library/Core/Src/usbd_core.c.obj
                0x0800512c                USBD_LL_Resume
 .text.USBD_LL_SOF
                0x08005142       0x1c CMakeFiles/St1x.elf.dir/Middlewares/ST/STM32_USB_Device_Library/Core/Src/usbd_core.c.obj
                0x08005142                USBD_LL_SOF
 .text.USBD_GetLen
                0x0800515e       0x14 CMakeFiles/St1x.elf.dir/Middlewares/ST/STM32_USB_Device_Library/Core/Src/usbd_ctlreq.c.obj
 .text.USBD_SetFeature
                0x08005172       0x14 CMakeFiles/St1x.elf.dir/Middlewares/ST/STM32_USB_Device_Library/Core/Src/usbd_ctlreq.c.obj
 .text.USBD_ParseSetupRequest
                0x08005186       0x28 CMakeFiles/St1x.elf.dir/Middlewares/ST/STM32_USB_Device_Library/Core/Src/usbd_ctlreq.c.obj
                0x08005186                USBD_ParseSetupRequest
 .text.USBD_CtlError
                0x080051ae       0x14 CMakeFiles/St1x.elf.dir/Middlewares/ST/STM32_USB_Device_Library/Core/Src/usbd_ctlreq.c.obj
                0x080051ae                USBD_CtlError
 .text.USBD_GetDescriptor
                0x080051c2      0x186 CMakeFiles/St1x.elf.dir/Middlewares/ST/STM32_USB_Device_Library/Core/Src/usbd_ctlreq.c.obj
 .text.USBD_SetAddress
                0x08005348       0x4e CMakeFiles/St1x.elf.dir/Middlewares/ST/STM32_USB_Device_Library/Core/Src/usbd_ctlreq.c.obj
 *fill*         0x08005396        0x2 
 .text.USBD_SetConfig
                0x08005398       0xb0 CMakeFiles/St1x.elf.dir/Middlewares/ST/STM32_USB_Device_Library/Core/Src/usbd_ctlreq.c.obj
 .text.USBD_GetConfig
                0x08005448       0x3e CMakeFiles/St1x.elf.dir/Middlewares/ST/STM32_USB_Device_Library/Core/Src/usbd_ctlreq.c.obj
 .text.USBD_GetStatus
                0x08005486       0x38 CMakeFiles/St1x.elf.dir/Middlewares/ST/STM32_USB_Device_Library/Core/Src/usbd_ctlreq.c.obj
 .text.USBD_ClrFeature
                0x080054be       0x26 CMakeFiles/St1x.elf.dir/Middlewares/ST/STM32_USB_Device_Library/Core/Src/usbd_ctlreq.c.obj
 .text.USBD_StdDevReq
                0x080054e4       0x68 CMakeFiles/St1x.elf.dir/Middlewares/ST/STM32_USB_Device_Library/Core/Src/usbd_ctlreq.c.obj
                0x080054e4                USBD_StdDevReq
 .text.USBD_StdItfReq
                0x0800554c       0x60 CMakeFiles/St1x.elf.dir/Middlewares/ST/STM32_USB_Device_Library/Core/Src/usbd_ctlreq.c.obj
                0x0800554c                USBD_StdItfReq
 .text.USBD_StdEPReq
                0x080055ac      0x1e2 CMakeFiles/St1x.elf.dir/Middlewares/ST/STM32_USB_Device_Library/Core/Src/usbd_ctlreq.c.obj
                0x080055ac                USBD_StdEPReq
 .text.USBD_GetString
                0x0800578e       0x3a CMakeFiles/St1x.elf.dir/Middlewares/ST/STM32_USB_Device_Library/Core/Src/usbd_ctlreq.c.obj
                0x0800578e                USBD_GetString
 .text.USBD_CtlSendData
                0x080057c8       0x1a CMakeFiles/St1x.elf.dir/Middlewares/ST/STM32_USB_Device_Library/Core/Src/usbd_ioreq.c.obj
                0x080057c8                USBD_CtlSendData
 .text.USBD_CtlContinueSendData
                0x080057e2       0x10 CMakeFiles/St1x.elf.dir/Middlewares/ST/STM32_USB_Device_Library/Core/Src/usbd_ioreq.c.obj
                0x080057e2                USBD_CtlContinueSendData
 .text.USBD_CtlPrepareRx
                0x080057f2       0x1e CMakeFiles/St1x.elf.dir/Middlewares/ST/STM32_USB_Device_Library/Core/Src/usbd_ioreq.c.obj
                0x080057f2                USBD_CtlPrepareRx
 .text.USBD_CtlContinueRx
                0x08005810       0x10 CMakeFiles/St1x.elf.dir/Middlewares/ST/STM32_USB_Device_Library/Core/Src/usbd_ioreq.c.obj
                0x08005810                USBD_CtlContinueRx
 .text.USBD_CtlSendStatus
                0x08005820       0x16 CMakeFiles/St1x.elf.dir/Middlewares/ST/STM32_USB_Device_Library/Core/Src/usbd_ioreq.c.obj
                0x08005820                USBD_CtlSendStatus
 .text.USBD_CtlReceiveStatus
                0x08005836       0x16 CMakeFiles/St1x.elf.dir/Middlewares/ST/STM32_USB_Device_Library/Core/Src/usbd_ioreq.c.obj
                0x08005836                USBD_CtlReceiveStatus
 .text.MX_USB_DEVICE_Init
                0x0800584c       0x54 CMakeFiles/St1x.elf.dir/USB_DEVICE/App/usb_device.c.obj
                0x0800584c                MX_USB_DEVICE_Init
 .text.CUSTOM_HID_Init_FS
                0x080058a0        0x4 CMakeFiles/St1x.elf.dir/USB_DEVICE/App/usbd_custom_hid_if.c.obj
 .text.CUSTOM_HID_DeInit_FS
                0x080058a4        0x4 CMakeFiles/St1x.elf.dir/USB_DEVICE/App/usbd_custom_hid_if.c.obj
 .text.CUSTOM_HID_OutEvent_FS
                0x080058a8        0x4 CMakeFiles/St1x.elf.dir/USB_DEVICE/App/usbd_custom_hid_if.c.obj
 .text.USBD_FS_DeviceDescriptor
                0x080058ac        0xc CMakeFiles/St1x.elf.dir/USB_DEVICE/App/usbd_desc.c.obj
                0x080058ac                USBD_FS_DeviceDescriptor
 .text.USBD_FS_LangIDStrDescriptor
                0x080058b8        0xc CMakeFiles/St1x.elf.dir/USB_DEVICE/App/usbd_desc.c.obj
                0x080058b8                USBD_FS_LangIDStrDescriptor
 .text.IntToUnicode
                0x080058c4       0x46 CMakeFiles/St1x.elf.dir/USB_DEVICE/App/usbd_desc.c.obj
 *fill*         0x0800590a        0x2 
 .text.Get_SerialNum
                0x0800590c       0x38 CMakeFiles/St1x.elf.dir/USB_DEVICE/App/usbd_desc.c.obj
 .text.USBD_FS_SerialStrDescriptor
                0x08005944       0x14 CMakeFiles/St1x.elf.dir/USB_DEVICE/App/usbd_desc.c.obj
                0x08005944                USBD_FS_SerialStrDescriptor
 .text.USBD_FS_ProductStrDescriptor
                0x08005958       0x24 CMakeFiles/St1x.elf.dir/USB_DEVICE/App/usbd_desc.c.obj
                0x08005958                USBD_FS_ProductStrDescriptor
 .text.USBD_FS_ManufacturerStrDescriptor
                0x0800597c       0x1c CMakeFiles/St1x.elf.dir/USB_DEVICE/App/usbd_desc.c.obj
                0x0800597c                USBD_FS_ManufacturerStrDescriptor
 .text.USBD_FS_ConfigStrDescriptor
                0x08005998       0x24 CMakeFiles/St1x.elf.dir/USB_DEVICE/App/usbd_desc.c.obj
                0x08005998                USBD_FS_ConfigStrDescriptor
 .text.USBD_FS_InterfaceStrDescriptor
                0x080059bc       0x24 CMakeFiles/St1x.elf.dir/USB_DEVICE/App/usbd_desc.c.obj
                0x080059bc                USBD_FS_InterfaceStrDescriptor
 .text.USBD_Get_USB_Status
                0x080059e0       0x14 CMakeFiles/St1x.elf.dir/USB_DEVICE/Target/usbd_conf.c.obj
 .text.HAL_PCD_MspInit
                0x080059f4       0x40 CMakeFiles/St1x.elf.dir/USB_DEVICE/Target/usbd_conf.c.obj
                0x080059f4                HAL_PCD_MspInit
 .text.HAL_PCD_SetupStageCallback
                0x08005a34       0x10 CMakeFiles/St1x.elf.dir/USB_DEVICE/Target/usbd_conf.c.obj
                0x08005a34                HAL_PCD_SetupStageCallback
 .text.HAL_PCD_DataOutStageCallback
                0x08005a44       0x18 CMakeFiles/St1x.elf.dir/USB_DEVICE/Target/usbd_conf.c.obj
                0x08005a44                HAL_PCD_DataOutStageCallback
 .text.HAL_PCD_DataInStageCallback
                0x08005a5c       0x16 CMakeFiles/St1x.elf.dir/USB_DEVICE/Target/usbd_conf.c.obj
                0x08005a5c                HAL_PCD_DataInStageCallback
 .text.HAL_PCD_SOFCallback
                0x08005a72        0xc CMakeFiles/St1x.elf.dir/USB_DEVICE/Target/usbd_conf.c.obj
                0x08005a72                HAL_PCD_SOFCallback
 .text.HAL_PCD_ResetCallback
                0x08005a7e       0x24 CMakeFiles/St1x.elf.dir/USB_DEVICE/Target/usbd_conf.c.obj
                0x08005a7e                HAL_PCD_ResetCallback
 *fill*         0x08005aa2        0x2 
 .text.HAL_PCD_SuspendCallback
                0x08005aa4       0x20 CMakeFiles/St1x.elf.dir/USB_DEVICE/Target/usbd_conf.c.obj
                0x08005aa4                HAL_PCD_SuspendCallback
 .text.HAL_PCD_ResumeCallback
                0x08005ac4        0xc CMakeFiles/St1x.elf.dir/USB_DEVICE/Target/usbd_conf.c.obj
                0x08005ac4                HAL_PCD_ResumeCallback
 .text.USBD_LL_Init
                0x08005ad0       0x74 CMakeFiles/St1x.elf.dir/USB_DEVICE/Target/usbd_conf.c.obj
                0x08005ad0                USBD_LL_Init
 .text.USBD_LL_Start
                0x08005b44       0x10 CMakeFiles/St1x.elf.dir/USB_DEVICE/Target/usbd_conf.c.obj
                0x08005b44                USBD_LL_Start
 .text.USBD_LL_OpenEP
                0x08005b54       0x16 CMakeFiles/St1x.elf.dir/USB_DEVICE/Target/usbd_conf.c.obj
                0x08005b54                USBD_LL_OpenEP
 .text.USBD_LL_CloseEP
                0x08005b6a       0x10 CMakeFiles/St1x.elf.dir/USB_DEVICE/Target/usbd_conf.c.obj
                0x08005b6a                USBD_LL_CloseEP
 .text.USBD_LL_StallEP
                0x08005b7a       0x10 CMakeFiles/St1x.elf.dir/USB_DEVICE/Target/usbd_conf.c.obj
                0x08005b7a                USBD_LL_StallEP
 .text.USBD_LL_ClearStallEP
                0x08005b8a       0x10 CMakeFiles/St1x.elf.dir/USB_DEVICE/Target/usbd_conf.c.obj
                0x08005b8a                USBD_LL_ClearStallEP
 .text.USBD_LL_IsStallEP
                0x08005b9a       0x2e CMakeFiles/St1x.elf.dir/USB_DEVICE/Target/usbd_conf.c.obj
                0x08005b9a                USBD_LL_IsStallEP
 .text.USBD_LL_SetUSBAddress
                0x08005bc8       0x10 CMakeFiles/St1x.elf.dir/USB_DEVICE/Target/usbd_conf.c.obj
                0x08005bc8                USBD_LL_SetUSBAddress
 .text.USBD_LL_Transmit
                0x08005bd8       0x10 CMakeFiles/St1x.elf.dir/USB_DEVICE/Target/usbd_conf.c.obj
                0x08005bd8                USBD_LL_Transmit
 .text.USBD_LL_PrepareReceive
                0x08005be8       0x10 CMakeFiles/St1x.elf.dir/USB_DEVICE/Target/usbd_conf.c.obj
                0x08005be8                USBD_LL_PrepareReceive
 .text.USBD_static_malloc
                0x08005bf8        0x8 CMakeFiles/St1x.elf.dir/USB_DEVICE/Target/usbd_conf.c.obj
                0x08005bf8                USBD_static_malloc
 .text.USBD_static_free
                0x08005c00        0x2 CMakeFiles/St1x.elf.dir/USB_DEVICE/Target/usbd_conf.c.obj
                0x08005c00                USBD_static_free
 .text.HAL_PCDEx_SetConnectionState
                0x08005c02        0x2 CMakeFiles/St1x.elf.dir/USB_DEVICE/Target/usbd_conf.c.obj
                0x08005c02                HAL_PCDEx_SetConnectionState
 .text.__libc_init_array
                0x08005c04       0x48 d:/program/clinon/gcc-arm-none-eabi/bin/../lib/gcc/arm-none-eabi/10.3.1/../../../../arm-none-eabi/lib/thumb/v7-m/nofp\libg.a(lib_a-init.o)
                0x08005c04                __libc_init_array
 .text.memset   0x08005c4c       0xa4 d:/program/clinon/gcc-arm-none-eabi/bin/../lib/gcc/arm-none-eabi/10.3.1/../../../../arm-none-eabi/lib/thumb/v7-m/nofp\libg.a(lib_a-memset.o)
                0x08005c4c                memset
 .text.startup.register_fini
                0x08005cf0       0x14 d:/program/clinon/gcc-arm-none-eabi/bin/../lib/gcc/arm-none-eabi/10.3.1/../../../../arm-none-eabi/lib/thumb/v7-m/nofp\libg.a(lib_a-__call_atexit.o)
 .text.atexit   0x08005d04        0xc d:/program/clinon/gcc-arm-none-eabi/bin/../lib/gcc/arm-none-eabi/10.3.1/../../../../arm-none-eabi/lib/thumb/v7-m/nofp\libg.a(lib_a-atexit.o)
                0x08005d04                atexit
 .text.__libc_fini_array
                0x08005d10       0x2c d:/program/clinon/gcc-arm-none-eabi/bin/../lib/gcc/arm-none-eabi/10.3.1/../../../../arm-none-eabi/lib/thumb/v7-m/nofp\libg.a(lib_a-fini.o)
                0x08005d10                __libc_fini_array
 .text.__retarget_lock_acquire_recursive
                0x08005d3c        0x4 d:/program/clinon/gcc-arm-none-eabi/bin/../lib/gcc/arm-none-eabi/10.3.1/../../../../arm-none-eabi/lib/thumb/v7-m/nofp\libg.a(lib_a-lock.o)
                0x08005d3c                __retarget_lock_acquire_recursive
 .text.__retarget_lock_release_recursive
                0x08005d40        0x4 d:/program/clinon/gcc-arm-none-eabi/bin/../lib/gcc/arm-none-eabi/10.3.1/../../../../arm-none-eabi/lib/thumb/v7-m/nofp\libg.a(lib_a-lock.o)
                0x08005d40                __retarget_lock_release_recursive
 .text.__register_exitproc
                0x08005d44       0x8c d:/program/clinon/gcc-arm-none-eabi/bin/../lib/gcc/arm-none-eabi/10.3.1/../../../../arm-none-eabi/lib/thumb/v7-m/nofp\libg.a(lib_a-__atexit.o)
                0x08005d44                __register_exitproc
 *(.glue_7)
 .glue_7        0x08005dd0        0x0 linker stubs
 *(.glue_7t)
 .glue_7t       0x08005dd0        0x0 linker stubs
 *(.eh_frame)
 .eh_frame      0x08005dd0        0x0 d:/program/clinon/gcc-arm-none-eabi/bin/../lib/gcc/arm-none-eabi/10.3.1/thumb/v7-m/nofp/crtbegin.o
 *(.init)
 .init          0x08005dd0        0x4 d:/program/clinon/gcc-arm-none-eabi/bin/../lib/gcc/arm-none-eabi/10.3.1/thumb/v7-m/nofp/crti.o
                0x08005dd0                _init
 .init          0x08005dd4        0x8 d:/program/clinon/gcc-arm-none-eabi/bin/../lib/gcc/arm-none-eabi/10.3.1/thumb/v7-m/nofp/crtn.o
 *(.fini)
 .fini          0x08005ddc        0x4 d:/program/clinon/gcc-arm-none-eabi/bin/../lib/gcc/arm-none-eabi/10.3.1/thumb/v7-m/nofp/crti.o
                0x08005ddc                _fini
 .fini          0x08005de0        0x8 d:/program/clinon/gcc-arm-none-eabi/bin/../lib/gcc/arm-none-eabi/10.3.1/thumb/v7-m/nofp/crtn.o
                0x08005de8                . = ALIGN (0x4)
                0x08005de8                _etext = .

.vfp11_veneer   0x08005de8        0x0
 .vfp11_veneer  0x08005de8        0x0 linker stubs

.v4_bx          0x08005de8        0x0
 .v4_bx         0x08005de8        0x0 linker stubs

.iplt           0x08005de8        0x0
 .iplt          0x08005de8        0x0 d:/program/clinon/gcc-arm-none-eabi/bin/../lib/gcc/arm-none-eabi/10.3.1/thumb/v7-m/nofp/crtbegin.o

.rodata         0x08005de8       0x90
                0x08005de8                . = ALIGN (0x4)
 *(.rodata)
 *(.rodata*)
 .rodata.AHBPrescTable
                0x08005de8       0x10 CMakeFiles/St1x.elf.dir/Core/Src/system_stm32f1xx.c.obj
                0x08005de8                AHBPrescTable
 .rodata.APBPrescTable
                0x08005df8        0x8 CMakeFiles/St1x.elf.dir/Core/Src/system_stm32f1xx.c.obj
                0x08005df8                APBPrescTable
 .rodata.HAL_RCC_GetSysClockFreq.str1.4
                0x08005e00       0x11 CMakeFiles/St1x.elf.dir/Drivers/STM32F1xx_HAL_Driver/Src/stm32f1xx_hal_rcc.c.obj
 *fill*         0x08005e11        0x3 
 .rodata.USBD_FS_ProductStrDescriptor.str1.4
                0x08005e14       0x1d CMakeFiles/St1x.elf.dir/USB_DEVICE/App/usbd_desc.c.obj
 *fill*         0x08005e31        0x3 
 .rodata.USBD_FS_ManufacturerStrDescriptor.str1.4
                0x08005e34       0x13 CMakeFiles/St1x.elf.dir/USB_DEVICE/App/usbd_desc.c.obj
 *fill*         0x08005e47        0x1 
 .rodata.USBD_FS_ConfigStrDescriptor.str1.4
                0x08005e48       0x12 CMakeFiles/St1x.elf.dir/USB_DEVICE/App/usbd_desc.c.obj
 *fill*         0x08005e5a        0x2 
 .rodata.USBD_FS_InterfaceStrDescriptor.str1.4
                0x08005e5c       0x15 CMakeFiles/St1x.elf.dir/USB_DEVICE/App/usbd_desc.c.obj
 *fill*         0x08005e71        0x3 
 .rodata._global_impure_ptr
                0x08005e74        0x4 d:/program/clinon/gcc-arm-none-eabi/bin/../lib/gcc/arm-none-eabi/10.3.1/../../../../arm-none-eabi/lib/thumb/v7-m/nofp\libg.a(lib_a-impure.o)
                0x08005e74                _global_impure_ptr
                0x08005e78                . = ALIGN (0x4)

.rel.dyn        0x08005e78        0x0
 .rel.iplt      0x08005e78        0x0 d:/program/clinon/gcc-arm-none-eabi/bin/../lib/gcc/arm-none-eabi/10.3.1/thumb/v7-m/nofp/crtbegin.o

.ARM.extab      0x08005e78        0x0
                0x08005e78                . = ALIGN (0x4)
 *(.ARM.extab* .gnu.linkonce.armextab.*)
                0x08005e78                . = ALIGN (0x4)

.ARM            0x08005e78        0x0
                0x08005e78                . = ALIGN (0x4)
                0x08005e78                __exidx_start = .
 *(.ARM.exidx*)
                0x08005e78                __exidx_end = .
                0x08005e78                . = ALIGN (0x4)

.preinit_array  0x08005e78        0x0
                0x08005e78                . = ALIGN (0x4)
                0x08005e78                PROVIDE (__preinit_array_start = .)
 *(.preinit_array*)
                0x08005e78                PROVIDE (__preinit_array_end = .)
                0x08005e78                . = ALIGN (0x4)

.init_array     0x08005e78        0x8
                0x08005e78                . = ALIGN (0x4)
                0x08005e78                PROVIDE (__init_array_start = .)
 *(SORT_BY_NAME(.init_array.*))
 .init_array.00000
                0x08005e78        0x4 d:/program/clinon/gcc-arm-none-eabi/bin/../lib/gcc/arm-none-eabi/10.3.1/../../../../arm-none-eabi/lib/thumb/v7-m/nofp\libg.a(lib_a-__call_atexit.o)
 *(.init_array*)
 .init_array    0x08005e7c        0x4 d:/program/clinon/gcc-arm-none-eabi/bin/../lib/gcc/arm-none-eabi/10.3.1/thumb/v7-m/nofp/crtbegin.o
                0x08005e80                PROVIDE (__init_array_end = .)
                0x08005e80                . = ALIGN (0x4)

.fini_array     0x08005e80        0x4
                0x08005e80                . = ALIGN (0x4)
                0x08005e80                PROVIDE (__fini_array_start = .)
 *(SORT_BY_NAME(.fini_array.*))
 *(.fini_array*)
 .fini_array    0x08005e80        0x4 d:/program/clinon/gcc-arm-none-eabi/bin/../lib/gcc/arm-none-eabi/10.3.1/thumb/v7-m/nofp/crtbegin.o
                0x08005e84                PROVIDE (__fini_array_end = .)
                0x08005e84                . = ALIGN (0x4)
                0x08005e84                _sidata = LOADADDR (.data)

.data           0x20000000      0xa74 load address 0x08005e84
                0x20000000                . = ALIGN (0x4)
                0x20000000                _sdata = .
 *(.data)
 *(.data*)
 .data.BMP2     0x20000000      0x500 CMakeFiles/St1x.elf.dir/Core/Src/main.c.obj
                0x20000000                BMP2
 .data.SystemCoreClock
                0x20000500        0x4 CMakeFiles/St1x.elf.dir/Core/Src/system_stm32f1xx.c.obj
                0x20000500                SystemCoreClock
 .data.uwTickFreq
                0x20000504        0x1 CMakeFiles/St1x.elf.dir/Drivers/STM32F1xx_HAL_Driver/Src/stm32f1xx_hal.c.obj
                0x20000504                uwTickFreq
 *fill*         0x20000505        0x3 
 .data.uwTickPrio
                0x20000508        0x4 CMakeFiles/St1x.elf.dir/Drivers/STM32F1xx_HAL_Driver/Src/stm32f1xx_hal.c.obj
                0x20000508                uwTickPrio
 .data.USBD_CUSTOM_HID
                0x2000050c       0x38 CMakeFiles/St1x.elf.dir/Middlewares/ST/STM32_USB_Device_Library/Class/CustomHID/Src/usbd_customhid.c.obj
                0x2000050c                USBD_CUSTOM_HID
 .data.USBD_CUSTOM_HID_CfgFSDesc
                0x20000544       0x29 CMakeFiles/St1x.elf.dir/Middlewares/ST/STM32_USB_Device_Library/Class/CustomHID/Src/usbd_customhid.c.obj
 *fill*         0x2000056d        0x3 
 .data.USBD_CUSTOM_HID_CfgHSDesc
                0x20000570       0x29 CMakeFiles/St1x.elf.dir/Middlewares/ST/STM32_USB_Device_Library/Class/CustomHID/Src/usbd_customhid.c.obj
 *fill*         0x20000599        0x3 
 .data.USBD_CUSTOM_HID_Desc
                0x2000059c        0x9 CMakeFiles/St1x.elf.dir/Middlewares/ST/STM32_USB_Device_Library/Class/CustomHID/Src/usbd_customhid.c.obj
 *fill*         0x200005a5        0x3 
 .data.USBD_CUSTOM_HID_DeviceQualifierDesc
                0x200005a8        0xa CMakeFiles/St1x.elf.dir/Middlewares/ST/STM32_USB_Device_Library/Class/CustomHID/Src/usbd_customhid.c.obj
 *fill*         0x200005b2        0x2 
 .data.USBD_CUSTOM_HID_OtherSpeedCfgDesc
                0x200005b4       0x29 CMakeFiles/St1x.elf.dir/Middlewares/ST/STM32_USB_Device_Library/Class/CustomHID/Src/usbd_customhid.c.obj
 *fill*         0x200005dd        0x3 
 .data.CUSTOM_HID_ReportDesc_FS
                0x200005e0        0x2 CMakeFiles/St1x.elf.dir/USB_DEVICE/App/usbd_custom_hid_if.c.obj
 *fill*         0x200005e2        0x2 
 .data.USBD_CustomHID_fops_FS
                0x200005e4       0x10 CMakeFiles/St1x.elf.dir/USB_DEVICE/App/usbd_custom_hid_if.c.obj
                0x200005e4                USBD_CustomHID_fops_FS
 .data.FS_Desc  0x200005f4       0x1c CMakeFiles/St1x.elf.dir/USB_DEVICE/App/usbd_desc.c.obj
                0x200005f4                FS_Desc
 .data.USBD_FS_DeviceDesc
                0x20000610       0x12 CMakeFiles/St1x.elf.dir/USB_DEVICE/App/usbd_desc.c.obj
                0x20000610                USBD_FS_DeviceDesc
 *fill*         0x20000622        0x2 
 .data.USBD_LangIDDesc
                0x20000624        0x4 CMakeFiles/St1x.elf.dir/USB_DEVICE/App/usbd_desc.c.obj
                0x20000624                USBD_LangIDDesc
 .data.USBD_StringSerial
                0x20000628       0x1a CMakeFiles/St1x.elf.dir/USB_DEVICE/App/usbd_desc.c.obj
                0x20000628                USBD_StringSerial
 *fill*         0x20000642        0x6 
 .data.impure_data
                0x20000648      0x428 d:/program/clinon/gcc-arm-none-eabi/bin/../lib/gcc/arm-none-eabi/10.3.1/../../../../arm-none-eabi/lib/thumb/v7-m/nofp\libg.a(lib_a-impure.o)
 .data.__atexit_recursive_mutex
                0x20000a70        0x4 d:/program/clinon/gcc-arm-none-eabi/bin/../lib/gcc/arm-none-eabi/10.3.1/../../../../arm-none-eabi/lib/thumb/v7-m/nofp\libg.a(lib_a-__call_atexit.o)
                0x20000a70                __atexit_recursive_mutex
 *(.RamFunc)
 *(.RamFunc*)
                0x20000a74                . = ALIGN (0x4)
                0x20000a74                _edata = .

.igot.plt       0x20000a74        0x0 load address 0x080068f8
 .igot.plt      0x20000a74        0x0 d:/program/clinon/gcc-arm-none-eabi/bin/../lib/gcc/arm-none-eabi/10.3.1/thumb/v7-m/nofp/crtbegin.o
                0x20000a74                . = ALIGN (0x4)

.bss            0x20000a74     0x1148 load address 0x080068f8
                0x20000a74                _sbss = .
                0x20000a74                __bss_start__ = _sbss
 *(.bss)
 .bss           0x20000a74       0x1c d:/program/clinon/gcc-arm-none-eabi/bin/../lib/gcc/arm-none-eabi/10.3.1/thumb/v7-m/nofp/crtbegin.o
 *(.bss*)
 .bss.hadc1     0x20000a90       0x30 CMakeFiles/St1x.elf.dir/Core/Src/adc.c.obj
                0x20000a90                hadc1
 .bss.hdma_adc1
                0x20000ac0       0x44 CMakeFiles/St1x.elf.dir/Core/Src/adc.c.obj
                0x20000ac0                hdma_adc1
 .bss.hi2c1     0x20000b04       0x54 CMakeFiles/St1x.elf.dir/Core/Src/i2c.c.obj
                0x20000b04                hi2c1
 .bss.hdma_spi2_rx
                0x20000b58       0x44 CMakeFiles/St1x.elf.dir/Core/Src/spi.c.obj
                0x20000b58                hdma_spi2_rx
 .bss.hdma_spi2_tx
                0x20000b9c       0x44 CMakeFiles/St1x.elf.dir/Core/Src/spi.c.obj
                0x20000b9c                hdma_spi2_tx
 .bss.hspi2     0x20000be0       0x58 CMakeFiles/St1x.elf.dir/Core/Src/spi.c.obj
                0x20000be0                hspi2
 .bss.hdma_tim3_ch3
                0x20000c38       0x44 CMakeFiles/St1x.elf.dir/Core/Src/tim.c.obj
                0x20000c38                hdma_tim3_ch3
 .bss.htim1     0x20000c7c       0x48 CMakeFiles/St1x.elf.dir/Core/Src/tim.c.obj
                0x20000c7c                htim1
 .bss.htim2     0x20000cc4       0x48 CMakeFiles/St1x.elf.dir/Core/Src/tim.c.obj
                0x20000cc4                htim2
 .bss.htim3     0x20000d0c       0x48 CMakeFiles/St1x.elf.dir/Core/Src/tim.c.obj
                0x20000d0c                htim3
 .bss.htim4     0x20000d54       0x48 CMakeFiles/St1x.elf.dir/Core/Src/tim.c.obj
                0x20000d54                htim4
 .bss.huart1    0x20000d9c       0x44 CMakeFiles/St1x.elf.dir/Core/Src/usart.c.obj
                0x20000d9c                huart1
 .bss.uwTick    0x20000de0        0x4 CMakeFiles/St1x.elf.dir/Drivers/STM32F1xx_HAL_Driver/Src/stm32f1xx_hal.c.obj
                0x20000de0                uwTick
 .bss.pwmVal    0x20000de4        0x2 CMakeFiles/St1x.elf.dir/HW_Driver/LED.c.obj
                0x20000de4                pwmVal
 *fill*         0x20000de6        0x2 
 .bss.OLED_GRAM
                0x20000de8      0x600 CMakeFiles/St1x.elf.dir/HW_Driver/oled.c.obj
                0x20000de8                OLED_GRAM
 .bss.cfgidx.0  0x200013e8        0x1 CMakeFiles/St1x.elf.dir/Middlewares/ST/STM32_USB_Device_Library/Core/Src/usbd_ctlreq.c.obj
 *fill*         0x200013e9        0x3 
 .bss.hUsbDeviceFS
                0x200013ec      0x2c4 CMakeFiles/St1x.elf.dir/USB_DEVICE/App/usb_device.c.obj
                0x200013ec                hUsbDeviceFS
 .bss.USBD_StrDesc
                0x200016b0      0x200 CMakeFiles/St1x.elf.dir/USB_DEVICE/App/usbd_desc.c.obj
                0x200016b0                USBD_StrDesc
 .bss.hpcd_USB_FS
                0x200018b0      0x2ec CMakeFiles/St1x.elf.dir/USB_DEVICE/Target/usbd_conf.c.obj
                0x200018b0                hpcd_USB_FS
 .bss.mem.0     0x20001b9c       0x1c CMakeFiles/St1x.elf.dir/USB_DEVICE/Target/usbd_conf.c.obj
 .bss.__lock___atexit_recursive_mutex
                0x20001bb8        0x1 d:/program/clinon/gcc-arm-none-eabi/bin/../lib/gcc/arm-none-eabi/10.3.1/../../../../arm-none-eabi/lib/thumb/v7-m/nofp\libg.a(lib_a-lock.o)
                0x20001bb8                __lock___atexit_recursive_mutex
 *(COMMON)
                0x20001bbc                . = ALIGN (0x4)
 *fill*         0x20001bb9        0x3 
                0x20001bbc                _ebss = .
                0x20001bbc                __bss_end__ = _ebss

._user_heap_stack
                0x20001bbc      0x604 load address 0x080068f8
                0x20001bc0                . = ALIGN (0x8)
 *fill*         0x20001bbc        0x4 
                [!provide]                PROVIDE (end = .)
                0x20001bc0                PROVIDE (_end = .)
                0x20001dc0                . = (. + _Min_Heap_Size)
 *fill*         0x20001bc0      0x200 
                0x200021c0                . = (. + _Min_Stack_Size)
 *fill*         0x20001dc0      0x400 
                0x200021c0                . = ALIGN (0x8)

/DISCARD/
 libc.a(*)
 libm.a(*)
 libgcc.a(*)

.ARM.attributes
                0x00000000       0x29
 *(.ARM.attributes)
 .ARM.attributes
                0x00000000       0x1d d:/program/clinon/gcc-arm-none-eabi/bin/../lib/gcc/arm-none-eabi/10.3.1/thumb/v7-m/nofp/crti.o
 .ARM.attributes
                0x0000001d       0x2d d:/program/clinon/gcc-arm-none-eabi/bin/../lib/gcc/arm-none-eabi/10.3.1/thumb/v7-m/nofp/crtbegin.o
 .ARM.attributes
                0x0000004a       0x2d CMakeFiles/St1x.elf.dir/Core/Src/adc.c.obj
 .ARM.attributes
                0x00000077       0x2d CMakeFiles/St1x.elf.dir/Core/Src/dma.c.obj
 .ARM.attributes
                0x000000a4       0x2d CMakeFiles/St1x.elf.dir/Core/Src/gpio.c.obj
 .ARM.attributes
                0x000000d1       0x2d CMakeFiles/St1x.elf.dir/Core/Src/i2c.c.obj
 .ARM.attributes
                0x000000fe       0x2d CMakeFiles/St1x.elf.dir/Core/Src/main.c.obj
 .ARM.attributes
                0x0000012b       0x2d CMakeFiles/St1x.elf.dir/Core/Src/spi.c.obj
 .ARM.attributes
                0x00000158       0x2d CMakeFiles/St1x.elf.dir/Core/Src/stm32f1xx_hal_msp.c.obj
 .ARM.attributes
                0x00000185       0x2d CMakeFiles/St1x.elf.dir/Core/Src/stm32f1xx_it.c.obj
 .ARM.attributes
                0x000001b2       0x2d CMakeFiles/St1x.elf.dir/Core/Src/system_stm32f1xx.c.obj
 .ARM.attributes
                0x000001df       0x2d CMakeFiles/St1x.elf.dir/Core/Src/tim.c.obj
 .ARM.attributes
                0x0000020c       0x2d CMakeFiles/St1x.elf.dir/Core/Src/usart.c.obj
 .ARM.attributes
                0x00000239       0x21 CMakeFiles/St1x.elf.dir/Core/Startup/startup_stm32f103cbtx.s.obj
 .ARM.attributes
                0x0000025a       0x2d CMakeFiles/St1x.elf.dir/Drivers/STM32F1xx_HAL_Driver/Src/stm32f1xx_hal.c.obj
 .ARM.attributes
                0x00000287       0x2d CMakeFiles/St1x.elf.dir/Drivers/STM32F1xx_HAL_Driver/Src/stm32f1xx_hal_adc.c.obj
 .ARM.attributes
                0x000002b4       0x2d CMakeFiles/St1x.elf.dir/Drivers/STM32F1xx_HAL_Driver/Src/stm32f1xx_hal_cortex.c.obj
 .ARM.attributes
                0x000002e1       0x2d CMakeFiles/St1x.elf.dir/Drivers/STM32F1xx_HAL_Driver/Src/stm32f1xx_hal_dma.c.obj
 .ARM.attributes
                0x0000030e       0x2d CMakeFiles/St1x.elf.dir/Drivers/STM32F1xx_HAL_Driver/Src/stm32f1xx_hal_gpio.c.obj
 .ARM.attributes
                0x0000033b       0x2d CMakeFiles/St1x.elf.dir/Drivers/STM32F1xx_HAL_Driver/Src/stm32f1xx_hal_i2c.c.obj
 .ARM.attributes
                0x00000368       0x2d CMakeFiles/St1x.elf.dir/Drivers/STM32F1xx_HAL_Driver/Src/stm32f1xx_hal_pcd.c.obj
 .ARM.attributes
                0x00000395       0x2d CMakeFiles/St1x.elf.dir/Drivers/STM32F1xx_HAL_Driver/Src/stm32f1xx_hal_pcd_ex.c.obj
 .ARM.attributes
                0x000003c2       0x2d CMakeFiles/St1x.elf.dir/Drivers/STM32F1xx_HAL_Driver/Src/stm32f1xx_hal_rcc.c.obj
 .ARM.attributes
                0x000003ef       0x2d CMakeFiles/St1x.elf.dir/Drivers/STM32F1xx_HAL_Driver/Src/stm32f1xx_hal_rcc_ex.c.obj
 .ARM.attributes
                0x0000041c       0x2d CMakeFiles/St1x.elf.dir/Drivers/STM32F1xx_HAL_Driver/Src/stm32f1xx_hal_spi.c.obj
 .ARM.attributes
                0x00000449       0x2d CMakeFiles/St1x.elf.dir/Drivers/STM32F1xx_HAL_Driver/Src/stm32f1xx_hal_tim.c.obj
 .ARM.attributes
                0x00000476       0x2d CMakeFiles/St1x.elf.dir/Drivers/STM32F1xx_HAL_Driver/Src/stm32f1xx_hal_tim_ex.c.obj
 .ARM.attributes
                0x000004a3       0x2d CMakeFiles/St1x.elf.dir/Drivers/STM32F1xx_HAL_Driver/Src/stm32f1xx_hal_uart.c.obj
 .ARM.attributes
                0x000004d0       0x2d CMakeFiles/St1x.elf.dir/Drivers/STM32F1xx_HAL_Driver/Src/stm32f1xx_ll_usb.c.obj
 .ARM.attributes
                0x000004fd       0x2d CMakeFiles/St1x.elf.dir/HW_Driver/LED.c.obj
 .ARM.attributes
                0x0000052a       0x2d CMakeFiles/St1x.elf.dir/HW_Driver/key.c.obj
 .ARM.attributes
                0x00000557       0x2d CMakeFiles/St1x.elf.dir/HW_Driver/oled.c.obj
 .ARM.attributes
                0x00000584       0x2d CMakeFiles/St1x.elf.dir/Middlewares/ST/STM32_USB_Device_Library/Class/CustomHID/Src/usbd_customhid.c.obj
 .ARM.attributes
                0x000005b1       0x2d CMakeFiles/St1x.elf.dir/Middlewares/ST/STM32_USB_Device_Library/Core/Src/usbd_core.c.obj
 .ARM.attributes
                0x000005de       0x2d CMakeFiles/St1x.elf.dir/Middlewares/ST/STM32_USB_Device_Library/Core/Src/usbd_ctlreq.c.obj
 .ARM.attributes
                0x0000060b       0x2d CMakeFiles/St1x.elf.dir/Middlewares/ST/STM32_USB_Device_Library/Core/Src/usbd_ioreq.c.obj
 .ARM.attributes
                0x00000638       0x2d CMakeFiles/St1x.elf.dir/USB_DEVICE/App/usb_device.c.obj
 .ARM.attributes
                0x00000665       0x2d CMakeFiles/St1x.elf.dir/USB_DEVICE/App/usbd_custom_hid_if.c.obj
 .ARM.attributes
                0x00000692       0x2d CMakeFiles/St1x.elf.dir/USB_DEVICE/App/usbd_desc.c.obj
 .ARM.attributes
                0x000006bf       0x2d CMakeFiles/St1x.elf.dir/USB_DEVICE/Target/usbd_conf.c.obj
 .ARM.attributes
                0x000006ec       0x2d d:/program/clinon/gcc-arm-none-eabi/bin/../lib/gcc/arm-none-eabi/10.3.1/../../../../arm-none-eabi/lib/thumb/v7-m/nofp\libg.a(lib_a-impure.o)
 .ARM.attributes
                0x00000719       0x2d d:/program/clinon/gcc-arm-none-eabi/bin/../lib/gcc/arm-none-eabi/10.3.1/../../../../arm-none-eabi/lib/thumb/v7-m/nofp\libg.a(lib_a-init.o)
 .ARM.attributes
                0x00000746       0x2d d:/program/clinon/gcc-arm-none-eabi/bin/../lib/gcc/arm-none-eabi/10.3.1/../../../../arm-none-eabi/lib/thumb/v7-m/nofp\libg.a(lib_a-memset.o)
 .ARM.attributes
                0x00000773       0x2d d:/program/clinon/gcc-arm-none-eabi/bin/../lib/gcc/arm-none-eabi/10.3.1/../../../../arm-none-eabi/lib/thumb/v7-m/nofp\libg.a(lib_a-__call_atexit.o)
 .ARM.attributes
                0x000007a0       0x2d d:/program/clinon/gcc-arm-none-eabi/bin/../lib/gcc/arm-none-eabi/10.3.1/../../../../arm-none-eabi/lib/thumb/v7-m/nofp\libg.a(lib_a-atexit.o)
 .ARM.attributes
                0x000007cd       0x2d d:/program/clinon/gcc-arm-none-eabi/bin/../lib/gcc/arm-none-eabi/10.3.1/../../../../arm-none-eabi/lib/thumb/v7-m/nofp\libg.a(lib_a-fini.o)
 .ARM.attributes
                0x000007fa       0x2d d:/program/clinon/gcc-arm-none-eabi/bin/../lib/gcc/arm-none-eabi/10.3.1/../../../../arm-none-eabi/lib/thumb/v7-m/nofp\libg.a(lib_a-lock.o)
 .ARM.attributes
                0x00000827       0x2d d:/program/clinon/gcc-arm-none-eabi/bin/../lib/gcc/arm-none-eabi/10.3.1/../../../../arm-none-eabi/lib/thumb/v7-m/nofp\libg.a(lib_a-__atexit.o)
 .ARM.attributes
                0x00000854       0x1d d:/program/clinon/gcc-arm-none-eabi/bin/../lib/gcc/arm-none-eabi/10.3.1/thumb/v7-m/nofp/crtn.o
OUTPUT(St1x.elf elf32-littlearm)
LOAD linker stubs
LOAD d:/program/clinon/gcc-arm-none-eabi/bin/../lib/gcc/arm-none-eabi/10.3.1/../../../../arm-none-eabi/lib/thumb/v7-m/nofp\libc.a
LOAD d:/program/clinon/gcc-arm-none-eabi/bin/../lib/gcc/arm-none-eabi/10.3.1/../../../../arm-none-eabi/lib/thumb/v7-m/nofp\libm.a
LOAD d:/program/clinon/gcc-arm-none-eabi/bin/../lib/gcc/arm-none-eabi/10.3.1/thumb/v7-m/nofp\libgcc.a

.debug_info     0x00000000    0x23232
 .debug_info    0x00000000      0x934 CMakeFiles/St1x.elf.dir/Core/Src/adc.c.obj
 .debug_info    0x00000934      0x384 CMakeFiles/St1x.elf.dir/Core/Src/dma.c.obj
 .debug_info    0x00000cb8      0x5f2 CMakeFiles/St1x.elf.dir/Core/Src/gpio.c.obj
 .debug_info    0x000012aa      0x89f CMakeFiles/St1x.elf.dir/Core/Src/i2c.c.obj
 .debug_info    0x00001b49      0xc63 CMakeFiles/St1x.elf.dir/Core/Src/main.c.obj
 .debug_info    0x000027ac      0x907 CMakeFiles/St1x.elf.dir/Core/Src/spi.c.obj
 .debug_info    0x000030b3      0x211 CMakeFiles/St1x.elf.dir/Core/Src/stm32f1xx_hal_msp.c.obj
 .debug_info    0x000032c4      0x98a CMakeFiles/St1x.elf.dir/Core/Src/stm32f1xx_it.c.obj
 .debug_info    0x00003c4e      0x248 CMakeFiles/St1x.elf.dir/Core/Src/system_stm32f1xx.c.obj
 .debug_info    0x00003e96     0x102c CMakeFiles/St1x.elf.dir/Core/Src/tim.c.obj
 .debug_info    0x00004ec2      0x88e CMakeFiles/St1x.elf.dir/Core/Src/usart.c.obj
 .debug_info    0x00005750       0x22 CMakeFiles/St1x.elf.dir/Core/Startup/startup_stm32f103cbtx.s.obj
 .debug_info    0x00005772      0x7a8 CMakeFiles/St1x.elf.dir/Drivers/STM32F1xx_HAL_Driver/Src/stm32f1xx_hal.c.obj
 .debug_info    0x00005f1a      0xf10 CMakeFiles/St1x.elf.dir/Drivers/STM32F1xx_HAL_Driver/Src/stm32f1xx_hal_adc.c.obj
 .debug_info    0x00006e2a      0xd8a CMakeFiles/St1x.elf.dir/Drivers/STM32F1xx_HAL_Driver/Src/stm32f1xx_hal_cortex.c.obj
 .debug_info    0x00007bb4      0x846 CMakeFiles/St1x.elf.dir/Drivers/STM32F1xx_HAL_Driver/Src/stm32f1xx_hal_dma.c.obj
 .debug_info    0x000083fa      0x66f CMakeFiles/St1x.elf.dir/Drivers/STM32F1xx_HAL_Driver/Src/stm32f1xx_hal_gpio.c.obj
 .debug_info    0x00008a69     0x3a6b CMakeFiles/St1x.elf.dir/Drivers/STM32F1xx_HAL_Driver/Src/stm32f1xx_hal_i2c.c.obj
 .debug_info    0x0000c4d4     0x1b27 CMakeFiles/St1x.elf.dir/Drivers/STM32F1xx_HAL_Driver/Src/stm32f1xx_hal_pcd.c.obj
 .debug_info    0x0000dffb      0x737 CMakeFiles/St1x.elf.dir/Drivers/STM32F1xx_HAL_Driver/Src/stm32f1xx_hal_pcd_ex.c.obj
 .debug_info    0x0000e732      0xa36 CMakeFiles/St1x.elf.dir/Drivers/STM32F1xx_HAL_Driver/Src/stm32f1xx_hal_rcc.c.obj
 .debug_info    0x0000f168      0x443 CMakeFiles/St1x.elf.dir/Drivers/STM32F1xx_HAL_Driver/Src/stm32f1xx_hal_rcc_ex.c.obj
 .debug_info    0x0000f5ab     0x1d70 CMakeFiles/St1x.elf.dir/Drivers/STM32F1xx_HAL_Driver/Src/stm32f1xx_hal_spi.c.obj
 .debug_info    0x0001131b     0x3b00 CMakeFiles/St1x.elf.dir/Drivers/STM32F1xx_HAL_Driver/Src/stm32f1xx_hal_tim.c.obj
 .debug_info    0x00014e1b     0x19e9 CMakeFiles/St1x.elf.dir/Drivers/STM32F1xx_HAL_Driver/Src/stm32f1xx_hal_tim_ex.c.obj
 .debug_info    0x00016804     0x1c8b CMakeFiles/St1x.elf.dir/Drivers/STM32F1xx_HAL_Driver/Src/stm32f1xx_hal_uart.c.obj
 .debug_info    0x0001848f     0x1cb2 CMakeFiles/St1x.elf.dir/Drivers/STM32F1xx_HAL_Driver/Src/stm32f1xx_ll_usb.c.obj
 .debug_info    0x0001a141      0xd46 CMakeFiles/St1x.elf.dir/HW_Driver/LED.c.obj
 .debug_info    0x0001ae87      0xb5f CMakeFiles/St1x.elf.dir/HW_Driver/key.c.obj
 .debug_info    0x0001b9e6     0x1c05 CMakeFiles/St1x.elf.dir/HW_Driver/oled.c.obj
 .debug_info    0x0001d5eb      0xcc7 CMakeFiles/St1x.elf.dir/Middlewares/ST/STM32_USB_Device_Library/Class/CustomHID/Src/usbd_customhid.c.obj
 .debug_info    0x0001e2b2      0xd74 CMakeFiles/St1x.elf.dir/Middlewares/ST/STM32_USB_Device_Library/Core/Src/usbd_core.c.obj
 .debug_info    0x0001f026     0x1078 CMakeFiles/St1x.elf.dir/Middlewares/ST/STM32_USB_Device_Library/Core/Src/usbd_ctlreq.c.obj
 .debug_info    0x0002009e      0x7e9 CMakeFiles/St1x.elf.dir/Middlewares/ST/STM32_USB_Device_Library/Core/Src/usbd_ioreq.c.obj
 .debug_info    0x00020887      0x68a CMakeFiles/St1x.elf.dir/USB_DEVICE/App/usb_device.c.obj
 .debug_info    0x00020f11      0x1ea CMakeFiles/St1x.elf.dir/USB_DEVICE/App/usbd_custom_hid_if.c.obj
 .debug_info    0x000210fb      0x5eb CMakeFiles/St1x.elf.dir/USB_DEVICE/App/usbd_desc.c.obj
 .debug_info    0x000216e6     0x1b4c CMakeFiles/St1x.elf.dir/USB_DEVICE/Target/usbd_conf.c.obj

.debug_abbrev   0x00000000     0x4bf8
 .debug_abbrev  0x00000000      0x1c9 CMakeFiles/St1x.elf.dir/Core/Src/adc.c.obj
 .debug_abbrev  0x000001c9      0x114 CMakeFiles/St1x.elf.dir/Core/Src/dma.c.obj
 .debug_abbrev  0x000002dd      0x158 CMakeFiles/St1x.elf.dir/Core/Src/gpio.c.obj
 .debug_abbrev  0x00000435      0x1c1 CMakeFiles/St1x.elf.dir/Core/Src/i2c.c.obj
 .debug_abbrev  0x000005f6      0x228 CMakeFiles/St1x.elf.dir/Core/Src/main.c.obj
 .debug_abbrev  0x0000081e      0x1c9 CMakeFiles/St1x.elf.dir/Core/Src/spi.c.obj
 .debug_abbrev  0x000009e7       0xe5 CMakeFiles/St1x.elf.dir/Core/Src/stm32f1xx_hal_msp.c.obj
 .debug_abbrev  0x00000acc      0x1dd CMakeFiles/St1x.elf.dir/Core/Src/stm32f1xx_it.c.obj
 .debug_abbrev  0x00000ca9      0x13e CMakeFiles/St1x.elf.dir/Core/Src/system_stm32f1xx.c.obj
 .debug_abbrev  0x00000de7      0x24e CMakeFiles/St1x.elf.dir/Core/Src/tim.c.obj
 .debug_abbrev  0x00001035      0x1f3 CMakeFiles/St1x.elf.dir/Core/Src/usart.c.obj
 .debug_abbrev  0x00001228       0x12 CMakeFiles/St1x.elf.dir/Core/Startup/startup_stm32f103cbtx.s.obj
 .debug_abbrev  0x0000123a      0x1f4 CMakeFiles/St1x.elf.dir/Drivers/STM32F1xx_HAL_Driver/Src/stm32f1xx_hal.c.obj
 .debug_abbrev  0x0000142e      0x1fc CMakeFiles/St1x.elf.dir/Drivers/STM32F1xx_HAL_Driver/Src/stm32f1xx_hal_adc.c.obj
 .debug_abbrev  0x0000162a      0x341 CMakeFiles/St1x.elf.dir/Drivers/STM32F1xx_HAL_Driver/Src/stm32f1xx_hal_cortex.c.obj
 .debug_abbrev  0x0000196b      0x223 CMakeFiles/St1x.elf.dir/Drivers/STM32F1xx_HAL_Driver/Src/stm32f1xx_hal_dma.c.obj
 .debug_abbrev  0x00001b8e      0x1e6 CMakeFiles/St1x.elf.dir/Drivers/STM32F1xx_HAL_Driver/Src/stm32f1xx_hal_gpio.c.obj
 .debug_abbrev  0x00001d74      0x293 CMakeFiles/St1x.elf.dir/Drivers/STM32F1xx_HAL_Driver/Src/stm32f1xx_hal_i2c.c.obj
 .debug_abbrev  0x00002007      0x2bd CMakeFiles/St1x.elf.dir/Drivers/STM32F1xx_HAL_Driver/Src/stm32f1xx_hal_pcd.c.obj
 .debug_abbrev  0x000022c4      0x193 CMakeFiles/St1x.elf.dir/Drivers/STM32F1xx_HAL_Driver/Src/stm32f1xx_hal_pcd_ex.c.obj
 .debug_abbrev  0x00002457      0x27a CMakeFiles/St1x.elf.dir/Drivers/STM32F1xx_HAL_Driver/Src/stm32f1xx_hal_rcc.c.obj
 .debug_abbrev  0x000026d1      0x1d2 CMakeFiles/St1x.elf.dir/Drivers/STM32F1xx_HAL_Driver/Src/stm32f1xx_hal_rcc_ex.c.obj
 .debug_abbrev  0x000028a3      0x23b CMakeFiles/St1x.elf.dir/Drivers/STM32F1xx_HAL_Driver/Src/stm32f1xx_hal_spi.c.obj
 .debug_abbrev  0x00002ade      0x23e CMakeFiles/St1x.elf.dir/Drivers/STM32F1xx_HAL_Driver/Src/stm32f1xx_hal_tim.c.obj
 .debug_abbrev  0x00002d1c      0x241 CMakeFiles/St1x.elf.dir/Drivers/STM32F1xx_HAL_Driver/Src/stm32f1xx_hal_tim_ex.c.obj
 .debug_abbrev  0x00002f5d      0x254 CMakeFiles/St1x.elf.dir/Drivers/STM32F1xx_HAL_Driver/Src/stm32f1xx_hal_uart.c.obj
 .debug_abbrev  0x000031b1      0x21f CMakeFiles/St1x.elf.dir/Drivers/STM32F1xx_HAL_Driver/Src/stm32f1xx_ll_usb.c.obj
 .debug_abbrev  0x000033d0      0x22f CMakeFiles/St1x.elf.dir/HW_Driver/LED.c.obj
 .debug_abbrev  0x000035ff      0x248 CMakeFiles/St1x.elf.dir/HW_Driver/key.c.obj
 .debug_abbrev  0x00003847      0x31a CMakeFiles/St1x.elf.dir/HW_Driver/oled.c.obj
 .debug_abbrev  0x00003b61      0x26a CMakeFiles/St1x.elf.dir/Middlewares/ST/STM32_USB_Device_Library/Class/CustomHID/Src/usbd_customhid.c.obj
 .debug_abbrev  0x00003dcb      0x24c CMakeFiles/St1x.elf.dir/Middlewares/ST/STM32_USB_Device_Library/Core/Src/usbd_core.c.obj
 .debug_abbrev  0x00004017      0x2bf CMakeFiles/St1x.elf.dir/Middlewares/ST/STM32_USB_Device_Library/Core/Src/usbd_ctlreq.c.obj
 .debug_abbrev  0x000042d6      0x17d CMakeFiles/St1x.elf.dir/Middlewares/ST/STM32_USB_Device_Library/Core/Src/usbd_ioreq.c.obj
 .debug_abbrev  0x00004453      0x18f CMakeFiles/St1x.elf.dir/USB_DEVICE/App/usb_device.c.obj
 .debug_abbrev  0x000045e2      0x13e CMakeFiles/St1x.elf.dir/USB_DEVICE/App/usbd_custom_hid_if.c.obj
 .debug_abbrev  0x00004720      0x1fe CMakeFiles/St1x.elf.dir/USB_DEVICE/App/usbd_desc.c.obj
 .debug_abbrev  0x0000491e      0x2da CMakeFiles/St1x.elf.dir/USB_DEVICE/Target/usbd_conf.c.obj

.debug_loc      0x00000000    0x196b4
 .debug_loc     0x00000000       0x71 CMakeFiles/St1x.elf.dir/Core/Src/adc.c.obj
 .debug_loc     0x00000071       0x67 CMakeFiles/St1x.elf.dir/Core/Src/i2c.c.obj
 .debug_loc     0x000000d8       0x71 CMakeFiles/St1x.elf.dir/Core/Src/spi.c.obj
 .debug_loc     0x00000149       0x15 CMakeFiles/St1x.elf.dir/Core/Src/stm32f1xx_hal_msp.c.obj
 .debug_loc     0x0000015e       0xff CMakeFiles/St1x.elf.dir/Core/Src/system_stm32f1xx.c.obj
 .debug_loc     0x0000025d      0x132 CMakeFiles/St1x.elf.dir/Core/Src/tim.c.obj
 .debug_loc     0x0000038f       0xa7 CMakeFiles/St1x.elf.dir/Core/Src/usart.c.obj
 .debug_loc     0x00000436      0x141 CMakeFiles/St1x.elf.dir/Drivers/STM32F1xx_HAL_Driver/Src/stm32f1xx_hal.c.obj
 .debug_loc     0x00000577      0xad9 CMakeFiles/St1x.elf.dir/Drivers/STM32F1xx_HAL_Driver/Src/stm32f1xx_hal_adc.c.obj
 .debug_loc     0x00001050      0x71f CMakeFiles/St1x.elf.dir/Drivers/STM32F1xx_HAL_Driver/Src/stm32f1xx_hal_cortex.c.obj
 .debug_loc     0x0000176f      0x7d1 CMakeFiles/St1x.elf.dir/Drivers/STM32F1xx_HAL_Driver/Src/stm32f1xx_hal_dma.c.obj
 .debug_loc     0x00001f40      0x47d CMakeFiles/St1x.elf.dir/Drivers/STM32F1xx_HAL_Driver/Src/stm32f1xx_hal_gpio.c.obj
 .debug_loc     0x000023bd     0x41a9 CMakeFiles/St1x.elf.dir/Drivers/STM32F1xx_HAL_Driver/Src/stm32f1xx_hal_i2c.c.obj
 .debug_loc     0x00006566     0x148f CMakeFiles/St1x.elf.dir/Drivers/STM32F1xx_HAL_Driver/Src/stm32f1xx_hal_pcd.c.obj
 .debug_loc     0x000079f5      0x11a CMakeFiles/St1x.elf.dir/Drivers/STM32F1xx_HAL_Driver/Src/stm32f1xx_hal_pcd_ex.c.obj
 .debug_loc     0x00007b0f      0x63e CMakeFiles/St1x.elf.dir/Drivers/STM32F1xx_HAL_Driver/Src/stm32f1xx_hal_rcc.c.obj
 .debug_loc     0x0000814d      0x3c8 CMakeFiles/St1x.elf.dir/Drivers/STM32F1xx_HAL_Driver/Src/stm32f1xx_hal_rcc_ex.c.obj
 .debug_loc     0x00008515     0x1d4e CMakeFiles/St1x.elf.dir/Drivers/STM32F1xx_HAL_Driver/Src/stm32f1xx_hal_spi.c.obj
 .debug_loc     0x0000a263     0x47a8 CMakeFiles/St1x.elf.dir/Drivers/STM32F1xx_HAL_Driver/Src/stm32f1xx_hal_tim.c.obj
 .debug_loc     0x0000ea0b     0x1ade CMakeFiles/St1x.elf.dir/Drivers/STM32F1xx_HAL_Driver/Src/stm32f1xx_hal_tim_ex.c.obj
 .debug_loc     0x000104e9     0x2037 CMakeFiles/St1x.elf.dir/Drivers/STM32F1xx_HAL_Driver/Src/stm32f1xx_hal_uart.c.obj
 .debug_loc     0x00012520     0x1c2e CMakeFiles/St1x.elf.dir/Drivers/STM32F1xx_HAL_Driver/Src/stm32f1xx_ll_usb.c.obj
 .debug_loc     0x0001414e      0x106 CMakeFiles/St1x.elf.dir/HW_Driver/LED.c.obj
 .debug_loc     0x00014254      0x7c0 CMakeFiles/St1x.elf.dir/HW_Driver/key.c.obj
 .debug_loc     0x00014a14     0x14eb CMakeFiles/St1x.elf.dir/HW_Driver/oled.c.obj
 .debug_loc     0x00015eff      0x85d CMakeFiles/St1x.elf.dir/Middlewares/ST/STM32_USB_Device_Library/Class/CustomHID/Src/usbd_customhid.c.obj
 .debug_loc     0x0001675c      0x96a CMakeFiles/St1x.elf.dir/Middlewares/ST/STM32_USB_Device_Library/Core/Src/usbd_core.c.obj
 .debug_loc     0x000170c6     0x1481 CMakeFiles/St1x.elf.dir/Middlewares/ST/STM32_USB_Device_Library/Core/Src/usbd_ctlreq.c.obj
 .debug_loc     0x00018547      0x284 CMakeFiles/St1x.elf.dir/Middlewares/ST/STM32_USB_Device_Library/Core/Src/usbd_ioreq.c.obj
 .debug_loc     0x000187cb       0x25 CMakeFiles/St1x.elf.dir/USB_DEVICE/App/usbd_custom_hid_if.c.obj
 .debug_loc     0x000187f0      0x38f CMakeFiles/St1x.elf.dir/USB_DEVICE/App/usbd_desc.c.obj
 .debug_loc     0x00018b7f      0xb35 CMakeFiles/St1x.elf.dir/USB_DEVICE/Target/usbd_conf.c.obj

.debug_aranges  0x00000000     0x19f8
 .debug_aranges
                0x00000000       0x30 CMakeFiles/St1x.elf.dir/Core/Src/adc.c.obj
 .debug_aranges
                0x00000030       0x20 CMakeFiles/St1x.elf.dir/Core/Src/dma.c.obj
 .debug_aranges
                0x00000050       0x20 CMakeFiles/St1x.elf.dir/Core/Src/gpio.c.obj
 .debug_aranges
                0x00000070       0x30 CMakeFiles/St1x.elf.dir/Core/Src/i2c.c.obj
 .debug_aranges
                0x000000a0       0x30 CMakeFiles/St1x.elf.dir/Core/Src/main.c.obj
 .debug_aranges
                0x000000d0       0x30 CMakeFiles/St1x.elf.dir/Core/Src/spi.c.obj
 .debug_aranges
                0x00000100       0x20 CMakeFiles/St1x.elf.dir/Core/Src/stm32f1xx_hal_msp.c.obj
 .debug_aranges
                0x00000120       0x98 CMakeFiles/St1x.elf.dir/Core/Src/stm32f1xx_it.c.obj
 .debug_aranges
                0x000001b8       0x28 CMakeFiles/St1x.elf.dir/Core/Src/system_stm32f1xx.c.obj
 .debug_aranges
                0x000001e0       0x50 CMakeFiles/St1x.elf.dir/Core/Src/tim.c.obj
 .debug_aranges
                0x00000230       0x38 CMakeFiles/St1x.elf.dir/Core/Src/usart.c.obj
 .debug_aranges
                0x00000268       0x28 CMakeFiles/St1x.elf.dir/Core/Startup/startup_stm32f103cbtx.s.obj
 .debug_aranges
                0x00000290       0xe0 CMakeFiles/St1x.elf.dir/Drivers/STM32F1xx_HAL_Driver/Src/stm32f1xx_hal.c.obj
 .debug_aranges
                0x00000370       0xf0 CMakeFiles/St1x.elf.dir/Drivers/STM32F1xx_HAL_Driver/Src/stm32f1xx_hal_adc.c.obj
 .debug_aranges
                0x00000460       0x90 CMakeFiles/St1x.elf.dir/Drivers/STM32F1xx_HAL_Driver/Src/stm32f1xx_hal_cortex.c.obj
 .debug_aranges
                0x000004f0       0x80 CMakeFiles/St1x.elf.dir/Drivers/STM32F1xx_HAL_Driver/Src/stm32f1xx_hal_dma.c.obj
 .debug_aranges
                0x00000570       0x58 CMakeFiles/St1x.elf.dir/Drivers/STM32F1xx_HAL_Driver/Src/stm32f1xx_hal_gpio.c.obj
 .debug_aranges
                0x000005c8      0x2a0 CMakeFiles/St1x.elf.dir/Drivers/STM32F1xx_HAL_Driver/Src/stm32f1xx_hal_i2c.c.obj
 .debug_aranges
                0x00000868      0x138 CMakeFiles/St1x.elf.dir/Drivers/STM32F1xx_HAL_Driver/Src/stm32f1xx_hal_pcd.c.obj
 .debug_aranges
                0x000009a0       0x38 CMakeFiles/St1x.elf.dir/Drivers/STM32F1xx_HAL_Driver/Src/stm32f1xx_hal_pcd_ex.c.obj
 .debug_aranges
                0x000009d8       0x90 CMakeFiles/St1x.elf.dir/Drivers/STM32F1xx_HAL_Driver/Src/stm32f1xx_hal_rcc.c.obj
 .debug_aranges
                0x00000a68       0x30 CMakeFiles/St1x.elf.dir/Drivers/STM32F1xx_HAL_Driver/Src/stm32f1xx_hal_rcc_ex.c.obj
 .debug_aranges
                0x00000a98      0x1d0 CMakeFiles/St1x.elf.dir/Drivers/STM32F1xx_HAL_Driver/Src/stm32f1xx_hal_spi.c.obj
 .debug_aranges
                0x00000c68      0x3d0 CMakeFiles/St1x.elf.dir/Drivers/STM32F1xx_HAL_Driver/Src/stm32f1xx_hal_tim.c.obj
 .debug_aranges
                0x00001038      0x168 CMakeFiles/St1x.elf.dir/Drivers/STM32F1xx_HAL_Driver/Src/stm32f1xx_hal_tim_ex.c.obj
 .debug_aranges
                0x000011a0      0x200 CMakeFiles/St1x.elf.dir/Drivers/STM32F1xx_HAL_Driver/Src/stm32f1xx_hal_uart.c.obj
 .debug_aranges
                0x000013a0       0xf0 CMakeFiles/St1x.elf.dir/Drivers/STM32F1xx_HAL_Driver/Src/stm32f1xx_ll_usb.c.obj
 .debug_aranges
                0x00001490       0x60 CMakeFiles/St1x.elf.dir/HW_Driver/LED.c.obj
 .debug_aranges
                0x000014f0       0x70 CMakeFiles/St1x.elf.dir/HW_Driver/key.c.obj
 .debug_aranges
                0x00001560       0xc8 CMakeFiles/St1x.elf.dir/HW_Driver/oled.c.obj
 .debug_aranges
                0x00001628       0x78 CMakeFiles/St1x.elf.dir/Middlewares/ST/STM32_USB_Device_Library/Class/CustomHID/Src/usbd_customhid.c.obj
 .debug_aranges
                0x000016a0       0xb8 CMakeFiles/St1x.elf.dir/Middlewares/ST/STM32_USB_Device_Library/Core/Src/usbd_core.c.obj
 .debug_aranges
                0x00001758       0x88 CMakeFiles/St1x.elf.dir/Middlewares/ST/STM32_USB_Device_Library/Core/Src/usbd_ctlreq.c.obj
 .debug_aranges
                0x000017e0       0x50 CMakeFiles/St1x.elf.dir/Middlewares/ST/STM32_USB_Device_Library/Core/Src/usbd_ioreq.c.obj
 .debug_aranges
                0x00001830       0x20 CMakeFiles/St1x.elf.dir/USB_DEVICE/App/usb_device.c.obj
 .debug_aranges
                0x00001850       0x30 CMakeFiles/St1x.elf.dir/USB_DEVICE/App/usbd_custom_hid_if.c.obj
 .debug_aranges
                0x00001880       0x60 CMakeFiles/St1x.elf.dir/USB_DEVICE/App/usbd_desc.c.obj
 .debug_aranges
                0x000018e0      0x118 CMakeFiles/St1x.elf.dir/USB_DEVICE/Target/usbd_conf.c.obj

.debug_ranges   0x00000000     0x1bf0
 .debug_ranges  0x00000000       0x20 CMakeFiles/St1x.elf.dir/Core/Src/adc.c.obj
 .debug_ranges  0x00000020       0x10 CMakeFiles/St1x.elf.dir/Core/Src/dma.c.obj
 .debug_ranges  0x00000030       0x10 CMakeFiles/St1x.elf.dir/Core/Src/gpio.c.obj
 .debug_ranges  0x00000040       0x20 CMakeFiles/St1x.elf.dir/Core/Src/i2c.c.obj
 .debug_ranges  0x00000060       0x20 CMakeFiles/St1x.elf.dir/Core/Src/main.c.obj
 .debug_ranges  0x00000080       0x20 CMakeFiles/St1x.elf.dir/Core/Src/spi.c.obj
 .debug_ranges  0x000000a0       0x10 CMakeFiles/St1x.elf.dir/Core/Src/stm32f1xx_hal_msp.c.obj
 .debug_ranges  0x000000b0       0x88 CMakeFiles/St1x.elf.dir/Core/Src/stm32f1xx_it.c.obj
 .debug_ranges  0x00000138       0x18 CMakeFiles/St1x.elf.dir/Core/Src/system_stm32f1xx.c.obj
 .debug_ranges  0x00000150       0x40 CMakeFiles/St1x.elf.dir/Core/Src/tim.c.obj
 .debug_ranges  0x00000190       0x28 CMakeFiles/St1x.elf.dir/Core/Src/usart.c.obj
 .debug_ranges  0x000001b8       0x20 CMakeFiles/St1x.elf.dir/Core/Startup/startup_stm32f103cbtx.s.obj
 .debug_ranges  0x000001d8       0xd0 CMakeFiles/St1x.elf.dir/Drivers/STM32F1xx_HAL_Driver/Src/stm32f1xx_hal.c.obj
 .debug_ranges  0x000002a8       0xe0 CMakeFiles/St1x.elf.dir/Drivers/STM32F1xx_HAL_Driver/Src/stm32f1xx_hal_adc.c.obj
 .debug_ranges  0x00000388       0xe0 CMakeFiles/St1x.elf.dir/Drivers/STM32F1xx_HAL_Driver/Src/stm32f1xx_hal_cortex.c.obj
 .debug_ranges  0x00000468       0x70 CMakeFiles/St1x.elf.dir/Drivers/STM32F1xx_HAL_Driver/Src/stm32f1xx_hal_dma.c.obj
 .debug_ranges  0x000004d8       0x48 CMakeFiles/St1x.elf.dir/Drivers/STM32F1xx_HAL_Driver/Src/stm32f1xx_hal_gpio.c.obj
 .debug_ranges  0x00000520      0x2a8 CMakeFiles/St1x.elf.dir/Drivers/STM32F1xx_HAL_Driver/Src/stm32f1xx_hal_i2c.c.obj
 .debug_ranges  0x000007c8      0x208 CMakeFiles/St1x.elf.dir/Drivers/STM32F1xx_HAL_Driver/Src/stm32f1xx_hal_pcd.c.obj
 .debug_ranges  0x000009d0       0x28 CMakeFiles/St1x.elf.dir/Drivers/STM32F1xx_HAL_Driver/Src/stm32f1xx_hal_pcd_ex.c.obj
 .debug_ranges  0x000009f8       0xa0 CMakeFiles/St1x.elf.dir/Drivers/STM32F1xx_HAL_Driver/Src/stm32f1xx_hal_rcc.c.obj
 .debug_ranges  0x00000a98       0x38 CMakeFiles/St1x.elf.dir/Drivers/STM32F1xx_HAL_Driver/Src/stm32f1xx_hal_rcc_ex.c.obj
 .debug_ranges  0x00000ad0      0x1c0 CMakeFiles/St1x.elf.dir/Drivers/STM32F1xx_HAL_Driver/Src/stm32f1xx_hal_spi.c.obj
 .debug_ranges  0x00000c90      0x3c0 CMakeFiles/St1x.elf.dir/Drivers/STM32F1xx_HAL_Driver/Src/stm32f1xx_hal_tim.c.obj
 .debug_ranges  0x00001050      0x158 CMakeFiles/St1x.elf.dir/Drivers/STM32F1xx_HAL_Driver/Src/stm32f1xx_hal_tim_ex.c.obj
 .debug_ranges  0x000011a8      0x1f0 CMakeFiles/St1x.elf.dir/Drivers/STM32F1xx_HAL_Driver/Src/stm32f1xx_hal_uart.c.obj
 .debug_ranges  0x00001398      0x3a0 CMakeFiles/St1x.elf.dir/Drivers/STM32F1xx_HAL_Driver/Src/stm32f1xx_ll_usb.c.obj
 .debug_ranges  0x00001738       0x50 CMakeFiles/St1x.elf.dir/HW_Driver/LED.c.obj
 .debug_ranges  0x00001788       0x60 CMakeFiles/St1x.elf.dir/HW_Driver/key.c.obj
 .debug_ranges  0x000017e8       0xb8 CMakeFiles/St1x.elf.dir/HW_Driver/oled.c.obj
 .debug_ranges  0x000018a0       0x68 CMakeFiles/St1x.elf.dir/Middlewares/ST/STM32_USB_Device_Library/Class/CustomHID/Src/usbd_customhid.c.obj
 .debug_ranges  0x00001908       0xa8 CMakeFiles/St1x.elf.dir/Middlewares/ST/STM32_USB_Device_Library/Core/Src/usbd_core.c.obj
 .debug_ranges  0x000019b0       0x78 CMakeFiles/St1x.elf.dir/Middlewares/ST/STM32_USB_Device_Library/Core/Src/usbd_ctlreq.c.obj
 .debug_ranges  0x00001a28       0x40 CMakeFiles/St1x.elf.dir/Middlewares/ST/STM32_USB_Device_Library/Core/Src/usbd_ioreq.c.obj
 .debug_ranges  0x00001a68       0x10 CMakeFiles/St1x.elf.dir/USB_DEVICE/App/usb_device.c.obj
 .debug_ranges  0x00001a78       0x20 CMakeFiles/St1x.elf.dir/USB_DEVICE/App/usbd_custom_hid_if.c.obj
 .debug_ranges  0x00001a98       0x50 CMakeFiles/St1x.elf.dir/USB_DEVICE/App/usbd_desc.c.obj
 .debug_ranges  0x00001ae8      0x108 CMakeFiles/St1x.elf.dir/USB_DEVICE/Target/usbd_conf.c.obj

.debug_line     0x00000000    0x1d7a8
 .debug_line    0x00000000      0x3a8 CMakeFiles/St1x.elf.dir/Core/Src/adc.c.obj
 .debug_line    0x000003a8      0x1ad CMakeFiles/St1x.elf.dir/Core/Src/dma.c.obj
 .debug_line    0x00000555      0x2a8 CMakeFiles/St1x.elf.dir/Core/Src/gpio.c.obj
 .debug_line    0x000007fd      0x2f7 CMakeFiles/St1x.elf.dir/Core/Src/i2c.c.obj
 .debug_line    0x00000af4      0x483 CMakeFiles/St1x.elf.dir/Core/Src/main.c.obj
 .debug_line    0x00000f77      0x3d3 CMakeFiles/St1x.elf.dir/Core/Src/spi.c.obj
 .debug_line    0x0000134a      0x16e CMakeFiles/St1x.elf.dir/Core/Src/stm32f1xx_hal_msp.c.obj